<?xml version="1.0" encoding="ISO-8859-1" ?>
<link_info>
   <banner>MSP430 Linker PC v20.2.4.LTS</banner>
   <copyright>Copyright (c) 2003-2018 Texas Instruments Incorporated</copyright>
   <link_time>0x60edfa21</link_time>
   <link_errors>0x0</link_errors>
   <output_file>LoRaV2.out</output_file>
   <entry_point>
      <name>_c_int00_noargs_mpu</name>
      <address>0x9048</address>
   </entry_point>
   <input_file_list>
      <input_file id="fl-2">
         <path>.\</path>
         <kind>object</kind>
         <file>main.obj</file>
         <name>main.obj</name>
      </input_file>
      <input_file id="fl-8">
         <kind>object</kind>
         <file>&lt;internal&gt;</file>
         <name>&lt;internal&gt;</name>
      </input_file>
      <input_file id="fl-23">
         <path>C:\ti\ccs1031\ccs\tools\compiler\ti-cgt-msp430_20.2.4.LTS\lib\</path>
         <kind>archive</kind>
         <file>rts430x_lc_sd_eabi.lib</file>
         <name>copy_decompress_lzss.c.obj</name>
      </input_file>
      <input_file id="fl-24">
         <path>C:\ti\ccs1031\ccs\tools\compiler\ti-cgt-msp430_20.2.4.LTS\lib\</path>
         <kind>archive</kind>
         <file>rts430x_lc_sd_eabi.lib</file>
         <name>copy_decompress_none.c.obj</name>
      </input_file>
      <input_file id="fl-25">
         <path>C:\ti\ccs1031\ccs\tools\compiler\ti-cgt-msp430_20.2.4.LTS\lib\</path>
         <kind>archive</kind>
         <file>rts430x_lc_sd_eabi.lib</file>
         <name>int22.asm.obj</name>
      </input_file>
      <input_file id="fl-26">
         <path>C:\ti\ccs1031\ccs\tools\compiler\ti-cgt-msp430_20.2.4.LTS\lib\</path>
         <kind>archive</kind>
         <file>rts430x_lc_sd_eabi.lib</file>
         <name>isr_trap.asm.obj</name>
      </input_file>
      <input_file id="fl-27">
         <path>C:\ti\ccs1031\ccs\tools\compiler\ti-cgt-msp430_20.2.4.LTS\lib\</path>
         <kind>archive</kind>
         <file>rts430x_lc_sd_eabi.lib</file>
         <name>int23.asm.obj</name>
      </input_file>
      <input_file id="fl-28">
         <path>C:\ti\ccs1031\ccs\tools\compiler\ti-cgt-msp430_20.2.4.LTS\lib\</path>
         <kind>archive</kind>
         <file>rts430x_lc_sd_eabi.lib</file>
         <name>int24.asm.obj</name>
      </input_file>
      <input_file id="fl-29">
         <path>C:\ti\ccs1031\ccs\tools\compiler\ti-cgt-msp430_20.2.4.LTS\lib\</path>
         <kind>archive</kind>
         <file>rts430x_lc_sd_eabi.lib</file>
         <name>int25.asm.obj</name>
      </input_file>
      <input_file id="fl-2a">
         <path>C:\ti\ccs1031\ccs\tools\compiler\ti-cgt-msp430_20.2.4.LTS\lib\</path>
         <kind>archive</kind>
         <file>rts430x_lc_sd_eabi.lib</file>
         <name>int26.asm.obj</name>
      </input_file>
      <input_file id="fl-2b">
         <path>C:\ti\ccs1031\ccs\tools\compiler\ti-cgt-msp430_20.2.4.LTS\lib\</path>
         <kind>archive</kind>
         <file>rts430x_lc_sd_eabi.lib</file>
         <name>int27.asm.obj</name>
      </input_file>
      <input_file id="fl-2c">
         <path>C:\ti\ccs1031\ccs\tools\compiler\ti-cgt-msp430_20.2.4.LTS\lib\</path>
         <kind>archive</kind>
         <file>rts430x_lc_sd_eabi.lib</file>
         <name>int28.asm.obj</name>
      </input_file>
      <input_file id="fl-2d">
         <path>C:\ti\ccs1031\ccs\tools\compiler\ti-cgt-msp430_20.2.4.LTS\lib\</path>
         <kind>archive</kind>
         <file>rts430x_lc_sd_eabi.lib</file>
         <name>int29.asm.obj</name>
      </input_file>
      <input_file id="fl-2e">
         <path>C:\ti\ccs1031\ccs\tools\compiler\ti-cgt-msp430_20.2.4.LTS\lib\</path>
         <kind>archive</kind>
         <file>rts430x_lc_sd_eabi.lib</file>
         <name>int30.asm.obj</name>
      </input_file>
      <input_file id="fl-2f">
         <path>C:\ti\ccs1031\ccs\tools\compiler\ti-cgt-msp430_20.2.4.LTS\lib\</path>
         <kind>archive</kind>
         <file>rts430x_lc_sd_eabi.lib</file>
         <name>int31.asm.obj</name>
      </input_file>
      <input_file id="fl-30">
         <path>C:\ti\ccs1031\ccs\tools\compiler\ti-cgt-msp430_20.2.4.LTS\lib\</path>
         <kind>archive</kind>
         <file>rts430x_lc_sd_eabi.lib</file>
         <name>int32.asm.obj</name>
      </input_file>
      <input_file id="fl-31">
         <path>C:\ti\ccs1031\ccs\tools\compiler\ti-cgt-msp430_20.2.4.LTS\lib\</path>
         <kind>archive</kind>
         <file>rts430x_lc_sd_eabi.lib</file>
         <name>int34.asm.obj</name>
      </input_file>
      <input_file id="fl-32">
         <path>C:\ti\ccs1031\ccs\tools\compiler\ti-cgt-msp430_20.2.4.LTS\lib\</path>
         <kind>archive</kind>
         <file>rts430x_lc_sd_eabi.lib</file>
         <name>int35.asm.obj</name>
      </input_file>
      <input_file id="fl-33">
         <path>C:\ti\ccs1031\ccs\tools\compiler\ti-cgt-msp430_20.2.4.LTS\lib\</path>
         <kind>archive</kind>
         <file>rts430x_lc_sd_eabi.lib</file>
         <name>int36.asm.obj</name>
      </input_file>
      <input_file id="fl-34">
         <path>C:\ti\ccs1031\ccs\tools\compiler\ti-cgt-msp430_20.2.4.LTS\lib\</path>
         <kind>archive</kind>
         <file>rts430x_lc_sd_eabi.lib</file>
         <name>int37.asm.obj</name>
      </input_file>
      <input_file id="fl-35">
         <path>C:\ti\ccs1031\ccs\tools\compiler\ti-cgt-msp430_20.2.4.LTS\lib\</path>
         <kind>archive</kind>
         <file>rts430x_lc_sd_eabi.lib</file>
         <name>int38.asm.obj</name>
      </input_file>
      <input_file id="fl-36">
         <path>C:\ti\ccs1031\ccs\tools\compiler\ti-cgt-msp430_20.2.4.LTS\lib\</path>
         <kind>archive</kind>
         <file>rts430x_lc_sd_eabi.lib</file>
         <name>int39.asm.obj</name>
      </input_file>
      <input_file id="fl-37">
         <path>C:\ti\ccs1031\ccs\tools\compiler\ti-cgt-msp430_20.2.4.LTS\lib\</path>
         <kind>archive</kind>
         <file>rts430x_lc_sd_eabi.lib</file>
         <name>int40.asm.obj</name>
      </input_file>
      <input_file id="fl-38">
         <path>C:\ti\ccs1031\ccs\tools\compiler\ti-cgt-msp430_20.2.4.LTS\lib\</path>
         <kind>archive</kind>
         <file>rts430x_lc_sd_eabi.lib</file>
         <name>int41.asm.obj</name>
      </input_file>
      <input_file id="fl-39">
         <path>C:\ti\ccs1031\ccs\tools\compiler\ti-cgt-msp430_20.2.4.LTS\lib\</path>
         <kind>archive</kind>
         <file>rts430x_lc_sd_eabi.lib</file>
         <name>int42.asm.obj</name>
      </input_file>
      <input_file id="fl-3a">
         <path>C:\ti\ccs1031\ccs\tools\compiler\ti-cgt-msp430_20.2.4.LTS\lib\</path>
         <kind>archive</kind>
         <file>rts430x_lc_sd_eabi.lib</file>
         <name>int43.asm.obj</name>
      </input_file>
      <input_file id="fl-3b">
         <path>C:\ti\ccs1031\ccs\tools\compiler\ti-cgt-msp430_20.2.4.LTS\lib\</path>
         <kind>archive</kind>
         <file>rts430x_lc_sd_eabi.lib</file>
         <name>int44.asm.obj</name>
      </input_file>
      <input_file id="fl-3c">
         <path>C:\ti\ccs1031\ccs\tools\compiler\ti-cgt-msp430_20.2.4.LTS\lib\</path>
         <kind>archive</kind>
         <file>rts430x_lc_sd_eabi.lib</file>
         <name>int45.asm.obj</name>
      </input_file>
      <input_file id="fl-3d">
         <path>C:\ti\ccs1031\ccs\tools\compiler\ti-cgt-msp430_20.2.4.LTS\lib\</path>
         <kind>archive</kind>
         <file>rts430x_lc_sd_eabi.lib</file>
         <name>copy_zero_init.c.obj</name>
      </input_file>
      <input_file id="fl-3e">
         <path>C:\ti\ccs1031\ccs\tools\compiler\ti-cgt-msp430_20.2.4.LTS\lib\</path>
         <kind>archive</kind>
         <file>rts430x_lc_sd_eabi.lib</file>
         <name>cpy_util.asm.obj</name>
      </input_file>
      <input_file id="fl-3f">
         <path>C:\ti\ccs1031\ccs\tools\compiler\ti-cgt-msp430_20.2.4.LTS\lib\</path>
         <kind>archive</kind>
         <file>rts430x_lc_sd_eabi.lib</file>
         <name>mult16_f5hw.asm.obj</name>
      </input_file>
      <input_file id="fl-40">
         <path>C:\ti\ccs1031\ccs\tools\compiler\ti-cgt-msp430_20.2.4.LTS\lib\</path>
         <kind>archive</kind>
         <file>rts430x_lc_sd_eabi.lib</file>
         <name>mult32.asm.obj</name>
      </input_file>
      <input_file id="fl-41">
         <path>C:\ti\ccs1031\ccs\tools\compiler\ti-cgt-msp430_20.2.4.LTS\lib\</path>
         <kind>archive</kind>
         <file>rts430x_lc_sd_eabi.lib</file>
         <name>mult32_f5hw.asm.obj</name>
      </input_file>
      <input_file id="fl-42">
         <path>C:\ti\ccs1031\ccs\tools\compiler\ti-cgt-msp430_20.2.4.LTS\lib\</path>
         <kind>archive</kind>
         <file>rts430x_lc_sd_eabi.lib</file>
         <name>mult64.asm.obj</name>
      </input_file>
      <input_file id="fl-43">
         <path>C:\ti\ccs1031\ccs\tools\compiler\ti-cgt-msp430_20.2.4.LTS\lib\</path>
         <kind>archive</kind>
         <file>rts430x_lc_sd_eabi.lib</file>
         <name>mult64_f5hw.asm.obj</name>
      </input_file>
      <input_file id="fl-44">
         <path>C:\ti\ccs1031\ccs\tools\compiler\ti-cgt-msp430_20.2.4.LTS\lib\</path>
         <kind>archive</kind>
         <file>rts430x_lc_sd_eabi.lib</file>
         <name>mult1632_f5hw.asm.obj</name>
      </input_file>
      <input_file id="fl-45">
         <path>C:\ti\ccs1031\ccs\tools\compiler\ti-cgt-msp430_20.2.4.LTS\lib\</path>
         <kind>archive</kind>
         <file>rts430x_lc_sd_eabi.lib</file>
         <name>mult3264_f5hw.asm.obj</name>
      </input_file>
      <input_file id="fl-46">
         <path>C:\ti\ccs1031\ccs\tools\compiler\ti-cgt-msp430_20.2.4.LTS\lib\</path>
         <kind>archive</kind>
         <file>rts430x_lc_sd_eabi.lib</file>
         <name>mult1632.asm.obj</name>
      </input_file>
      <input_file id="fl-47">
         <path>C:\ti\ccs1031\ccs\tools\compiler\ti-cgt-msp430_20.2.4.LTS\lib\</path>
         <kind>archive</kind>
         <file>rts430x_lc_sd_eabi.lib</file>
         <name>lsl32.asm.obj</name>
      </input_file>
      <input_file id="fl-48">
         <path>C:\ti\ccs1031\ccs\tools\compiler\ti-cgt-msp430_20.2.4.LTS\lib\</path>
         <kind>archive</kind>
         <file>rts430x_lc_sd_eabi.lib</file>
         <name>lsl64.c.obj</name>
      </input_file>
      <input_file id="fl-49">
         <path>C:\ti\ccs1031\ccs\tools\compiler\ti-cgt-msp430_20.2.4.LTS\lib\</path>
         <kind>archive</kind>
         <file>rts430x_lc_sd_eabi.lib</file>
         <name>asr32.asm.obj</name>
      </input_file>
      <input_file id="fl-4a">
         <path>C:\ti\ccs1031\ccs\tools\compiler\ti-cgt-msp430_20.2.4.LTS\lib\</path>
         <kind>archive</kind>
         <file>rts430x_lc_sd_eabi.lib</file>
         <name>asr64.c.obj</name>
      </input_file>
      <input_file id="fl-4b">
         <path>C:\ti\ccs1031\ccs\tools\compiler\ti-cgt-msp430_20.2.4.LTS\lib\</path>
         <kind>archive</kind>
         <file>rts430x_lc_sd_eabi.lib</file>
         <name>lsr32.asm.obj</name>
      </input_file>
      <input_file id="fl-4c">
         <path>C:\ti\ccs1031\ccs\tools\compiler\ti-cgt-msp430_20.2.4.LTS\lib\</path>
         <kind>archive</kind>
         <file>rts430x_lc_sd_eabi.lib</file>
         <name>boot.c.obj</name>
      </input_file>
      <input_file id="fl-4d">
         <path>C:\ti\ccs1031\ccs\ccs_base\msp430\lib\FR2xx\</path>
         <kind>archive</kind>
         <file>FRWP_INIT_LIB_CCS_msp430_large_code_small_data.lib</file>
         <name>frwp_init.obj</name>
      </input_file>
      <input_file id="fl-4e">
         <path>C:\ti\ccs1031\ccs\tools\compiler\ti-cgt-msp430_20.2.4.LTS\lib\</path>
         <kind>archive</kind>
         <file>rts430x_lc_sd_eabi.lib</file>
         <name>args_main.c.obj</name>
      </input_file>
      <input_file id="fl-4f">
         <path>C:\ti\ccs1031\ccs\tools\compiler\ti-cgt-msp430_20.2.4.LTS\lib\</path>
         <kind>archive</kind>
         <file>rts430x_lc_sd_eabi.lib</file>
         <name>autoinit.c.obj</name>
      </input_file>
      <input_file id="fl-50">
         <path>C:\ti\ccs1031\ccs\tools\compiler\ti-cgt-msp430_20.2.4.LTS\lib\</path>
         <kind>archive</kind>
         <file>rts430x_lc_sd_eabi.lib</file>
         <name>startup.c.obj</name>
      </input_file>
      <input_file id="fl-51">
         <path>C:\ti\ccs1031\ccs\tools\compiler\ti-cgt-msp430_20.2.4.LTS\lib\</path>
         <kind>archive</kind>
         <file>rts430x_lc_sd_eabi.lib</file>
         <name>pre_init.c.obj</name>
      </input_file>
      <input_file id="fl-52">
         <path>C:\ti\ccs1031\ccs\tools\compiler\ti-cgt-msp430_20.2.4.LTS\lib\</path>
         <kind>archive</kind>
         <file>rts430x_lc_sd_eabi.lib</file>
         <name>cpy_tbl.c.obj</name>
      </input_file>
      <input_file id="fl-53">
         <path>C:\ti\ccs1031\ccs\tools\compiler\ti-cgt-msp430_20.2.4.LTS\lib\</path>
         <kind>archive</kind>
         <file>rts430x_lc_sd_eabi.lib</file>
         <name>mult16.asm.obj</name>
      </input_file>
      <input_file id="fl-54">
         <path>C:\ti\ccs1031\ccs\tools\compiler\ti-cgt-msp430_20.2.4.LTS\lib\</path>
         <kind>archive</kind>
         <file>rts430x_lc_sd_eabi.lib</file>
         <name>exit.c.obj</name>
      </input_file>
      <input_file id="fl-55">
         <path>C:\ti\ccs1031\ccs\tools\compiler\ti-cgt-msp430_20.2.4.LTS\lib\</path>
         <kind>archive</kind>
         <file>rts430x_lc_sd_eabi.lib</file>
         <name>exit_gvars.c.obj</name>
      </input_file>
      <input_file id="fl-56">
         <path>C:\ti\ccs1031\ccs\tools\compiler\ti-cgt-msp430_20.2.4.LTS\lib\</path>
         <kind>archive</kind>
         <file>rts430x_lc_sd_eabi.lib</file>
         <name>_lock.c.obj</name>
      </input_file>
      <input_file id="fl-57">
         <path>C:\ti\ccs1031\ccs\tools\compiler\ti-cgt-msp430_20.2.4.LTS\lib\</path>
         <kind>archive</kind>
         <file>rts430x_lc_sd_eabi.lib</file>
         <name>memcpy.c.obj</name>
      </input_file>
   </input_file_list>
   <object_component_list>
      <object_component id="oc-6d8">
         <name>.cinit..data.load</name>
         <load_address>0x8000</load_address>
         <run_address>0x8000</run_address>
         <size>0x65</size>
      </object_component>
      <object_component id="oc-6d5">
         <name>__TI_handler_table</name>
         <load_address>0x8066</load_address>
         <run_address>0x8066</run_address>
         <size>0xc</size>
      </object_component>
      <object_component id="oc-6d7">
         <name>.cinit..bss.load</name>
         <load_address>0x8072</load_address>
         <run_address>0x8072</run_address>
         <size>0x6</size>
      </object_component>
      <object_component id="oc-6d6">
         <name>__TI_cinit_table</name>
         <load_address>0x8078</load_address>
         <run_address>0x8078</run_address>
         <size>0x10</size>
      </object_component>
      <object_component id="oc-675">
         <name>.binit</name>
         <load_address>0x8088</load_address>
         <run_address>0x8088</run_address>
         <size>0x0</size>
      </object_component>
      <object_component id="oc-49b">
         <name>.text:main</name>
         <load_address>0x8088</load_address>
         <run_address>0x8088</run_address>
         <size>0x5ea</size>
         <input_file_ref idref="fl-2"/>
      </object_component>
      <object_component id="oc-525">
         <name>.text:convert_pressure</name>
         <load_address>0x8672</load_address>
         <run_address>0x8672</run_address>
         <size>0x18c</size>
         <input_file_ref idref="fl-2"/>
      </object_component>
      <object_component id="oc-66">
         <name>.text:decompress:lzss:__TI_decompress_lzss</name>
         <load_address>0x87fe</load_address>
         <run_address>0x87fe</run_address>
         <size>0xee</size>
         <input_file_ref idref="fl-23"/>
      </object_component>
      <object_component id="oc-4e9">
         <name>.text:get_pressure_coeff</name>
         <load_address>0x88ec</load_address>
         <run_address>0x88ec</run_address>
         <size>0x6c</size>
         <input_file_ref idref="fl-2"/>
      </object_component>
      <object_component id="oc-55c">
         <name>.text:__TI_auto_init_nobinit_nopinit_hold_wdt:__TI_auto_init_nobinit_nopinit_hold_wdt</name>
         <load_address>0x8958</load_address>
         <run_address>0x8958</run_address>
         <size>0x6a</size>
         <input_file_ref idref="fl-4f"/>
      </object_component>
      <object_component id="oc-591">
         <name>.text:i2c_read_ack</name>
         <load_address>0x89c2</load_address>
         <run_address>0x89c2</run_address>
         <size>0x66</size>
         <input_file_ref idref="fl-2"/>
      </object_component>
      <object_component id="oc-57e">
         <name>.text:i2c_start</name>
         <load_address>0x8a28</load_address>
         <run_address>0x8a28</run_address>
         <size>0x62</size>
         <input_file_ref idref="fl-2"/>
      </object_component>
      <object_component id="oc-59a">
         <name>.text:i2c_rx</name>
         <load_address>0x8a8a</load_address>
         <run_address>0x8a8a</run_address>
         <size>0x60</size>
         <input_file_ref idref="fl-2"/>
      </object_component>
      <object_component id="oc-5dd">
         <name>.text:__mpyll</name>
         <load_address>0x8aea</load_address>
         <run_address>0x8aea</run_address>
         <size>0x5c</size>
         <input_file_ref idref="fl-43"/>
      </object_component>
      <object_component id="oc-51e">
         <name>.text:i2c_rx_pressure</name>
         <load_address>0x8b46</load_address>
         <run_address>0x8b46</run_address>
         <size>0x48</size>
         <input_file_ref idref="fl-2"/>
      </object_component>
      <object_component id="oc-4dd">
         <name>.text:i2c_stop</name>
         <load_address>0x8b8e</load_address>
         <run_address>0x8b8e</run_address>
         <size>0x44</size>
         <input_file_ref idref="fl-2"/>
      </object_component>
      <object_component id="oc-5a7">
         <name>.text:i2c_nack</name>
         <load_address>0x8bd2</load_address>
         <run_address>0x8bd2</run_address>
         <size>0x42</size>
         <input_file_ref idref="fl-2"/>
      </object_component>
      <object_component id="oc-42b">
         <name>.text:__memcpy_far</name>
         <load_address>0x8c14</load_address>
         <run_address>0x8c14</run_address>
         <size>0x40</size>
         <input_file_ref idref="fl-3e"/>
      </object_component>
      <object_component id="oc-5d7">
         <name>.text:__mspabi_srall</name>
         <load_address>0x8c54</load_address>
         <run_address>0x8c54</run_address>
         <size>0x40</size>
         <input_file_ref idref="fl-4a"/>
      </object_component>
      <object_component id="oc-4f4">
         <name>.text:UART_config_GPS_msgs</name>
         <load_address>0x8c94</load_address>
         <run_address>0x8c94</run_address>
         <size>0x3e</size>
         <input_file_ref idref="fl-2"/>
      </object_component>
      <object_component id="oc-442">
         <name>.text:decompress:ZI:__TI_zero_init_nomemset:__TI_zero_init_nomemset</name>
         <load_address>0x8cd2</load_address>
         <run_address>0x8cd2</run_address>
         <size>0x3e</size>
         <input_file_ref idref="fl-3d"/>
      </object_component>
      <object_component id="oc-5c6">
         <name>.text:l_asr_const</name>
         <load_address>0x8d10</load_address>
         <run_address>0x8d10</run_address>
         <size>0x3e</size>
         <input_file_ref idref="fl-49"/>
      </object_component>
      <object_component id="oc-5bf">
         <name>.text:l_lsl_const</name>
         <load_address>0x8d4e</load_address>
         <run_address>0x8d4e</run_address>
         <size>0x3e</size>
         <input_file_ref idref="fl-47"/>
      </object_component>
      <object_component id="oc-531">
         <name>.text:l_lsr_const</name>
         <load_address>0x8d8c</load_address>
         <run_address>0x8d8c</run_address>
         <size>0x3e</size>
         <input_file_ref idref="fl-4b"/>
      </object_component>
      <object_component id="oc-4ad">
         <name>.text:__mpu_init</name>
         <load_address>0x8dca</load_address>
         <run_address>0x8dca</run_address>
         <size>0x3c</size>
         <input_file_ref idref="fl-4d"/>
      </object_component>
      <object_component id="oc-6c">
         <name>.text:decompress:none:__TI_decompress_none</name>
         <load_address>0x8e06</load_address>
         <run_address>0x8e06</run_address>
         <size>0x3c</size>
         <input_file_ref idref="fl-24"/>
      </object_component>
      <object_component id="oc-5a1">
         <name>.text:i2c_ack</name>
         <load_address>0x8e42</load_address>
         <run_address>0x8e42</run_address>
         <size>0x3c</size>
         <input_file_ref idref="fl-2"/>
      </object_component>
      <object_component id="oc-5d0">
         <name>.text:__mspabi_sllll</name>
         <load_address>0x8e7e</load_address>
         <run_address>0x8e7e</run_address>
         <size>0x3a</size>
         <input_file_ref idref="fl-48"/>
      </object_component>
      <object_component id="oc-619">
         <name>.text:i2c_clock_cycle</name>
         <load_address>0x8eb8</load_address>
         <run_address>0x8eb8</run_address>
         <size>0x2a</size>
         <input_file_ref idref="fl-2"/>
      </object_component>
      <object_component id="oc-513">
         <name>.text:read_accel</name>
         <load_address>0x8ee2</load_address>
         <run_address>0x8ee2</run_address>
         <size>0x2a</size>
         <input_file_ref idref="fl-2"/>
      </object_component>
      <object_component id="oc-4d7">
         <name>.text:i2c_tx</name>
         <load_address>0x8f0c</load_address>
         <run_address>0x8f0c</run_address>
         <size>0x28</size>
         <input_file_ref idref="fl-2"/>
      </object_component>
      <object_component id="oc-50b">
         <name>.text:read_temp</name>
         <load_address>0x8f34</load_address>
         <run_address>0x8f34</run_address>
         <size>0x26</size>
         <input_file_ref idref="fl-2"/>
      </object_component>
      <object_component id="oc-5cb">
         <name>.text</name>
         <load_address>0x8f5a</load_address>
         <run_address>0x8f5a</run_address>
         <size>0x24</size>
         <input_file_ref idref="fl-41"/>
      </object_component>
      <object_component id="oc-4cb">
         <name>.text:SPI_tx</name>
         <load_address>0x8f7e</load_address>
         <run_address>0x8f7e</run_address>
         <size>0x22</size>
         <input_file_ref idref="fl-2"/>
      </object_component>
      <object_component id="oc-52b">
         <name>.text:SPI_tx_two_bytes</name>
         <load_address>0x8fa0</load_address>
         <run_address>0x8fa0</run_address>
         <size>0x20</size>
         <input_file_ref idref="fl-2"/>
      </object_component>
      <object_component id="oc-4e3">
         <name>.text:i2c_tx_pressure</name>
         <load_address>0x8fc0</load_address>
         <run_address>0x8fc0</run_address>
         <size>0x18</size>
         <input_file_ref idref="fl-2"/>
      </object_component>
      <object_component id="oc-4c4">
         <name>.text:delay</name>
         <load_address>0x8fd8</load_address>
         <run_address>0x8fd8</run_address>
         <size>0x12</size>
         <input_file_ref idref="fl-2"/>
      </object_component>
      <object_component id="oc-4d1">
         <name>.text:i2c_tx_address</name>
         <load_address>0x8fea</load_address>
         <run_address>0x8fea</run_address>
         <size>0xe</size>
         <input_file_ref idref="fl-2"/>
      </object_component>
      <object_component id="oc-58b">
         <name>.text:i2c_tx_high_bit</name>
         <load_address>0x8ff8</load_address>
         <run_address>0x8ff8</run_address>
         <size>0xc</size>
         <input_file_ref idref="fl-2"/>
      </object_component>
      <object_component id="oc-585">
         <name>.text:i2c_tx_low_bit</name>
         <load_address>0x9004</load_address>
         <run_address>0x9004</run_address>
         <size>0xc</size>
         <input_file_ref idref="fl-2"/>
      </object_component>
      <object_component id="oc-538">
         <name>.text:abort</name>
         <load_address>0x9010</load_address>
         <run_address>0x9010</run_address>
         <size>0x6</size>
         <input_file_ref idref="fl-54"/>
      </object_component>
      <object_component id="oc-495">
         <name>.text:_system_pre_init</name>
         <load_address>0x9016</load_address>
         <run_address>0x9016</run_address>
         <size>0x4</size>
         <input_file_ref idref="fl-51"/>
      </object_component>
      <object_component id="oc-5f7">
         <name>.text:_system_post_cinit</name>
         <load_address>0x901a</load_address>
         <run_address>0x901a</run_address>
         <size>0x2</size>
         <input_file_ref idref="fl-50"/>
      </object_component>
      <object_component id="oc-43c">
         <name>.text:_isr:EUSCI_A0_RX_ISR</name>
         <load_address>0x901c</load_address>
         <run_address>0x901c</run_address>
         <size>0x2c</size>
         <input_file_ref idref="fl-2"/>
      </object_component>
      <object_component id="oc-46c">
         <name>.text:_isr:_c_int00_noargs_mpu</name>
         <load_address>0x9048</load_address>
         <run_address>0x9048</run_address>
         <size>0x20</size>
         <input_file_ref idref="fl-4c"/>
      </object_component>
      <object_component id="oc-437">
         <name>.text:_isr:__TI_ISR_TRAP</name>
         <load_address>0x9068</load_address>
         <run_address>0x9068</run_address>
         <size>0x8</size>
         <input_file_ref idref="fl-26"/>
      </object_component>
      <object_component id="oc-50a">
         <name>.common:j</name>
         <uninitialized>true</uninitialized>
         <run_address>0x2179</run_address>
         <size>0x1</size>
      </object_component>
      <object_component id="oc-4f0">
         <name>.common:k</name>
         <uninitialized>true</uninitialized>
         <run_address>0x217a</run_address>
         <size>0x1</size>
      </object_component>
      <object_component id="oc-506">
         <name>.common:m</name>
         <uninitialized>true</uninitialized>
         <run_address>0x217b</run_address>
         <size>0x1</size>
      </object_component>
      <object_component id="oc-489">
         <name>.common:h</name>
         <uninitialized>true</uninitialized>
         <run_address>0x2178</run_address>
         <size>0x1</size>
      </object_component>
      <object_component id="oc-4ca">
         <name>.common:i</name>
         <uninitialized>true</uninitialized>
         <run_address>0x2174</run_address>
         <size>0x2</size>
      </object_component>
      <object_component id="oc-511">
         <name>.common:int_temp</name>
         <uninitialized>true</uninitialized>
         <run_address>0x2176</run_address>
         <size>0x2</size>
      </object_component>
      <object_component id="oc-512">
         <name>.common:ext_temp</name>
         <uninitialized>true</uninitialized>
         <run_address>0x2172</run_address>
         <size>0x2</size>
      </object_component>
      <object_component id="oc-519">
         <name>.common:accel_x</name>
         <uninitialized>true</uninitialized>
         <run_address>0x216e</run_address>
         <size>0x2</size>
      </object_component>
      <object_component id="oc-51a">
         <name>.common:accel_y</name>
         <uninitialized>true</uninitialized>
         <run_address>0x2170</run_address>
         <size>0x2</size>
      </object_component>
      <object_component id="oc-5a0">
         <name>.common:c</name>
         <uninitialized>true</uninitialized>
         <run_address>0x213c</run_address>
         <size>0x10</size>
      </object_component>
      <object_component id="oc-524">
         <name>.common:digital_press</name>
         <uninitialized>true</uninitialized>
         <run_address>0x2166</run_address>
         <size>0x4</size>
      </object_component>
      <object_component id="oc-5c5">
         <name>.common:dT</name>
         <uninitialized>true</uninitialized>
         <run_address>0x2162</run_address>
         <size>0x4</size>
      </object_component>
      <object_component id="oc-536">
         <name>.common:press_temp</name>
         <uninitialized>true</uninitialized>
         <run_address>0x216a</run_address>
         <size>0x4</size>
      </object_component>
      <object_component id="oc-5d6">
         <name>.common:OFF</name>
         <uninitialized>true</uninitialized>
         <run_address>0x215a</run_address>
         <size>0x8</size>
      </object_component>
      <object_component id="oc-48c">
         <name>.common:GPS_GNGGA</name>
         <uninitialized>true</uninitialized>
         <run_address>0x20d8</run_address>
         <size>0x64</size>
      </object_component>
      <object_component id="oc-4ef">
         <name>.common:LORA_PAYLOAD</name>
         <uninitialized>true</uninitialized>
         <run_address>0x214c</run_address>
         <size>0xe</size>
      </object_component>
      <object_component id="oc-51b">
         <name>.data</name>
         <load_address>0x20c2</load_address>
         <run_address>0x20c2</run_address>
         <size>0x16</size>
         <input_file_ref idref="fl-2"/>
      </object_component>
      <object_component id="oc-4f1">
         <name>.data:diable_GLL</name>
         <load_address>0x202c</load_address>
         <run_address>0x202c</run_address>
         <size>0x1d</size>
         <input_file_ref idref="fl-2"/>
      </object_component>
      <object_component id="oc-4fa">
         <name>.data:diable_GSV</name>
         <load_address>0x2068</load_address>
         <run_address>0x2068</run_address>
         <size>0x1d</size>
         <input_file_ref idref="fl-2"/>
      </object_component>
      <object_component id="oc-4fd">
         <name>.data:diable_GSA</name>
         <load_address>0x204a</load_address>
         <run_address>0x204a</run_address>
         <size>0x1d</size>
         <input_file_ref idref="fl-2"/>
      </object_component>
      <object_component id="oc-500">
         <name>.data:diable_VTG</name>
         <load_address>0x20a4</load_address>
         <run_address>0x20a4</run_address>
         <size>0x1d</size>
         <input_file_ref idref="fl-2"/>
      </object_component>
      <object_component id="oc-503">
         <name>.data:diable_RMC</name>
         <load_address>0x2086</load_address>
         <run_address>0x2086</run_address>
         <size>0x1d</size>
         <input_file_ref idref="fl-2"/>
      </object_component>
      <object_component id="oc-507">
         <name>.data:set_airborne_2g</name>
         <load_address>0x2000</load_address>
         <run_address>0x2000</run_address>
         <size>0x2c</size>
         <input_file_ref idref="fl-2"/>
      </object_component>
      <object_component id="oc-41c">
         <name>.stack</name>
         <uninitialized>true</uninitialized>
         <run_address>0x2f60</run_address>
         <size>0x2</size>
         <input_file_ref idref="fl-4c"/>
      </object_component>
      <object_component id="oc-6d9">
         <name>.stack</name>
         <uninitialized>true</uninitialized>
         <run_address>0x2f60</run_address>
         <size>0x0</size>
      </object_component>
      <object_component id="oc-72">
         <name>.int22</name>
         <load_address>0xffce</load_address>
         <run_address>0xffce</run_address>
         <size>0x2</size>
         <input_file_ref idref="fl-25"/>
      </object_component>
      <object_component id="oc-73">
         <name>.int23</name>
         <load_address>0xffd0</load_address>
         <run_address>0xffd0</run_address>
         <size>0x2</size>
         <input_file_ref idref="fl-27"/>
      </object_component>
      <object_component id="oc-74">
         <name>.int24</name>
         <load_address>0xffd2</load_address>
         <run_address>0xffd2</run_address>
         <size>0x2</size>
         <input_file_ref idref="fl-28"/>
      </object_component>
      <object_component id="oc-75">
         <name>.int25</name>
         <load_address>0xffd4</load_address>
         <run_address>0xffd4</run_address>
         <size>0x2</size>
         <input_file_ref idref="fl-29"/>
      </object_component>
      <object_component id="oc-76">
         <name>.int26</name>
         <load_address>0xffd6</load_address>
         <run_address>0xffd6</run_address>
         <size>0x2</size>
         <input_file_ref idref="fl-2a"/>
      </object_component>
      <object_component id="oc-77">
         <name>.int27</name>
         <load_address>0xffd8</load_address>
         <run_address>0xffd8</run_address>
         <size>0x2</size>
         <input_file_ref idref="fl-2b"/>
      </object_component>
      <object_component id="oc-78">
         <name>.int28</name>
         <load_address>0xffda</load_address>
         <run_address>0xffda</run_address>
         <size>0x2</size>
         <input_file_ref idref="fl-2c"/>
      </object_component>
      <object_component id="oc-79">
         <name>.int29</name>
         <load_address>0xffdc</load_address>
         <run_address>0xffdc</run_address>
         <size>0x2</size>
         <input_file_ref idref="fl-2d"/>
      </object_component>
      <object_component id="oc-7a">
         <name>.int30</name>
         <load_address>0xffde</load_address>
         <run_address>0xffde</run_address>
         <size>0x2</size>
         <input_file_ref idref="fl-2e"/>
      </object_component>
      <object_component id="oc-7b">
         <name>.int31</name>
         <load_address>0xffe0</load_address>
         <run_address>0xffe0</run_address>
         <size>0x2</size>
         <input_file_ref idref="fl-2f"/>
      </object_component>
      <object_component id="oc-7c">
         <name>.int32</name>
         <load_address>0xffe2</load_address>
         <run_address>0xffe2</run_address>
         <size>0x2</size>
         <input_file_ref idref="fl-30"/>
      </object_component>
      <object_component id="oc-7d">
         <name>.int33</name>
         <load_address>0xffe4</load_address>
         <run_address>0xffe4</run_address>
         <size>0x2</size>
         <input_file_ref idref="fl-2"/>
      </object_component>
      <object_component id="oc-7e">
         <name>.int34</name>
         <load_address>0xffe6</load_address>
         <run_address>0xffe6</run_address>
         <size>0x2</size>
         <input_file_ref idref="fl-31"/>
      </object_component>
      <object_component id="oc-7f">
         <name>.int35</name>
         <load_address>0xffe8</load_address>
         <run_address>0xffe8</run_address>
         <size>0x2</size>
         <input_file_ref idref="fl-32"/>
      </object_component>
      <object_component id="oc-80">
         <name>.int36</name>
         <load_address>0xffea</load_address>
         <run_address>0xffea</run_address>
         <size>0x2</size>
         <input_file_ref idref="fl-33"/>
      </object_component>
      <object_component id="oc-81">
         <name>.int37</name>
         <load_address>0xffec</load_address>
         <run_address>0xffec</run_address>
         <size>0x2</size>
         <input_file_ref idref="fl-34"/>
      </object_component>
      <object_component id="oc-82">
         <name>.int38</name>
         <load_address>0xffee</load_address>
         <run_address>0xffee</run_address>
         <size>0x2</size>
         <input_file_ref idref="fl-35"/>
      </object_component>
      <object_component id="oc-83">
         <name>.int39</name>
         <load_address>0xfff0</load_address>
         <run_address>0xfff0</run_address>
         <size>0x2</size>
         <input_file_ref idref="fl-36"/>
      </object_component>
      <object_component id="oc-84">
         <name>.int40</name>
         <load_address>0xfff2</load_address>
         <run_address>0xfff2</run_address>
         <size>0x2</size>
         <input_file_ref idref="fl-37"/>
      </object_component>
      <object_component id="oc-85">
         <name>.int41</name>
         <load_address>0xfff4</load_address>
         <run_address>0xfff4</run_address>
         <size>0x2</size>
         <input_file_ref idref="fl-38"/>
      </object_component>
      <object_component id="oc-86">
         <name>.int42</name>
         <load_address>0xfff6</load_address>
         <run_address>0xfff6</run_address>
         <size>0x2</size>
         <input_file_ref idref="fl-39"/>
      </object_component>
      <object_component id="oc-87">
         <name>.int43</name>
         <load_address>0xfff8</load_address>
         <run_address>0xfff8</run_address>
         <size>0x2</size>
         <input_file_ref idref="fl-3a"/>
      </object_component>
      <object_component id="oc-88">
         <name>.int44</name>
         <load_address>0xfffa</load_address>
         <run_address>0xfffa</run_address>
         <size>0x2</size>
         <input_file_ref idref="fl-3b"/>
      </object_component>
      <object_component id="oc-89">
         <name>.int45</name>
         <load_address>0xfffc</load_address>
         <run_address>0xfffc</run_address>
         <size>0x2</size>
         <input_file_ref idref="fl-3c"/>
      </object_component>
      <object_component id="oc-41f">
         <name>.reset</name>
         <load_address>0xfffe</load_address>
         <run_address>0xfffe</run_address>
         <size>0x2</size>
         <input_file_ref idref="fl-4c"/>
      </object_component>
      <object_component id="oc-48a">
         <name>.debug_info</name>
         <load_address>0x0</load_address>
         <run_address>0x0</run_address>
         <size>0x5a8</size>
         <input_file_ref idref="fl-2"/>
      </object_component>
      <object_component id="oc-51c">
         <name>.debug_info</name>
         <load_address>0x5a8</load_address>
         <run_address>0x5a8</run_address>
         <size>0x1b0</size>
         <input_file_ref idref="fl-2"/>
      </object_component>
      <object_component id="oc-4f2">
         <name>.debug_info</name>
         <load_address>0x758</load_address>
         <run_address>0x758</run_address>
         <size>0xf7</size>
         <input_file_ref idref="fl-2"/>
      </object_component>
      <object_component id="oc-4fb">
         <name>.debug_info</name>
         <load_address>0x84f</load_address>
         <run_address>0x84f</run_address>
         <size>0xf7</size>
         <input_file_ref idref="fl-2"/>
      </object_component>
      <object_component id="oc-4fe">
         <name>.debug_info</name>
         <load_address>0x946</load_address>
         <run_address>0x946</run_address>
         <size>0xf7</size>
         <input_file_ref idref="fl-2"/>
      </object_component>
      <object_component id="oc-501">
         <name>.debug_info</name>
         <load_address>0xa3d</load_address>
         <run_address>0xa3d</run_address>
         <size>0xf7</size>
         <input_file_ref idref="fl-2"/>
      </object_component>
      <object_component id="oc-504">
         <name>.debug_info</name>
         <load_address>0xb34</load_address>
         <run_address>0xb34</run_address>
         <size>0xf7</size>
         <input_file_ref idref="fl-2"/>
      </object_component>
      <object_component id="oc-508">
         <name>.debug_info</name>
         <load_address>0xc2b</load_address>
         <run_address>0xc2b</run_address>
         <size>0x101</size>
         <input_file_ref idref="fl-2"/>
      </object_component>
      <object_component id="oc-581">
         <name>.debug_info</name>
         <load_address>0xd2c</load_address>
         <run_address>0xd2c</run_address>
         <size>0x11f</size>
         <input_file_ref idref="fl-2"/>
      </object_component>
      <object_component id="oc-61a">
         <name>.debug_info</name>
         <load_address>0xe4b</load_address>
         <run_address>0xe4b</run_address>
         <size>0x12b</size>
         <input_file_ref idref="fl-2"/>
      </object_component>
      <object_component id="oc-586">
         <name>.debug_info</name>
         <load_address>0xf76</load_address>
         <run_address>0xf76</run_address>
         <size>0x13f</size>
         <input_file_ref idref="fl-2"/>
      </object_component>
      <object_component id="oc-58c">
         <name>.debug_info</name>
         <load_address>0x10b5</load_address>
         <run_address>0x10b5</run_address>
         <size>0x141</size>
         <input_file_ref idref="fl-2"/>
      </object_component>
      <object_component id="oc-592">
         <name>.debug_info</name>
         <load_address>0x11f6</load_address>
         <run_address>0x11f6</run_address>
         <size>0x13b</size>
         <input_file_ref idref="fl-2"/>
      </object_component>
      <object_component id="oc-4d9">
         <name>.debug_info</name>
         <load_address>0x1331</load_address>
         <run_address>0x1331</run_address>
         <size>0x179</size>
         <input_file_ref idref="fl-2"/>
      </object_component>
      <object_component id="oc-4d2">
         <name>.debug_info</name>
         <load_address>0x14aa</load_address>
         <run_address>0x14aa</run_address>
         <size>0x18a</size>
         <input_file_ref idref="fl-2"/>
      </object_component>
      <object_component id="oc-59b">
         <name>.debug_info</name>
         <load_address>0x1634</load_address>
         <run_address>0x1634</run_address>
         <size>0x14a</size>
         <input_file_ref idref="fl-2"/>
      </object_component>
      <object_component id="oc-5a8">
         <name>.debug_info</name>
         <load_address>0x177e</load_address>
         <run_address>0x177e</run_address>
         <size>0x133</size>
         <input_file_ref idref="fl-2"/>
      </object_component>
      <object_component id="oc-4df">
         <name>.debug_info</name>
         <load_address>0x18b1</load_address>
         <run_address>0x18b1</run_address>
         <size>0x11d</size>
         <input_file_ref idref="fl-2"/>
      </object_component>
      <object_component id="oc-50c">
         <name>.debug_info</name>
         <load_address>0x19ce</load_address>
         <run_address>0x19ce</run_address>
         <size>0x1d1</size>
         <input_file_ref idref="fl-2"/>
      </object_component>
      <object_component id="oc-514">
         <name>.debug_info</name>
         <load_address>0x1b9f</load_address>
         <run_address>0x1b9f</run_address>
         <size>0x1a9</size>
         <input_file_ref idref="fl-2"/>
      </object_component>
      <object_component id="oc-4c5">
         <name>.debug_info</name>
         <load_address>0x1d48</load_address>
         <run_address>0x1d48</run_address>
         <size>0x138</size>
         <input_file_ref idref="fl-2"/>
      </object_component>
      <object_component id="oc-4cd">
         <name>.debug_info</name>
         <load_address>0x1e80</load_address>
         <run_address>0x1e80</run_address>
         <size>0x169</size>
         <input_file_ref idref="fl-2"/>
      </object_component>
      <object_component id="oc-4e5">
         <name>.debug_info</name>
         <load_address>0x1fe9</load_address>
         <run_address>0x1fe9</run_address>
         <size>0x17e</size>
         <input_file_ref idref="fl-2"/>
      </object_component>
      <object_component id="oc-5a3">
         <name>.debug_info</name>
         <load_address>0x2167</load_address>
         <run_address>0x2167</run_address>
         <size>0x131</size>
         <input_file_ref idref="fl-2"/>
      </object_component>
      <object_component id="oc-4ea">
         <name>.debug_info</name>
         <load_address>0x2298</load_address>
         <run_address>0x2298</run_address>
         <size>0x1a5</size>
         <input_file_ref idref="fl-2"/>
      </object_component>
      <object_component id="oc-4f6">
         <name>.debug_info</name>
         <load_address>0x243d</load_address>
         <run_address>0x243d</run_address>
         <size>0x166</size>
         <input_file_ref idref="fl-2"/>
      </object_component>
      <object_component id="oc-51f">
         <name>.debug_info</name>
         <load_address>0x25a3</load_address>
         <run_address>0x25a3</run_address>
         <size>0x1ea</size>
         <input_file_ref idref="fl-2"/>
      </object_component>
      <object_component id="oc-527">
         <name>.debug_info</name>
         <load_address>0x278d</load_address>
         <run_address>0x278d</run_address>
         <size>0x28f</size>
         <input_file_ref idref="fl-2"/>
      </object_component>
      <object_component id="oc-52d">
         <name>.debug_info</name>
         <load_address>0x2a1c</load_address>
         <run_address>0x2a1c</run_address>
         <size>0x163</size>
         <input_file_ref idref="fl-2"/>
      </object_component>
      <object_component id="oc-49d">
         <name>.debug_info</name>
         <load_address>0x2b7f</load_address>
         <run_address>0x2b7f</run_address>
         <size>0x6b8</size>
         <input_file_ref idref="fl-2"/>
      </object_component>
      <object_component id="oc-43e">
         <name>.debug_info</name>
         <load_address>0x3237</load_address>
         <run_address>0x3237</run_address>
         <size>0x12f</size>
         <input_file_ref idref="fl-2"/>
      </object_component>
      <object_component id="oc-426">
         <name>.debug_info</name>
         <load_address>0x3366</load_address>
         <run_address>0x3366</run_address>
         <size>0x84</size>
         <input_file_ref idref="fl-2"/>
      </object_component>
      <object_component id="oc-4be">
         <name>.debug_info</name>
         <load_address>0x33ea</load_address>
         <run_address>0x33ea</run_address>
         <size>0xa5</size>
         <input_file_ref idref="fl-2"/>
      </object_component>
      <object_component id="oc-6a">
         <name>.debug_info</name>
         <load_address>0x348f</load_address>
         <run_address>0x348f</run_address>
         <size>0x2b8</size>
         <input_file_ref idref="fl-23"/>
      </object_component>
      <object_component id="oc-4b7">
         <name>.debug_info</name>
         <load_address>0x3747</load_address>
         <run_address>0x3747</run_address>
         <size>0x46</size>
         <input_file_ref idref="fl-23"/>
      </object_component>
      <object_component id="oc-480">
         <name>.debug_info</name>
         <load_address>0x378d</load_address>
         <run_address>0x378d</run_address>
         <size>0x39</size>
         <input_file_ref idref="fl-23"/>
      </object_component>
      <object_component id="oc-421">
         <name>.debug_info</name>
         <load_address>0x37c6</load_address>
         <run_address>0x37c6</run_address>
         <size>0x60</size>
         <input_file_ref idref="fl-23"/>
      </object_component>
      <object_component id="oc-436">
         <name>.debug_info</name>
         <load_address>0x3826</load_address>
         <run_address>0x3826</run_address>
         <size>0x1da</size>
         <input_file_ref idref="fl-24"/>
      </object_component>
      <object_component id="oc-6e">
         <name>.debug_info</name>
         <load_address>0x3a00</load_address>
         <run_address>0x3a00</run_address>
         <size>0x1f2</size>
         <input_file_ref idref="fl-24"/>
      </object_component>
      <object_component id="oc-431">
         <name>.debug_info</name>
         <load_address>0x3bf2</load_address>
         <run_address>0x3bf2</run_address>
         <size>0x46</size>
         <input_file_ref idref="fl-24"/>
      </object_component>
      <object_component id="oc-438">
         <name>.debug_info</name>
         <load_address>0x3c38</load_address>
         <run_address>0x3c38</run_address>
         <size>0x10f</size>
         <input_file_ref idref="fl-26"/>
      </object_component>
      <object_component id="oc-444">
         <name>.debug_info</name>
         <load_address>0x3d47</load_address>
         <run_address>0x3d47</run_address>
         <size>0x1d3</size>
         <input_file_ref idref="fl-3d"/>
      </object_component>
      <object_component id="oc-48f">
         <name>.debug_info</name>
         <load_address>0x3f1a</load_address>
         <run_address>0x3f1a</run_address>
         <size>0x46</size>
         <input_file_ref idref="fl-3d"/>
      </object_component>
      <object_component id="oc-42c">
         <name>.debug_info</name>
         <load_address>0x3f60</load_address>
         <run_address>0x3f60</run_address>
         <size>0x121</size>
         <input_file_ref idref="fl-3e"/>
      </object_component>
      <object_component id="oc-5ce">
         <name>.debug_info</name>
         <load_address>0x4081</load_address>
         <run_address>0x4081</run_address>
         <size>0x130</size>
         <input_file_ref idref="fl-41"/>
      </object_component>
      <object_component id="oc-5de">
         <name>.debug_info</name>
         <load_address>0x41b1</load_address>
         <run_address>0x41b1</run_address>
         <size>0x132</size>
         <input_file_ref idref="fl-43"/>
      </object_component>
      <object_component id="oc-5c2">
         <name>.debug_info</name>
         <load_address>0x42e3</load_address>
         <run_address>0x42e3</run_address>
         <size>0x126</size>
         <input_file_ref idref="fl-47"/>
      </object_component>
      <object_component id="oc-5d1">
         <name>.debug_info</name>
         <load_address>0x4409</load_address>
         <run_address>0x4409</run_address>
         <size>0x188</size>
         <input_file_ref idref="fl-48"/>
      </object_component>
      <object_component id="oc-5c9">
         <name>.debug_info</name>
         <load_address>0x4591</load_address>
         <run_address>0x4591</run_address>
         <size>0x126</size>
         <input_file_ref idref="fl-49"/>
      </object_component>
      <object_component id="oc-5d8">
         <name>.debug_info</name>
         <load_address>0x46b7</load_address>
         <run_address>0x46b7</run_address>
         <size>0x188</size>
         <input_file_ref idref="fl-4a"/>
      </object_component>
      <object_component id="oc-532">
         <name>.debug_info</name>
         <load_address>0x483f</load_address>
         <run_address>0x483f</run_address>
         <size>0x126</size>
         <input_file_ref idref="fl-4b"/>
      </object_component>
      <object_component id="oc-41d">
         <name>.debug_info</name>
         <load_address>0x4965</load_address>
         <run_address>0x4965</run_address>
         <size>0x100</size>
         <input_file_ref idref="fl-4c"/>
      </object_component>
      <object_component id="oc-46f">
         <name>.debug_info</name>
         <load_address>0x4a65</load_address>
         <run_address>0x4a65</run_address>
         <size>0x193</size>
         <input_file_ref idref="fl-4c"/>
      </object_component>
      <object_component id="oc-4af">
         <name>.debug_info</name>
         <load_address>0x4bf8</load_address>
         <run_address>0x4bf8</run_address>
         <size>0x1ae</size>
         <input_file_ref idref="fl-4d"/>
      </object_component>
      <object_component id="oc-577">
         <name>.debug_info</name>
         <load_address>0x4da6</load_address>
         <run_address>0x4da6</run_address>
         <size>0x18b</size>
         <input_file_ref idref="fl-4d"/>
      </object_component>
      <object_component id="oc-5fe">
         <name>.debug_info</name>
         <load_address>0x4f31</load_address>
         <run_address>0x4f31</run_address>
         <size>0x409</size>
         <input_file_ref idref="fl-4f"/>
      </object_component>
      <object_component id="oc-55d">
         <name>.debug_info</name>
         <load_address>0x533a</load_address>
         <run_address>0x533a</run_address>
         <size>0x216</size>
         <input_file_ref idref="fl-4f"/>
      </object_component>
      <object_component id="oc-642">
         <name>.debug_info</name>
         <load_address>0x5550</load_address>
         <run_address>0x5550</run_address>
         <size>0x39</size>
         <input_file_ref idref="fl-4f"/>
      </object_component>
      <object_component id="oc-659">
         <name>.debug_info</name>
         <load_address>0x5589</load_address>
         <run_address>0x5589</run_address>
         <size>0x2c</size>
         <input_file_ref idref="fl-4f"/>
      </object_component>
      <object_component id="oc-609">
         <name>.debug_info</name>
         <load_address>0x55b5</load_address>
         <run_address>0x55b5</run_address>
         <size>0x2c</size>
         <input_file_ref idref="fl-4f"/>
      </object_component>
      <object_component id="oc-647">
         <name>.debug_info</name>
         <load_address>0x55e1</load_address>
         <run_address>0x55e1</run_address>
         <size>0xcd</size>
         <input_file_ref idref="fl-4f"/>
      </object_component>
      <object_component id="oc-5f9">
         <name>.debug_info</name>
         <load_address>0x56ae</load_address>
         <run_address>0x56ae</run_address>
         <size>0x150</size>
         <input_file_ref idref="fl-50"/>
      </object_component>
      <object_component id="oc-498">
         <name>.debug_info</name>
         <load_address>0x57fe</load_address>
         <run_address>0x57fe</run_address>
         <size>0x153</size>
         <input_file_ref idref="fl-51"/>
      </object_component>
      <object_component id="oc-539">
         <name>.debug_info</name>
         <load_address>0x5951</load_address>
         <run_address>0x5951</run_address>
         <size>0x122</size>
         <input_file_ref idref="fl-54"/>
      </object_component>
      <object_component id="oc-6da">
         <name>.debug_info</name>
         <load_address>0x5a73</load_address>
         <run_address>0x5a73</run_address>
         <size>0xc2</size>
      </object_component>
      <object_component id="oc-4bd">
         <name>.debug_line</name>
         <load_address>0x0</load_address>
         <run_address>0x0</run_address>
         <size>0x69</size>
         <input_file_ref idref="fl-2"/>
      </object_component>
      <object_component id="oc-5be">
         <name>.debug_line</name>
         <load_address>0x69</load_address>
         <run_address>0x69</run_address>
         <size>0x2d</size>
         <input_file_ref idref="fl-2"/>
      </object_component>
      <object_component id="oc-5af">
         <name>.debug_line</name>
         <load_address>0x96</load_address>
         <run_address>0x96</run_address>
         <size>0x2d</size>
         <input_file_ref idref="fl-2"/>
      </object_component>
      <object_component id="oc-5b2">
         <name>.debug_line</name>
         <load_address>0xc3</load_address>
         <run_address>0xc3</run_address>
         <size>0x2d</size>
         <input_file_ref idref="fl-2"/>
      </object_component>
      <object_component id="oc-5b4">
         <name>.debug_line</name>
         <load_address>0xf0</load_address>
         <run_address>0xf0</run_address>
         <size>0x2d</size>
         <input_file_ref idref="fl-2"/>
      </object_component>
      <object_component id="oc-5b6">
         <name>.debug_line</name>
         <load_address>0x11d</load_address>
         <run_address>0x11d</run_address>
         <size>0x2d</size>
         <input_file_ref idref="fl-2"/>
      </object_component>
      <object_component id="oc-5b8">
         <name>.debug_line</name>
         <load_address>0x14a</load_address>
         <run_address>0x14a</run_address>
         <size>0x2d</size>
         <input_file_ref idref="fl-2"/>
      </object_component>
      <object_component id="oc-5ba">
         <name>.debug_line</name>
         <load_address>0x177</load_address>
         <run_address>0x177</run_address>
         <size>0x2d</size>
         <input_file_ref idref="fl-2"/>
      </object_component>
      <object_component id="oc-57f">
         <name>.debug_line</name>
         <load_address>0x1a4</load_address>
         <run_address>0x1a4</run_address>
         <size>0x67</size>
         <input_file_ref idref="fl-2"/>
      </object_component>
      <object_component id="oc-61d">
         <name>.debug_line</name>
         <load_address>0x20b</load_address>
         <run_address>0x20b</run_address>
         <size>0x50</size>
         <input_file_ref idref="fl-2"/>
      </object_component>
      <object_component id="oc-589">
         <name>.debug_line</name>
         <load_address>0x25b</load_address>
         <run_address>0x25b</run_address>
         <size>0x44</size>
         <input_file_ref idref="fl-2"/>
      </object_component>
      <object_component id="oc-58f">
         <name>.debug_line</name>
         <load_address>0x29f</load_address>
         <run_address>0x29f</run_address>
         <size>0x44</size>
         <input_file_ref idref="fl-2"/>
      </object_component>
      <object_component id="oc-595">
         <name>.debug_line</name>
         <load_address>0x2e3</load_address>
         <run_address>0x2e3</run_address>
         <size>0x6a</size>
         <input_file_ref idref="fl-2"/>
      </object_component>
      <object_component id="oc-4d8">
         <name>.debug_line</name>
         <load_address>0x34d</load_address>
         <run_address>0x34d</run_address>
         <size>0x56</size>
         <input_file_ref idref="fl-2"/>
      </object_component>
      <object_component id="oc-4d5">
         <name>.debug_line</name>
         <load_address>0x3a3</load_address>
         <run_address>0x3a3</run_address>
         <size>0x45</size>
         <input_file_ref idref="fl-2"/>
      </object_component>
      <object_component id="oc-59e">
         <name>.debug_line</name>
         <load_address>0x3e8</load_address>
         <run_address>0x3e8</run_address>
         <size>0x6f</size>
         <input_file_ref idref="fl-2"/>
      </object_component>
      <object_component id="oc-5ab">
         <name>.debug_line</name>
         <load_address>0x457</load_address>
         <run_address>0x457</run_address>
         <size>0x5b</size>
         <input_file_ref idref="fl-2"/>
      </object_component>
      <object_component id="oc-4de">
         <name>.debug_line</name>
         <load_address>0x4b2</load_address>
         <run_address>0x4b2</run_address>
         <size>0x5b</size>
         <input_file_ref idref="fl-2"/>
      </object_component>
      <object_component id="oc-50f">
         <name>.debug_line</name>
         <load_address>0x50d</load_address>
         <run_address>0x50d</run_address>
         <size>0x49</size>
         <input_file_ref idref="fl-2"/>
      </object_component>
      <object_component id="oc-517">
         <name>.debug_line</name>
         <load_address>0x556</load_address>
         <run_address>0x556</run_address>
         <size>0x49</size>
         <input_file_ref idref="fl-2"/>
      </object_component>
      <object_component id="oc-4c8">
         <name>.debug_line</name>
         <load_address>0x59f</load_address>
         <run_address>0x59f</run_address>
         <size>0x49</size>
         <input_file_ref idref="fl-2"/>
      </object_component>
      <object_component id="oc-4cc">
         <name>.debug_line</name>
         <load_address>0x5e8</load_address>
         <run_address>0x5e8</run_address>
         <size>0x48</size>
         <input_file_ref idref="fl-2"/>
      </object_component>
      <object_component id="oc-4e4">
         <name>.debug_line</name>
         <load_address>0x630</load_address>
         <run_address>0x630</run_address>
         <size>0x45</size>
         <input_file_ref idref="fl-2"/>
      </object_component>
      <object_component id="oc-5a2">
         <name>.debug_line</name>
         <load_address>0x675</load_address>
         <run_address>0x675</run_address>
         <size>0x58</size>
         <input_file_ref idref="fl-2"/>
      </object_component>
      <object_component id="oc-4ed">
         <name>.debug_line</name>
         <load_address>0x6cd</load_address>
         <run_address>0x6cd</run_address>
         <size>0x53</size>
         <input_file_ref idref="fl-2"/>
      </object_component>
      <object_component id="oc-4f5">
         <name>.debug_line</name>
         <load_address>0x720</load_address>
         <run_address>0x720</run_address>
         <size>0x55</size>
         <input_file_ref idref="fl-2"/>
      </object_component>
      <object_component id="oc-522">
         <name>.debug_line</name>
         <load_address>0x775</load_address>
         <run_address>0x775</run_address>
         <size>0x4d</size>
         <input_file_ref idref="fl-2"/>
      </object_component>
      <object_component id="oc-526">
         <name>.debug_line</name>
         <load_address>0x7c2</load_address>
         <run_address>0x7c2</run_address>
         <size>0x5b</size>
         <input_file_ref idref="fl-2"/>
      </object_component>
      <object_component id="oc-52c">
         <name>.debug_line</name>
         <load_address>0x81d</load_address>
         <run_address>0x81d</run_address>
         <size>0x46</size>
         <input_file_ref idref="fl-2"/>
      </object_component>
      <object_component id="oc-49c">
         <name>.debug_line</name>
         <load_address>0x863</load_address>
         <run_address>0x863</run_address>
         <size>0x17a</size>
         <input_file_ref idref="fl-2"/>
      </object_component>
      <object_component id="oc-43d">
         <name>.debug_line</name>
         <load_address>0x9dd</load_address>
         <run_address>0x9dd</run_address>
         <size>0x4a</size>
         <input_file_ref idref="fl-2"/>
      </object_component>
      <object_component id="oc-429">
         <name>.debug_line</name>
         <load_address>0xa27</load_address>
         <run_address>0xa27</run_address>
         <size>0x20</size>
         <input_file_ref idref="fl-2"/>
      </object_component>
      <object_component id="oc-4c1">
         <name>.debug_line</name>
         <load_address>0xa47</load_address>
         <run_address>0xa47</run_address>
         <size>0x2d</size>
         <input_file_ref idref="fl-2"/>
      </object_component>
      <object_component id="oc-68">
         <name>.debug_line</name>
         <load_address>0xa74</load_address>
         <run_address>0xa74</run_address>
         <size>0x9d</size>
         <input_file_ref idref="fl-23"/>
      </object_component>
      <object_component id="oc-4ba">
         <name>.debug_line</name>
         <load_address>0xb11</load_address>
         <run_address>0xb11</run_address>
         <size>0x9a</size>
         <input_file_ref idref="fl-23"/>
      </object_component>
      <object_component id="oc-483">
         <name>.debug_line</name>
         <load_address>0xbab</load_address>
         <run_address>0xbab</run_address>
         <size>0x96</size>
         <input_file_ref idref="fl-23"/>
      </object_component>
      <object_component id="oc-424">
         <name>.debug_line</name>
         <load_address>0xc41</load_address>
         <run_address>0xc41</run_address>
         <size>0x3a</size>
         <input_file_ref idref="fl-23"/>
      </object_component>
      <object_component id="oc-487">
         <name>.debug_line</name>
         <load_address>0xc7b</load_address>
         <run_address>0xc7b</run_address>
         <size>0x3a</size>
         <input_file_ref idref="fl-24"/>
      </object_component>
      <object_component id="oc-6d">
         <name>.debug_line</name>
         <load_address>0xcb5</load_address>
         <run_address>0xcb5</run_address>
         <size>0x50</size>
         <input_file_ref idref="fl-24"/>
      </object_component>
      <object_component id="oc-434">
         <name>.debug_line</name>
         <load_address>0xd05</load_address>
         <run_address>0xd05</run_address>
         <size>0x3a</size>
         <input_file_ref idref="fl-24"/>
      </object_component>
      <object_component id="oc-43b">
         <name>.debug_line</name>
         <load_address>0xd3f</load_address>
         <run_address>0xd3f</run_address>
         <size>0x3d</size>
         <input_file_ref idref="fl-26"/>
      </object_component>
      <object_component id="oc-443">
         <name>.debug_line</name>
         <load_address>0xd7c</load_address>
         <run_address>0xd7c</run_address>
         <size>0x53</size>
         <input_file_ref idref="fl-3d"/>
      </object_component>
      <object_component id="oc-492">
         <name>.debug_line</name>
         <load_address>0xdcf</load_address>
         <run_address>0xdcf</run_address>
         <size>0x34</size>
         <input_file_ref idref="fl-3d"/>
      </object_component>
      <object_component id="oc-42f">
         <name>.debug_line</name>
         <load_address>0xe03</load_address>
         <run_address>0xe03</run_address>
         <size>0x52</size>
         <input_file_ref idref="fl-3e"/>
      </object_component>
      <object_component id="oc-5cc">
         <name>.debug_line</name>
         <load_address>0xe55</load_address>
         <run_address>0xe55</run_address>
         <size>0x49</size>
         <input_file_ref idref="fl-41"/>
      </object_component>
      <object_component id="oc-5e1">
         <name>.debug_line</name>
         <load_address>0xe9e</load_address>
         <run_address>0xe9e</run_address>
         <size>0x5a</size>
         <input_file_ref idref="fl-43"/>
      </object_component>
      <object_component id="oc-5c0">
         <name>.debug_line</name>
         <load_address>0xef8</load_address>
         <run_address>0xef8</run_address>
         <size>0x56</size>
         <input_file_ref idref="fl-47"/>
      </object_component>
      <object_component id="oc-5d4">
         <name>.debug_line</name>
         <load_address>0xf4e</load_address>
         <run_address>0xf4e</run_address>
         <size>0x53</size>
         <input_file_ref idref="fl-48"/>
      </object_component>
      <object_component id="oc-5c8">
         <name>.debug_line</name>
         <load_address>0xfa1</load_address>
         <run_address>0xfa1</run_address>
         <size>0x56</size>
         <input_file_ref idref="fl-49"/>
      </object_component>
      <object_component id="oc-5db">
         <name>.debug_line</name>
         <load_address>0xff7</load_address>
         <run_address>0xff7</run_address>
         <size>0x53</size>
         <input_file_ref idref="fl-4a"/>
      </object_component>
      <object_component id="oc-535">
         <name>.debug_line</name>
         <load_address>0x104a</load_address>
         <run_address>0x104a</run_address>
         <size>0x56</size>
         <input_file_ref idref="fl-4b"/>
      </object_component>
      <object_component id="oc-47f">
         <name>.debug_line</name>
         <load_address>0x10a0</load_address>
         <run_address>0x10a0</run_address>
         <size>0x2a</size>
         <input_file_ref idref="fl-4c"/>
      </object_component>
      <object_component id="oc-471">
         <name>.debug_line</name>
         <load_address>0x10ca</load_address>
         <run_address>0x10ca</run_address>
         <size>0x4b</size>
         <input_file_ref idref="fl-4c"/>
      </object_component>
      <object_component id="oc-4b1">
         <name>.debug_line</name>
         <load_address>0x1115</load_address>
         <run_address>0x1115</run_address>
         <size>0x49</size>
         <input_file_ref idref="fl-4d"/>
      </object_component>
      <object_component id="oc-57a">
         <name>.debug_line</name>
         <load_address>0x115e</load_address>
         <run_address>0x115e</run_address>
         <size>0x71</size>
         <input_file_ref idref="fl-4d"/>
      </object_component>
      <object_component id="oc-641">
         <name>.debug_line</name>
         <load_address>0x11cf</load_address>
         <run_address>0x11cf</run_address>
         <size>0xbf</size>
         <input_file_ref idref="fl-4f"/>
      </object_component>
      <object_component id="oc-560">
         <name>.debug_line</name>
         <load_address>0x128e</load_address>
         <run_address>0x128e</run_address>
         <size>0x85</size>
         <input_file_ref idref="fl-4f"/>
      </object_component>
      <object_component id="oc-645">
         <name>.debug_line</name>
         <load_address>0x1313</load_address>
         <run_address>0x1313</run_address>
         <size>0x2e</size>
         <input_file_ref idref="fl-4f"/>
      </object_component>
      <object_component id="oc-65c">
         <name>.debug_line</name>
         <load_address>0x1341</load_address>
         <run_address>0x1341</run_address>
         <size>0x9a</size>
         <input_file_ref idref="fl-4f"/>
      </object_component>
      <object_component id="oc-60c">
         <name>.debug_line</name>
         <load_address>0x13db</load_address>
         <run_address>0x13db</run_address>
         <size>0x97</size>
         <input_file_ref idref="fl-4f"/>
      </object_component>
      <object_component id="oc-64a">
         <name>.debug_line</name>
         <load_address>0x1472</load_address>
         <run_address>0x1472</run_address>
         <size>0x93</size>
         <input_file_ref idref="fl-4f"/>
      </object_component>
      <object_component id="oc-5fc">
         <name>.debug_line</name>
         <load_address>0x1505</load_address>
         <run_address>0x1505</run_address>
         <size>0x3a</size>
         <input_file_ref idref="fl-50"/>
      </object_component>
      <object_component id="oc-497">
         <name>.debug_line</name>
         <load_address>0x153f</load_address>
         <run_address>0x153f</run_address>
         <size>0x3e</size>
         <input_file_ref idref="fl-51"/>
      </object_component>
      <object_component id="oc-53c">
         <name>.debug_line</name>
         <load_address>0x157d</load_address>
         <run_address>0x157d</run_address>
         <size>0x3d</size>
         <input_file_ref idref="fl-54"/>
      </object_component>
      <object_component id="oc-580">
         <name>.debug_frame</name>
         <load_address>0x0</load_address>
         <run_address>0x0</run_address>
         <size>0x3c</size>
         <input_file_ref idref="fl-2"/>
      </object_component>
      <object_component id="oc-61e">
         <name>.debug_frame</name>
         <load_address>0x3c</load_address>
         <run_address>0x3c</run_address>
         <size>0x3c</size>
         <input_file_ref idref="fl-2"/>
      </object_component>
      <object_component id="oc-58a">
         <name>.debug_frame</name>
         <load_address>0x78</load_address>
         <run_address>0x78</run_address>
         <size>0x3c</size>
         <input_file_ref idref="fl-2"/>
      </object_component>
      <object_component id="oc-590">
         <name>.debug_frame</name>
         <load_address>0xb4</load_address>
         <run_address>0xb4</run_address>
         <size>0x3c</size>
         <input_file_ref idref="fl-2"/>
      </object_component>
      <object_component id="oc-596">
         <name>.debug_frame</name>
         <load_address>0xf0</load_address>
         <run_address>0xf0</run_address>
         <size>0x3c</size>
         <input_file_ref idref="fl-2"/>
      </object_component>
      <object_component id="oc-4dc">
         <name>.debug_frame</name>
         <load_address>0x12c</load_address>
         <run_address>0x12c</run_address>
         <size>0x3c</size>
         <input_file_ref idref="fl-2"/>
      </object_component>
      <object_component id="oc-4d6">
         <name>.debug_frame</name>
         <load_address>0x168</load_address>
         <run_address>0x168</run_address>
         <size>0x3c</size>
         <input_file_ref idref="fl-2"/>
      </object_component>
      <object_component id="oc-59f">
         <name>.debug_frame</name>
         <load_address>0x1a4</load_address>
         <run_address>0x1a4</run_address>
         <size>0x3c</size>
         <input_file_ref idref="fl-2"/>
      </object_component>
      <object_component id="oc-5ac">
         <name>.debug_frame</name>
         <load_address>0x1e0</load_address>
         <run_address>0x1e0</run_address>
         <size>0x3c</size>
         <input_file_ref idref="fl-2"/>
      </object_component>
      <object_component id="oc-4e2">
         <name>.debug_frame</name>
         <load_address>0x21c</load_address>
         <run_address>0x21c</run_address>
         <size>0x3c</size>
         <input_file_ref idref="fl-2"/>
      </object_component>
      <object_component id="oc-510">
         <name>.debug_frame</name>
         <load_address>0x258</load_address>
         <run_address>0x258</run_address>
         <size>0x3c</size>
         <input_file_ref idref="fl-2"/>
      </object_component>
      <object_component id="oc-518">
         <name>.debug_frame</name>
         <load_address>0x294</load_address>
         <run_address>0x294</run_address>
         <size>0x3c</size>
         <input_file_ref idref="fl-2"/>
      </object_component>
      <object_component id="oc-4c9">
         <name>.debug_frame</name>
         <load_address>0x2d0</load_address>
         <run_address>0x2d0</run_address>
         <size>0x3c</size>
         <input_file_ref idref="fl-2"/>
      </object_component>
      <object_component id="oc-4d0">
         <name>.debug_frame</name>
         <load_address>0x30c</load_address>
         <run_address>0x30c</run_address>
         <size>0x3c</size>
         <input_file_ref idref="fl-2"/>
      </object_component>
      <object_component id="oc-4e8">
         <name>.debug_frame</name>
         <load_address>0x348</load_address>
         <run_address>0x348</run_address>
         <size>0x3c</size>
         <input_file_ref idref="fl-2"/>
      </object_component>
      <object_component id="oc-5a6">
         <name>.debug_frame</name>
         <load_address>0x384</load_address>
         <run_address>0x384</run_address>
         <size>0x3c</size>
         <input_file_ref idref="fl-2"/>
      </object_component>
      <object_component id="oc-4ee">
         <name>.debug_frame</name>
         <load_address>0x3c0</load_address>
         <run_address>0x3c0</run_address>
         <size>0x3c</size>
         <input_file_ref idref="fl-2"/>
      </object_component>
      <object_component id="oc-4f9">
         <name>.debug_frame</name>
         <load_address>0x3fc</load_address>
         <run_address>0x3fc</run_address>
         <size>0x3c</size>
         <input_file_ref idref="fl-2"/>
      </object_component>
      <object_component id="oc-523">
         <name>.debug_frame</name>
         <load_address>0x438</load_address>
         <run_address>0x438</run_address>
         <size>0x3c</size>
         <input_file_ref idref="fl-2"/>
      </object_component>
      <object_component id="oc-52a">
         <name>.debug_frame</name>
         <load_address>0x474</load_address>
         <run_address>0x474</run_address>
         <size>0x50</size>
         <input_file_ref idref="fl-2"/>
      </object_component>
      <object_component id="oc-530">
         <name>.debug_frame</name>
         <load_address>0x4c4</load_address>
         <run_address>0x4c4</run_address>
         <size>0x3c</size>
         <input_file_ref idref="fl-2"/>
      </object_component>
      <object_component id="oc-4a0">
         <name>.debug_frame</name>
         <load_address>0x500</load_address>
         <run_address>0x500</run_address>
         <size>0x40</size>
         <input_file_ref idref="fl-2"/>
      </object_component>
      <object_component id="oc-441">
         <name>.debug_frame</name>
         <load_address>0x540</load_address>
         <run_address>0x540</run_address>
         <size>0x44</size>
         <input_file_ref idref="fl-2"/>
      </object_component>
      <object_component id="oc-67">
         <name>.debug_frame</name>
         <load_address>0x584</load_address>
         <run_address>0x584</run_address>
         <size>0x6c</size>
         <input_file_ref idref="fl-23"/>
      </object_component>
      <object_component id="oc-71">
         <name>.debug_frame</name>
         <load_address>0x5f0</load_address>
         <run_address>0x5f0</run_address>
         <size>0x48</size>
         <input_file_ref idref="fl-24"/>
      </object_component>
      <object_component id="oc-447">
         <name>.debug_frame</name>
         <load_address>0x638</load_address>
         <run_address>0x638</run_address>
         <size>0x44</size>
         <input_file_ref idref="fl-3d"/>
      </object_component>
      <object_component id="oc-5d5">
         <name>.debug_frame</name>
         <load_address>0x67c</load_address>
         <run_address>0x67c</run_address>
         <size>0x3c</size>
         <input_file_ref idref="fl-48"/>
      </object_component>
      <object_component id="oc-5dc">
         <name>.debug_frame</name>
         <load_address>0x6b8</load_address>
         <run_address>0x6b8</run_address>
         <size>0x3c</size>
         <input_file_ref idref="fl-4a"/>
      </object_component>
      <object_component id="oc-46d">
         <name>.debug_frame</name>
         <load_address>0x6f4</load_address>
         <run_address>0x6f4</run_address>
         <size>0x34</size>
         <input_file_ref idref="fl-4c"/>
      </object_component>
      <object_component id="oc-4b2">
         <name>.debug_frame</name>
         <load_address>0x824</load_address>
         <run_address>0x824</run_address>
         <size>0x3f</size>
         <input_file_ref idref="fl-4d"/>
      </object_component>
      <object_component id="oc-561">
         <name>.debug_frame</name>
         <load_address>0x728</load_address>
         <run_address>0x728</run_address>
         <size>0x48</size>
         <input_file_ref idref="fl-4f"/>
      </object_component>
      <object_component id="oc-5f8">
         <name>.debug_frame</name>
         <load_address>0x770</load_address>
         <run_address>0x770</run_address>
         <size>0x3c</size>
         <input_file_ref idref="fl-50"/>
      </object_component>
      <object_component id="oc-496">
         <name>.debug_frame</name>
         <load_address>0x7ac</load_address>
         <run_address>0x7ac</run_address>
         <size>0x3c</size>
         <input_file_ref idref="fl-51"/>
      </object_component>
      <object_component id="oc-53d">
         <name>.debug_frame</name>
         <load_address>0x7e8</load_address>
         <run_address>0x7e8</run_address>
         <size>0x3c</size>
         <input_file_ref idref="fl-54"/>
      </object_component>
      <object_component id="oc-4bc">
         <name>.debug_abbrev</name>
         <load_address>0x0</load_address>
         <run_address>0x0</run_address>
         <size>0xa2</size>
         <input_file_ref idref="fl-2"/>
      </object_component>
      <object_component id="oc-5bd">
         <name>.debug_abbrev</name>
         <load_address>0xa2</load_address>
         <run_address>0xa2</run_address>
         <size>0x29</size>
         <input_file_ref idref="fl-2"/>
      </object_component>
      <object_component id="oc-5ae">
         <name>.debug_abbrev</name>
         <load_address>0xcb</load_address>
         <run_address>0xcb</run_address>
         <size>0x29</size>
         <input_file_ref idref="fl-2"/>
      </object_component>
      <object_component id="oc-5b1">
         <name>.debug_abbrev</name>
         <load_address>0xf4</load_address>
         <run_address>0xf4</run_address>
         <size>0x29</size>
         <input_file_ref idref="fl-2"/>
      </object_component>
      <object_component id="oc-5b3">
         <name>.debug_abbrev</name>
         <load_address>0x11d</load_address>
         <run_address>0x11d</run_address>
         <size>0x29</size>
         <input_file_ref idref="fl-2"/>
      </object_component>
      <object_component id="oc-5b5">
         <name>.debug_abbrev</name>
         <load_address>0x146</load_address>
         <run_address>0x146</run_address>
         <size>0x29</size>
[...]
      </symbol>
      <symbol id="sm-514">
         <name>digital_press</name>
         <value>0x2166</value>
      </symbol>
      <symbol id="sm-515">
         <name>dT</name>
         <value>0x2162</value>
      </symbol>
      <symbol id="sm-516">
         <name>press_temp</name>
         <value>0x216a</value>
      </symbol>
      <symbol id="sm-517">
         <name>OFF</name>
         <value>0x215a</value>
      </symbol>
      <symbol id="sm-518">
         <name>GPS_GNGGA</name>
         <value>0x20d8</value>
      </symbol>
      <symbol id="sm-519">
         <name>LORA_PAYLOAD</name>
         <value>0x214c</value>
      </symbol>
      <symbol id="sm-51a">
         <name>diable_RMC</name>
         <value>0x2086</value>
         <object_component_ref idref="oc-503"/>
      </symbol>
      <symbol id="sm-51b">
         <name>pressure</name>
         <value>0x20cc</value>
         <object_component_ref idref="oc-51b"/>
      </symbol>
      <symbol id="sm-51c">
         <name>SPI_tx_two_bytes</name>
         <value>0x8fa0</value>
         <object_component_ref idref="oc-52b"/>
      </symbol>
      <symbol id="sm-51d">
         <name>i2c_start</name>
         <value>0x8a28</value>
         <object_component_ref idref="oc-57e"/>
      </symbol>
      <symbol id="sm-51e">
         <name>__TI_int33</name>
         <value>0xffe4</value>
         <object_component_ref idref="oc-7d"/>
      </symbol>
      <symbol id="sm-51f">
         <name>packet_tx_cnt</name>
         <value>0x20c6</value>
         <object_component_ref idref="oc-51b"/>
      </symbol>
      <symbol id="sm-520">
         <name>i2c_rx_pressure</name>
         <value>0x8b46</value>
         <object_component_ref idref="oc-51e"/>
      </symbol>
      <symbol id="sm-521">
         <name>i2c_tx_pressure</name>
         <value>0x8fc0</value>
         <object_component_ref idref="oc-4e3"/>
      </symbol>
      <symbol id="sm-522">
         <name>i2c_clock_cycle</name>
         <value>0x8eb8</value>
         <object_component_ref idref="oc-619"/>
      </symbol>
      <symbol id="sm-523">
         <name>diable_GLL</name>
         <value>0x202c</value>
         <object_component_ref idref="oc-4f1"/>
      </symbol>
      <symbol id="sm-524">
         <name>SPI_tx</name>
         <value>0x8f7e</value>
         <object_component_ref idref="oc-4cb"/>
      </symbol>
      <symbol id="sm-525">
         <name>i2c_ack</name>
         <value>0x8e42</value>
         <object_component_ref idref="oc-5a1"/>
      </symbol>
      <symbol id="sm-526">
         <name>UART_config_GPS_msgs</name>
         <value>0x8c94</value>
         <object_component_ref idref="oc-4f4"/>
      </symbol>
      <symbol id="sm-527">
         <name>accel_z</name>
         <value>0x20c4</value>
         <object_component_ref idref="oc-51b"/>
      </symbol>
      <symbol id="sm-528">
         <name>i2c_tx_address</name>
         <value>0x8fea</value>
         <object_component_ref idref="oc-4d1"/>
      </symbol>
      <symbol id="sm-529">
         <name>set_airborne_2g</name>
         <value>0x2000</value>
         <object_component_ref idref="oc-507"/>
      </symbol>
      <symbol id="sm-52a">
         <name>i2c_status</name>
         <value>0x20c2</value>
         <object_component_ref idref="oc-51b"/>
      </symbol>
      <symbol id="sm-52b">
         <name>read_temp</name>
         <value>0x8f34</value>
         <object_component_ref idref="oc-50b"/>
      </symbol>
      <symbol id="sm-52c">
         <name>main</name>
         <value>0x8088</value>
         <object_component_ref idref="oc-49b"/>
      </symbol>
      <symbol id="sm-52d">
         <name>delay</name>
         <value>0x8fd8</value>
         <object_component_ref idref="oc-4c4"/>
      </symbol>
      <symbol id="sm-52e">
         <name>i2c_stop</name>
         <value>0x8b8e</value>
         <object_component_ref idref="oc-4dd"/>
      </symbol>
      <symbol id="sm-52f">
         <name>SENS</name>
         <value>0x20d0</value>
         <object_component_ref idref="oc-51b"/>
      </symbol>
      <symbol id="sm-530">
         <name>i2c_read_ack</name>
         <value>0x89c2</value>
         <object_component_ref idref="oc-591"/>
      </symbol>
      <symbol id="sm-531">
         <name>EUSCI_A0_RX_ISR</name>
         <value>0x901c</value>
         <object_component_ref idref="oc-43c"/>
      </symbol>
      <symbol id="sm-532">
         <name>read_accel</name>
         <value>0x8ee2</value>
         <object_component_ref idref="oc-513"/>
      </symbol>
      <symbol id="sm-533">
         <name>digital_press_temp</name>
         <value>0x20c8</value>
         <object_component_ref idref="oc-51b"/>
      </symbol>
      <symbol id="sm-534">
         <name>i2c_nack</name>
         <value>0x8bd2</value>
         <object_component_ref idref="oc-5a7"/>
      </symbol>
      <symbol id="sm-535">
         <name>get_pressure_coeff</name>
         <value>0x88ec</value>
         <object_component_ref idref="oc-4e9"/>
      </symbol>
      <symbol id="sm-536">
         <name>convert_pressure</name>
         <value>0x8672</value>
         <object_component_ref idref="oc-525"/>
      </symbol>
      <symbol id="sm-537">
         <name>diable_VTG</name>
         <value>0x20a4</value>
         <object_component_ref idref="oc-500"/>
      </symbol>
      <symbol id="sm-538">
         <name>i2c_rx</name>
         <value>0x8a8a</value>
         <object_component_ref idref="oc-59a"/>
      </symbol>
      <symbol id="sm-539">
         <name>diable_GSA</name>
         <value>0x204a</value>
         <object_component_ref idref="oc-4fd"/>
      </symbol>
      <symbol id="sm-53a">
         <name>diable_GSV</name>
         <value>0x2068</value>
         <object_component_ref idref="oc-4fa"/>
      </symbol>
      <symbol id="sm-53b">
         <name>i2c_tx</name>
         <value>0x8f0c</value>
         <object_component_ref idref="oc-4d7"/>
      </symbol>
      <symbol id="sm-53c">
         <name>i2c_tx_high_bit</name>
         <value>0x8ff8</value>
         <object_component_ref idref="oc-58b"/>
      </symbol>
      <symbol id="sm-53d">
         <name>i2c_tx_low_bit</name>
         <value>0x9004</value>
         <object_component_ref idref="oc-585"/>
      </symbol>
      <symbol id="sm-55e">
         <name>__TI_decompress_lzss</name>
         <value>0x87fe</value>
         <object_component_ref idref="oc-66"/>
      </symbol>
      <symbol id="sm-56f">
         <name>__TI_decompress_none</name>
         <value>0x8e06</value>
         <object_component_ref idref="oc-6c"/>
      </symbol>
      <symbol id="sm-572">
         <name>__TI_int22</name>
         <value>0xffce</value>
         <object_component_ref idref="oc-72"/>
      </symbol>
      <symbol id="sm-57a">
         <name>__TI_ISR_TRAP</name>
         <value>0x9068</value>
         <object_component_ref idref="oc-437"/>
      </symbol>
      <symbol id="sm-57d">
         <name>__TI_int23</name>
         <value>0xffd0</value>
         <object_component_ref idref="oc-73"/>
      </symbol>
      <symbol id="sm-580">
         <name>__TI_int24</name>
         <value>0xffd2</value>
         <object_component_ref idref="oc-74"/>
      </symbol>
      <symbol id="sm-583">
         <name>__TI_int25</name>
         <value>0xffd4</value>
         <object_component_ref idref="oc-75"/>
      </symbol>
      <symbol id="sm-586">
         <name>__TI_int26</name>
         <value>0xffd6</value>
         <object_component_ref idref="oc-76"/>
      </symbol>
      <symbol id="sm-589">
         <name>__TI_int27</name>
         <value>0xffd8</value>
         <object_component_ref idref="oc-77"/>
      </symbol>
      <symbol id="sm-58c">
         <name>__TI_int28</name>
         <value>0xffda</value>
         <object_component_ref idref="oc-78"/>
      </symbol>
      <symbol id="sm-58f">
         <name>__TI_int29</name>
         <value>0xffdc</value>
         <object_component_ref idref="oc-79"/>
      </symbol>
      <symbol id="sm-592">
         <name>__TI_int30</name>
         <value>0xffde</value>
         <object_component_ref idref="oc-7a"/>
      </symbol>
      <symbol id="sm-595">
         <name>__TI_int31</name>
         <value>0xffe0</value>
         <object_component_ref idref="oc-7b"/>
      </symbol>
      <symbol id="sm-598">
         <name>__TI_int32</name>
         <value>0xffe2</value>
         <object_component_ref idref="oc-7c"/>
      </symbol>
      <symbol id="sm-59b">
         <name>__TI_int34</name>
         <value>0xffe6</value>
         <object_component_ref idref="oc-7e"/>
      </symbol>
      <symbol id="sm-59e">
         <name>__TI_int35</name>
         <value>0xffe8</value>
         <object_component_ref idref="oc-7f"/>
      </symbol>
      <symbol id="sm-5a1">
         <name>__TI_int36</name>
         <value>0xffea</value>
         <object_component_ref idref="oc-80"/>
      </symbol>
      <symbol id="sm-5a4">
         <name>__TI_int37</name>
         <value>0xffec</value>
         <object_component_ref idref="oc-81"/>
      </symbol>
      <symbol id="sm-5a7">
         <name>__TI_int38</name>
         <value>0xffee</value>
         <object_component_ref idref="oc-82"/>
      </symbol>
      <symbol id="sm-5aa">
         <name>__TI_int39</name>
         <value>0xfff0</value>
         <object_component_ref idref="oc-83"/>
      </symbol>
      <symbol id="sm-5ad">
         <name>__TI_int40</name>
         <value>0xfff2</value>
         <object_component_ref idref="oc-84"/>
      </symbol>
      <symbol id="sm-5b0">
         <name>__TI_int41</name>
         <value>0xfff4</value>
         <object_component_ref idref="oc-85"/>
      </symbol>
      <symbol id="sm-5b3">
         <name>__TI_int42</name>
         <value>0xfff6</value>
         <object_component_ref idref="oc-86"/>
      </symbol>
      <symbol id="sm-5b6">
         <name>__TI_int43</name>
         <value>0xfff8</value>
         <object_component_ref idref="oc-87"/>
      </symbol>
      <symbol id="sm-5b9">
         <name>__TI_int44</name>
         <value>0xfffa</value>
         <object_component_ref idref="oc-88"/>
      </symbol>
      <symbol id="sm-5bc">
         <name>__TI_int45</name>
         <value>0xfffc</value>
         <object_component_ref idref="oc-89"/>
      </symbol>
      <symbol id="sm-5cc">
         <name>__TI_zero_init_nomemset</name>
         <value>0x8cd2</value>
         <object_component_ref idref="oc-442"/>
      </symbol>
      <symbol id="sm-5d7">
         <name>__memcpy_far</name>
         <value>0x8c14</value>
         <object_component_ref idref="oc-42b"/>
      </symbol>
      <symbol id="sm-5e1">
         <name>__mspabi_mpyl_f5hw</name>
         <value>0x8f5a</value>
         <object_component_ref idref="oc-5cb"/>
      </symbol>
      <symbol id="sm-5ea">
         <name>__mspabi_mpyll_f5hw</name>
         <value>0x8aea</value>
         <object_component_ref idref="oc-5dd"/>
      </symbol>
      <symbol id="sm-5f5">
         <name>__mspabi_slll_9</name>
         <value>0x8d66</value>
         <object_component_ref idref="oc-5bf"/>
      </symbol>
      <symbol id="sm-5f6">
         <name>__mspabi_slll_8</name>
         <value>0x8d6a</value>
         <object_component_ref idref="oc-5bf"/>
      </symbol>
      <symbol id="sm-5f7">
         <name>__mspabi_slll_7</name>
         <value>0x8d6e</value>
         <object_component_ref idref="oc-5bf"/>
      </symbol>
      <symbol id="sm-5f8">
         <name>__mspabi_slll_6</name>
         <value>0x8d72</value>
         <object_component_ref idref="oc-5bf"/>
      </symbol>
      <symbol id="sm-5f9">
         <name>__mspabi_slll_5</name>
         <value>0x8d76</value>
         <object_component_ref idref="oc-5bf"/>
      </symbol>
      <symbol id="sm-5fa">
         <name>__mspabi_slll_4</name>
         <value>0x8d7a</value>
         <object_component_ref idref="oc-5bf"/>
      </symbol>
      <symbol id="sm-5fb">
         <name>__mspabi_slll_3</name>
         <value>0x8d7e</value>
         <object_component_ref idref="oc-5bf"/>
      </symbol>
      <symbol id="sm-5fc">
         <name>__mspabi_slll_2</name>
         <value>0x8d82</value>
         <object_component_ref idref="oc-5bf"/>
      </symbol>
      <symbol id="sm-5fd">
         <name>__mspabi_slll_1</name>
         <value>0x8d86</value>
         <object_component_ref idref="oc-5bf"/>
      </symbol>
      <symbol id="sm-5fe">
         <name>__mspabi_slll_15</name>
         <value>0x8d4e</value>
         <object_component_ref idref="oc-5bf"/>
      </symbol>
      <symbol id="sm-5ff">
         <name>__mspabi_slll_14</name>
         <value>0x8d52</value>
         <object_component_ref idref="oc-5bf"/>
      </symbol>
      <symbol id="sm-600">
         <name>__mspabi_slll_13</name>
         <value>0x8d56</value>
         <object_component_ref idref="oc-5bf"/>
      </symbol>
      <symbol id="sm-601">
         <name>__mspabi_slll_12</name>
         <value>0x8d5a</value>
         <object_component_ref idref="oc-5bf"/>
      </symbol>
      <symbol id="sm-602">
         <name>__mspabi_slll_11</name>
         <value>0x8d5e</value>
         <object_component_ref idref="oc-5bf"/>
      </symbol>
      <symbol id="sm-603">
         <name>__mspabi_slll_10</name>
         <value>0x8d62</value>
         <object_component_ref idref="oc-5bf"/>
      </symbol>
      <symbol id="sm-610">
         <name>__mspabi_sllll</name>
         <value>0x8e7e</value>
         <object_component_ref idref="oc-5d0"/>
      </symbol>
      <symbol id="sm-618">
         <name>__mspabi_sral_15</name>
         <value>0x8d10</value>
         <object_component_ref idref="oc-5c6"/>
      </symbol>
      <symbol id="sm-619">
         <name>__mspabi_sral_14</name>
         <value>0x8d14</value>
         <object_component_ref idref="oc-5c6"/>
      </symbol>
      <symbol id="sm-61a">
         <name>__mspabi_sral_13</name>
         <value>0x8d18</value>
         <object_component_ref idref="oc-5c6"/>
      </symbol>
      <symbol id="sm-61b">
         <name>__mspabi_sral_12</name>
         <value>0x8d1c</value>
         <object_component_ref idref="oc-5c6"/>
      </symbol>
      <symbol id="sm-61c">
         <name>__mspabi_sral_11</name>
         <value>0x8d20</value>
         <object_component_ref idref="oc-5c6"/>
      </symbol>
      <symbol id="sm-61d">
         <name>__mspabi_sral_10</name>
         <value>0x8d24</value>
         <object_component_ref idref="oc-5c6"/>
      </symbol>
      <symbol id="sm-61e">
         <name>__mspabi_sral_8</name>
         <value>0x8d2c</value>
         <object_component_ref idref="oc-5c6"/>
      </symbol>
      <symbol id="sm-61f">
         <name>__mspabi_sral_9</name>
         <value>0x8d28</value>
         <object_component_ref idref="oc-5c6"/>
      </symbol>
      <symbol id="sm-620">
         <name>__mspabi_sral_6</name>
         <value>0x8d34</value>
         <object_component_ref idref="oc-5c6"/>
      </symbol>
      <symbol id="sm-621">
         <name>__mspabi_sral_7</name>
         <value>0x8d30</value>
         <object_component_ref idref="oc-5c6"/>
      </symbol>
      <symbol id="sm-622">
         <name>__mspabi_sral_4</name>
         <value>0x8d3c</value>
         <object_component_ref idref="oc-5c6"/>
      </symbol>
      <symbol id="sm-623">
         <name>__mspabi_sral_5</name>
         <value>0x8d38</value>
         <object_component_ref idref="oc-5c6"/>
      </symbol>
      <symbol id="sm-624">
         <name>__mspabi_sral_2</name>
         <value>0x8d44</value>
         <object_component_ref idref="oc-5c6"/>
      </symbol>
      <symbol id="sm-625">
         <name>__mspabi_sral_3</name>
         <value>0x8d40</value>
         <object_component_ref idref="oc-5c6"/>
      </symbol>
      <symbol id="sm-626">
         <name>__mspabi_sral_1</name>
         <value>0x8d48</value>
         <object_component_ref idref="oc-5c6"/>
      </symbol>
      <symbol id="sm-633">
         <name>__mspabi_srall</name>
         <value>0x8c54</value>
         <object_component_ref idref="oc-5d7"/>
      </symbol>
      <symbol id="sm-63b">
         <name>__mspabi_srll_8</name>
         <value>0x8da8</value>
         <object_component_ref idref="oc-531"/>
      </symbol>
      <symbol id="sm-63c">
         <name>__mspabi_srll_9</name>
         <value>0x8da4</value>
         <object_component_ref idref="oc-531"/>
      </symbol>
      <symbol id="sm-63d">
         <name>__mspabi_srll_6</name>
         <value>0x8db0</value>
         <object_component_ref idref="oc-531"/>
      </symbol>
      <symbol id="sm-63e">
         <name>__mspabi_srll_7</name>
         <value>0x8dac</value>
         <object_component_ref idref="oc-531"/>
      </symbol>
      <symbol id="sm-63f">
         <name>__mspabi_srll_4</name>
         <value>0x8db8</value>
         <object_component_ref idref="oc-531"/>
      </symbol>
      <symbol id="sm-640">
         <name>__mspabi_srll_5</name>
         <value>0x8db4</value>
         <object_component_ref idref="oc-531"/>
      </symbol>
      <symbol id="sm-641">
         <name>__mspabi_srll_2</name>
         <value>0x8dc0</value>
         <object_component_ref idref="oc-531"/>
      </symbol>
      <symbol id="sm-642">
         <name>__mspabi_srll_3</name>
         <value>0x8dbc</value>
         <object_component_ref idref="oc-531"/>
      </symbol>
      <symbol id="sm-643">
         <name>__mspabi_srll_1</name>
         <value>0x8dc4</value>
         <object_component_ref idref="oc-531"/>
      </symbol>
      <symbol id="sm-644">
         <name>__mspabi_srll_15</name>
         <value>0x8d8c</value>
         <object_component_ref idref="oc-531"/>
      </symbol>
      <symbol id="sm-645">
         <name>__mspabi_srll_14</name>
         <value>0x8d90</value>
         <object_component_ref idref="oc-531"/>
      </symbol>
      <symbol id="sm-646">
         <name>__mspabi_srll_13</name>
         <value>0x8d94</value>
         <object_component_ref idref="oc-531"/>
      </symbol>
      <symbol id="sm-647">
         <name>__mspabi_srll_12</name>
         <value>0x8d98</value>
         <object_component_ref idref="oc-531"/>
      </symbol>
      <symbol id="sm-648">
         <name>__mspabi_srll_11</name>
         <value>0x8d9c</value>
         <object_component_ref idref="oc-531"/>
      </symbol>
      <symbol id="sm-649">
         <name>__mspabi_srll_10</name>
         <value>0x8da0</value>
         <object_component_ref idref="oc-531"/>
      </symbol>
      <symbol id="sm-659">
         <name>_c_int00_noargs_mpu</name>
         <value>0x9048</value>
         <object_component_ref idref="oc-46c"/>
      </symbol>
      <symbol id="sm-65a">
         <name>_stack</name>
         <value>0x2f60</value>
         <object_component_ref idref="oc-41c"/>
      </symbol>
      <symbol id="sm-65b">
         <name>_reset_vector</name>
         <value>0xfffe</value>
         <object_component_ref idref="oc-41f"/>
      </symbol>
      <symbol id="sm-669">
         <name>__mpu_init</name>
         <value>0x8dca</value>
         <object_component_ref idref="oc-4ad"/>
      </symbol>
      <symbol id="sm-68c">
         <name>__TI_auto_init_nobinit_nopinit_hold_wdt</name>
         <value>0x8958</value>
         <object_component_ref idref="oc-55c"/>
      </symbol>
      <symbol id="sm-695">
         <name>_system_post_cinit</name>
         <value>0x901a</value>
         <object_component_ref idref="oc-5f7"/>
      </symbol>
      <symbol id="sm-69e">
         <name>_system_pre_init</name>
         <value>0x9016</value>
         <object_component_ref idref="oc-495"/>
      </symbol>
      <symbol id="sm-6aa">
         <name>C$$EXIT</name>
         <value>0x9010</value>
         <object_component_ref idref="oc-538"/>
      </symbol>
      <symbol id="sm-6ab">
         <name>abort</name>
         <value>0x9010</value>
         <object_component_ref idref="oc-538"/>
      </symbol>
   </symbol_table>
   <title>Link successful</title>
</link_info>
