<?xml version="1.0" encoding="ISO-8859-1" ?>
<link_info>
   <banner>MSP430 Linker PC v20.2.1.LTS</banner>
   <copyright>Copyright (c) 2003-2018 Texas Instruments Incorporated</copyright>
   <link_time>0x602ebffc</link_time>
   <link_errors>0x0</link_errors>
   <output_file>loraD.out</output_file>
   <entry_point>
      <name>_c_int00_noargs_mpu</name>
      <address>0xb3f8</address>
   </entry_point>
   <input_file_list>
      <input_file id="fl-2">
         <path>.\</path>
         <kind>object</kind>
         <file>base64.obj</file>
         <name>base64.obj</name>
      </input_file>
      <input_file id="fl-3">
         <path>.\</path>
         <kind>object</kind>
         <file>main.obj</file>
         <name>main.obj</name>
      </input_file>
      <input_file id="fl-4">
         <path>.\</path>
         <kind>object</kind>
         <file>mcu.obj</file>
         <name>mcu.obj</name>
      </input_file>
      <input_file id="fl-5">
         <path>.\</path>
         <kind>object</kind>
         <file>spi.obj</file>
         <name>spi.obj</name>
      </input_file>
      <input_file id="fl-6">
         <path>.\</path>
         <kind>object</kind>
         <file>sx1276.obj</file>
         <name>sx1276.obj</name>
      </input_file>
      <input_file id="fl-7">
         <path>.\</path>
         <kind>object</kind>
         <file>uart.obj</file>
         <name>uart.obj</name>
      </input_file>
      <input_file id="fl-d">
         <kind>object</kind>
         <file>&lt;internal&gt;</file>
         <name>&lt;internal&gt;</name>
      </input_file>
      <input_file id="fl-28">
         <path>C:\ti\ccs1011\ccs\tools\compiler\ti-cgt-msp430_20.2.1.LTS\lib\</path>
         <kind>archive</kind>
         <file>rts430x_lc_sd_eabi.lib</file>
         <name>copy_decompress_lzss.c.obj</name>
      </input_file>
      <input_file id="fl-29">
         <path>C:\ti\ccs1011\ccs\tools\compiler\ti-cgt-msp430_20.2.1.LTS\lib\</path>
         <kind>archive</kind>
         <file>rts430x_lc_sd_eabi.lib</file>
         <name>copy_decompress_none.c.obj</name>
      </input_file>
      <input_file id="fl-2a">
         <path>C:\ti\ccs1011\ccs\tools\compiler\ti-cgt-msp430_20.2.1.LTS\lib\</path>
         <kind>archive</kind>
         <file>rts430x_lc_sd_eabi.lib</file>
         <name>int22.asm.obj</name>
      </input_file>
      <input_file id="fl-2b">
         <path>C:\ti\ccs1011\ccs\tools\compiler\ti-cgt-msp430_20.2.1.LTS\lib\</path>
         <kind>archive</kind>
         <file>rts430x_lc_sd_eabi.lib</file>
         <name>isr_trap.asm.obj</name>
      </input_file>
      <input_file id="fl-2c">
         <path>C:\ti\ccs1011\ccs\tools\compiler\ti-cgt-msp430_20.2.1.LTS\lib\</path>
         <kind>archive</kind>
         <file>rts430x_lc_sd_eabi.lib</file>
         <name>int23.asm.obj</name>
      </input_file>
      <input_file id="fl-2d">
         <path>C:\ti\ccs1011\ccs\tools\compiler\ti-cgt-msp430_20.2.1.LTS\lib\</path>
         <kind>archive</kind>
         <file>rts430x_lc_sd_eabi.lib</file>
         <name>int25.asm.obj</name>
      </input_file>
      <input_file id="fl-2e">
         <path>C:\ti\ccs1011\ccs\tools\compiler\ti-cgt-msp430_20.2.1.LTS\lib\</path>
         <kind>archive</kind>
         <file>rts430x_lc_sd_eabi.lib</file>
         <name>int26.asm.obj</name>
      </input_file>
      <input_file id="fl-2f">
         <path>C:\ti\ccs1011\ccs\tools\compiler\ti-cgt-msp430_20.2.1.LTS\lib\</path>
         <kind>archive</kind>
         <file>rts430x_lc_sd_eabi.lib</file>
         <name>int27.asm.obj</name>
      </input_file>
      <input_file id="fl-30">
         <path>C:\ti\ccs1011\ccs\tools\compiler\ti-cgt-msp430_20.2.1.LTS\lib\</path>
         <kind>archive</kind>
         <file>rts430x_lc_sd_eabi.lib</file>
         <name>int28.asm.obj</name>
      </input_file>
      <input_file id="fl-31">
         <path>C:\ti\ccs1011\ccs\tools\compiler\ti-cgt-msp430_20.2.1.LTS\lib\</path>
         <kind>archive</kind>
         <file>rts430x_lc_sd_eabi.lib</file>
         <name>int29.asm.obj</name>
      </input_file>
      <input_file id="fl-32">
         <path>C:\ti\ccs1011\ccs\tools\compiler\ti-cgt-msp430_20.2.1.LTS\lib\</path>
         <kind>archive</kind>
         <file>rts430x_lc_sd_eabi.lib</file>
         <name>int30.asm.obj</name>
      </input_file>
      <input_file id="fl-33">
         <path>C:\ti\ccs1011\ccs\tools\compiler\ti-cgt-msp430_20.2.1.LTS\lib\</path>
         <kind>archive</kind>
         <file>rts430x_lc_sd_eabi.lib</file>
         <name>int31.asm.obj</name>
      </input_file>
      <input_file id="fl-34">
         <path>C:\ti\ccs1011\ccs\tools\compiler\ti-cgt-msp430_20.2.1.LTS\lib\</path>
         <kind>archive</kind>
         <file>rts430x_lc_sd_eabi.lib</file>
         <name>int32.asm.obj</name>
      </input_file>
      <input_file id="fl-35">
         <path>C:\ti\ccs1011\ccs\tools\compiler\ti-cgt-msp430_20.2.1.LTS\lib\</path>
         <kind>archive</kind>
         <file>rts430x_lc_sd_eabi.lib</file>
         <name>int33.asm.obj</name>
      </input_file>
      <input_file id="fl-36">
         <path>C:\ti\ccs1011\ccs\tools\compiler\ti-cgt-msp430_20.2.1.LTS\lib\</path>
         <kind>archive</kind>
         <file>rts430x_lc_sd_eabi.lib</file>
         <name>int34.asm.obj</name>
      </input_file>
      <input_file id="fl-37">
         <path>C:\ti\ccs1011\ccs\tools\compiler\ti-cgt-msp430_20.2.1.LTS\lib\</path>
         <kind>archive</kind>
         <file>rts430x_lc_sd_eabi.lib</file>
         <name>int35.asm.obj</name>
      </input_file>
      <input_file id="fl-38">
         <path>C:\ti\ccs1011\ccs\tools\compiler\ti-cgt-msp430_20.2.1.LTS\lib\</path>
         <kind>archive</kind>
         <file>rts430x_lc_sd_eabi.lib</file>
         <name>int36.asm.obj</name>
      </input_file>
      <input_file id="fl-39">
         <path>C:\ti\ccs1011\ccs\tools\compiler\ti-cgt-msp430_20.2.1.LTS\lib\</path>
         <kind>archive</kind>
         <file>rts430x_lc_sd_eabi.lib</file>
         <name>int37.asm.obj</name>
      </input_file>
      <input_file id="fl-3a">
         <path>C:\ti\ccs1011\ccs\tools\compiler\ti-cgt-msp430_20.2.1.LTS\lib\</path>
         <kind>archive</kind>
         <file>rts430x_lc_sd_eabi.lib</file>
         <name>int38.asm.obj</name>
      </input_file>
      <input_file id="fl-3b">
         <path>C:\ti\ccs1011\ccs\tools\compiler\ti-cgt-msp430_20.2.1.LTS\lib\</path>
         <kind>archive</kind>
         <file>rts430x_lc_sd_eabi.lib</file>
         <name>int39.asm.obj</name>
      </input_file>
      <input_file id="fl-3c">
         <path>C:\ti\ccs1011\ccs\tools\compiler\ti-cgt-msp430_20.2.1.LTS\lib\</path>
         <kind>archive</kind>
         <file>rts430x_lc_sd_eabi.lib</file>
         <name>int40.asm.obj</name>
      </input_file>
      <input_file id="fl-3d">
         <path>C:\ti\ccs1011\ccs\tools\compiler\ti-cgt-msp430_20.2.1.LTS\lib\</path>
         <kind>archive</kind>
         <file>rts430x_lc_sd_eabi.lib</file>
         <name>int41.asm.obj</name>
      </input_file>
      <input_file id="fl-3e">
         <path>C:\ti\ccs1011\ccs\tools\compiler\ti-cgt-msp430_20.2.1.LTS\lib\</path>
         <kind>archive</kind>
         <file>rts430x_lc_sd_eabi.lib</file>
         <name>int42.asm.obj</name>
      </input_file>
      <input_file id="fl-3f">
         <path>C:\ti\ccs1011\ccs\tools\compiler\ti-cgt-msp430_20.2.1.LTS\lib\</path>
         <kind>archive</kind>
         <file>rts430x_lc_sd_eabi.lib</file>
         <name>int43.asm.obj</name>
      </input_file>
      <input_file id="fl-40">
         <path>C:\ti\ccs1011\ccs\tools\compiler\ti-cgt-msp430_20.2.1.LTS\lib\</path>
         <kind>archive</kind>
         <file>rts430x_lc_sd_eabi.lib</file>
         <name>int44.asm.obj</name>
      </input_file>
      <input_file id="fl-41">
         <path>C:\ti\ccs1011\ccs\tools\compiler\ti-cgt-msp430_20.2.1.LTS\lib\</path>
         <kind>archive</kind>
         <file>rts430x_lc_sd_eabi.lib</file>
         <name>int45.asm.obj</name>
      </input_file>
      <input_file id="fl-42">
         <path>C:\ti\ccs1011\ccs\tools\compiler\ti-cgt-msp430_20.2.1.LTS\lib\</path>
         <kind>archive</kind>
         <file>rts430x_lc_sd_eabi.lib</file>
         <name>copy_zero_init.c.obj</name>
      </input_file>
      <input_file id="fl-43">
         <path>C:\ti\ccs1011\ccs\tools\compiler\ti-cgt-msp430_20.2.1.LTS\lib\</path>
         <kind>archive</kind>
         <file>rts430x_lc_sd_eabi.lib</file>
         <name>cpy_util.asm.obj</name>
      </input_file>
      <input_file id="fl-44">
         <path>C:\ti\ccs1011\ccs\tools\compiler\ti-cgt-msp430_20.2.1.LTS\lib\</path>
         <kind>archive</kind>
         <file>rts430x_lc_sd_eabi.lib</file>
         <name>addd.c.obj</name>
      </input_file>
      <input_file id="fl-45">
         <path>C:\ti\ccs1011\ccs\tools\compiler\ti-cgt-msp430_20.2.1.LTS\lib\</path>
         <kind>archive</kind>
         <file>rts430x_lc_sd_eabi.lib</file>
         <name>frcaddd.c.obj</name>
      </input_file>
      <input_file id="fl-46">
         <path>C:\ti\ccs1011\ccs\tools\compiler\ti-cgt-msp430_20.2.1.LTS\lib\</path>
         <kind>archive</kind>
         <file>rts430x_lc_sd_eabi.lib</file>
         <name>renormd.c.obj</name>
      </input_file>
      <input_file id="fl-47">
         <path>C:\ti\ccs1011\ccs\tools\compiler\ti-cgt-msp430_20.2.1.LTS\lib\</path>
         <kind>archive</kind>
         <file>rts430x_lc_sd_eabi.lib</file>
         <name>cmpd.c.obj</name>
      </input_file>
      <input_file id="fl-48">
         <path>C:\ti\ccs1011\ccs\tools\compiler\ti-cgt-msp430_20.2.1.LTS\lib\</path>
         <kind>archive</kind>
         <file>rts430x_lc_sd_eabi.lib</file>
         <name>divd.c.obj</name>
      </input_file>
      <input_file id="fl-49">
         <path>C:\ti\ccs1011\ccs\tools\compiler\ti-cgt-msp430_20.2.1.LTS\lib\</path>
         <kind>archive</kind>
         <file>rts430x_lc_sd_eabi.lib</file>
         <name>frcdivd.c.obj</name>
      </input_file>
      <input_file id="fl-4a">
         <path>C:\ti\ccs1011\ccs\tools\compiler\ti-cgt-msp430_20.2.1.LTS\lib\</path>
         <kind>archive</kind>
         <file>rts430x_lc_sd_eabi.lib</file>
         <name>div16u.asm.obj</name>
      </input_file>
      <input_file id="fl-4b">
         <path>C:\ti\ccs1011\ccs\tools\compiler\ti-cgt-msp430_20.2.1.LTS\lib\</path>
         <kind>archive</kind>
         <file>rts430x_lc_sd_eabi.lib</file>
         <name>div32u.asm.obj</name>
      </input_file>
      <input_file id="fl-4c">
         <path>C:\ti\ccs1011\ccs\tools\compiler\ti-cgt-msp430_20.2.1.LTS\lib\</path>
         <kind>archive</kind>
         <file>rts430x_lc_sd_eabi.lib</file>
         <name>fixdu.c.obj</name>
      </input_file>
      <input_file id="fl-4d">
         <path>C:\ti\ccs1011\ccs\tools\compiler\ti-cgt-msp430_20.2.1.LTS\lib\</path>
         <kind>archive</kind>
         <file>rts430x_lc_sd_eabi.lib</file>
         <name>fixdul.c.obj</name>
      </input_file>
      <input_file id="fl-4e">
         <path>C:\ti\ccs1011\ccs\tools\compiler\ti-cgt-msp430_20.2.1.LTS\lib\</path>
         <kind>archive</kind>
         <file>rts430x_lc_sd_eabi.lib</file>
         <name>fltid.c.obj</name>
      </input_file>
      <input_file id="fl-4f">
         <path>C:\ti\ccs1011\ccs\tools\compiler\ti-cgt-msp430_20.2.1.LTS\lib\</path>
         <kind>archive</kind>
         <file>rts430x_lc_sd_eabi.lib</file>
         <name>fltlid.c.obj</name>
      </input_file>
      <input_file id="fl-50">
         <path>C:\ti\ccs1011\ccs\tools\compiler\ti-cgt-msp430_20.2.1.LTS\lib\</path>
         <kind>archive</kind>
         <file>rts430x_lc_sd_eabi.lib</file>
         <name>fltud.c.obj</name>
      </input_file>
      <input_file id="fl-51">
         <path>C:\ti\ccs1011\ccs\tools\compiler\ti-cgt-msp430_20.2.1.LTS\lib\</path>
         <kind>archive</kind>
         <file>rts430x_lc_sd_eabi.lib</file>
         <name>fltuld.c.obj</name>
      </input_file>
      <input_file id="fl-52">
         <path>C:\ti\ccs1011\ccs\tools\compiler\ti-cgt-msp430_20.2.1.LTS\lib\</path>
         <kind>archive</kind>
         <file>rts430x_lc_sd_eabi.lib</file>
         <name>mpyd.c.obj</name>
      </input_file>
      <input_file id="fl-53">
         <path>C:\ti\ccs1011\ccs\tools\compiler\ti-cgt-msp430_20.2.1.LTS\lib\</path>
         <kind>archive</kind>
         <file>rts430x_lc_sd_eabi.lib</file>
         <name>frcmpyd.c.obj</name>
      </input_file>
      <input_file id="fl-54">
         <path>C:\ti\ccs1011\ccs\tools\compiler\ti-cgt-msp430_20.2.1.LTS\lib\</path>
         <kind>archive</kind>
         <file>rts430x_lc_sd_eabi.lib</file>
         <name>mult16.asm.obj</name>
      </input_file>
      <input_file id="fl-55">
         <path>C:\ti\ccs1011\ccs\tools\compiler\ti-cgt-msp430_20.2.1.LTS\lib\</path>
         <kind>archive</kind>
         <file>rts430x_lc_sd_eabi.lib</file>
         <name>mult16_f5hw.asm.obj</name>
      </input_file>
      <input_file id="fl-56">
         <path>C:\ti\ccs1011\ccs\tools\compiler\ti-cgt-msp430_20.2.1.LTS\lib\</path>
         <kind>archive</kind>
         <file>rts430x_lc_sd_eabi.lib</file>
         <name>mult32.asm.obj</name>
      </input_file>
      <input_file id="fl-57">
         <path>C:\ti\ccs1011\ccs\tools\compiler\ti-cgt-msp430_20.2.1.LTS\lib\</path>
         <kind>archive</kind>
         <file>rts430x_lc_sd_eabi.lib</file>
         <name>mult32_f5hw.asm.obj</name>
      </input_file>
      <input_file id="fl-58">
         <path>C:\ti\ccs1011\ccs\tools\compiler\ti-cgt-msp430_20.2.1.LTS\lib\</path>
         <kind>archive</kind>
         <file>rts430x_lc_sd_eabi.lib</file>
         <name>mult64_f5hw.asm.obj</name>
      </input_file>
      <input_file id="fl-59">
         <path>C:\ti\ccs1011\ccs\tools\compiler\ti-cgt-msp430_20.2.1.LTS\lib\</path>
         <kind>archive</kind>
         <file>rts430x_lc_sd_eabi.lib</file>
         <name>mult1632_f5hw.asm.obj</name>
      </input_file>
      <input_file id="fl-5a">
         <path>C:\ti\ccs1011\ccs\tools\compiler\ti-cgt-msp430_20.2.1.LTS\lib\</path>
         <kind>archive</kind>
         <file>rts430x_lc_sd_eabi.lib</file>
         <name>mult3264_f5hw.asm.obj</name>
      </input_file>
      <input_file id="fl-5b">
         <path>C:\ti\ccs1011\ccs\tools\compiler\ti-cgt-msp430_20.2.1.LTS\lib\</path>
         <kind>archive</kind>
         <file>rts430x_lc_sd_eabi.lib</file>
         <name>lsl16.asm.obj</name>
      </input_file>
      <input_file id="fl-5c">
         <path>C:\ti\ccs1011\ccs\tools\compiler\ti-cgt-msp430_20.2.1.LTS\lib\</path>
         <kind>archive</kind>
         <file>rts430x_lc_sd_eabi.lib</file>
         <name>lsl32.asm.obj</name>
      </input_file>
      <input_file id="fl-5d">
         <path>C:\ti\ccs1011\ccs\tools\compiler\ti-cgt-msp430_20.2.1.LTS\lib\</path>
         <kind>archive</kind>
         <file>rts430x_lc_sd_eabi.lib</file>
         <name>asr32.asm.obj</name>
      </input_file>
      <input_file id="fl-5e">
         <path>C:\ti\ccs1011\ccs\tools\compiler\ti-cgt-msp430_20.2.1.LTS\lib\</path>
         <kind>archive</kind>
         <file>rts430x_lc_sd_eabi.lib</file>
         <name>lsr32.asm.obj</name>
      </input_file>
      <input_file id="fl-5f">
         <path>C:\ti\ccs1011\ccs\tools\compiler\ti-cgt-msp430_20.2.1.LTS\lib\</path>
         <kind>archive</kind>
         <file>rts430x_lc_sd_eabi.lib</file>
         <name>lsr64.c.obj</name>
      </input_file>
      <input_file id="fl-60">
         <path>C:\ti\ccs1011\ccs\tools\compiler\ti-cgt-msp430_20.2.1.LTS\lib\</path>
         <kind>archive</kind>
         <file>rts430x_lc_sd_eabi.lib</file>
         <name>boot.c.obj</name>
      </input_file>
      <input_file id="fl-61">
         <path>C:\ti\ccs1011\ccs\ccs_base\msp430\lib\FR2xx\</path>
         <kind>archive</kind>
         <file>FRWP_INIT_LIB_CCS_msp430_large_code_small_data.lib</file>
         <name>frwp_init.obj</name>
      </input_file>
      <input_file id="fl-62">
         <path>C:\ti\ccs1011\ccs\tools\compiler\ti-cgt-msp430_20.2.1.LTS\lib\</path>
         <kind>archive</kind>
         <file>rts430x_lc_sd_eabi.lib</file>
         <name>args_main.c.obj</name>
      </input_file>
      <input_file id="fl-63">
         <path>C:\ti\ccs1011\ccs\tools\compiler\ti-cgt-msp430_20.2.1.LTS\lib\</path>
         <kind>archive</kind>
         <file>rts430x_lc_sd_eabi.lib</file>
         <name>autoinit.c.obj</name>
      </input_file>
      <input_file id="fl-64">
         <path>C:\ti\ccs1011\ccs\tools\compiler\ti-cgt-msp430_20.2.1.LTS\lib\</path>
         <kind>archive</kind>
         <file>rts430x_lc_sd_eabi.lib</file>
         <name>startup.c.obj</name>
      </input_file>
      <input_file id="fl-65">
         <path>C:\ti\ccs1011\ccs\tools\compiler\ti-cgt-msp430_20.2.1.LTS\lib\</path>
         <kind>archive</kind>
         <file>rts430x_lc_sd_eabi.lib</file>
         <name>pre_init.c.obj</name>
      </input_file>
      <input_file id="fl-66">
         <path>C:\ti\ccs1011\ccs\tools\compiler\ti-cgt-msp430_20.2.1.LTS\lib\</path>
         <kind>archive</kind>
         <file>rts430x_lc_sd_eabi.lib</file>
         <name>s_ceil.c.obj</name>
      </input_file>
      <input_file id="fl-67">
         <path>C:\ti\ccs1011\ccs\tools\compiler\ti-cgt-msp430_20.2.1.LTS\lib\</path>
         <kind>archive</kind>
         <file>rts430x_lc_sd_eabi.lib</file>
         <name>cpy_tbl.c.obj</name>
      </input_file>
      <input_file id="fl-68">
         <path>C:\ti\ccs1011\ccs\tools\compiler\ti-cgt-msp430_20.2.1.LTS\lib\</path>
         <kind>archive</kind>
         <file>rts430x_lc_sd_eabi.lib</file>
         <name>exit.c.obj</name>
      </input_file>
      <input_file id="fl-69">
         <path>C:\ti\ccs1011\ccs\tools\compiler\ti-cgt-msp430_20.2.1.LTS\lib\</path>
         <kind>archive</kind>
         <file>rts430x_lc_sd_eabi.lib</file>
         <name>exit_gvars.c.obj</name>
      </input_file>
      <input_file id="fl-6a">
         <path>C:\ti\ccs1011\ccs\tools\compiler\ti-cgt-msp430_20.2.1.LTS\lib\</path>
         <kind>archive</kind>
         <file>rts430x_lc_sd_eabi.lib</file>
         <name>_lock.c.obj</name>
      </input_file>
      <input_file id="fl-6b">
         <path>C:\ti\ccs1011\ccs\tools\compiler\ti-cgt-msp430_20.2.1.LTS\lib\</path>
         <kind>archive</kind>
         <file>rts430x_lc_sd_eabi.lib</file>
         <name>s_floor.c.obj</name>
      </input_file>
      <input_file id="fl-6c">
         <path>C:\ti\ccs1011\ccs\tools\compiler\ti-cgt-msp430_20.2.1.LTS\lib\</path>
         <kind>archive</kind>
         <file>rts430x_lc_sd_eabi.lib</file>
         <name>memcpy.c.obj</name>
      </input_file>
      <input_file id="fl-6d">
         <path>C:\ti\ccs1011\ccs\tools\compiler\ti-cgt-msp430_20.2.1.LTS\lib\</path>
         <kind>archive</kind>
         <file>rts430x_lc_sd_eabi.lib</file>
         <name>memset.c.obj</name>
      </input_file>
      <input_file id="fl-6e">
         <path>C:\ti\ccs1011\ccs\tools\compiler\ti-cgt-msp430_20.2.1.LTS\lib\</path>
         <kind>archive</kind>
         <file>rts430x_lc_sd_eabi.lib</file>
         <name>s_round.c.obj</name>
      </input_file>
      <input_file id="fl-6f">
         <path>C:\ti\ccs1011\ccs\tools\compiler\ti-cgt-msp430_20.2.1.LTS\lib\</path>
         <kind>archive</kind>
         <file>rts430x_lc_sd_eabi.lib</file>
         <name>negd.c.obj</name>
      </input_file>
      <input_file id="fl-70">
         <path>C:\ti\ccs1011\ccs\tools\compiler\ti-cgt-msp430_20.2.1.LTS\lib\</path>
         <kind>archive</kind>
         <file>rts430x_lc_sd_eabi.lib</file>
         <name>subd.c.obj</name>
      </input_file>
   </input_file_list>
   <object_component_list>
      <object_component id="oc-866">
         <name>__TI_handler_table</name>
         <load_address>0x8000</load_address>
         <run_address>0x8000</run_address>
         <size>0xc</size>
      </object_component>
      <object_component id="oc-869">
         <name>.cinit..data.load</name>
         <load_address>0x800c</load_address>
         <run_address>0x800c</run_address>
         <size>0x7</size>
      </object_component>
      <object_component id="oc-868">
         <name>.cinit..bss.load</name>
         <load_address>0x8014</load_address>
         <run_address>0x8014</run_address>
         <size>0x6</size>
      </object_component>
      <object_component id="oc-867">
         <name>__TI_cinit_table</name>
         <load_address>0x801a</load_address>
         <run_address>0x801a</run_address>
         <size>0x10</size>
      </object_component>
      <object_component id="oc-806">
         <name>.binit</name>
         <load_address>0x802a</load_address>
         <run_address>0x802a</run_address>
         <size>0x0</size>
      </object_component>
      <object_component id="oc-799">
         <name>.const:fsk_bandwidths</name>
         <load_address>0x802a</load_address>
         <run_address>0x802a</run_address>
         <size>0x84</size>
         <input_file_ref idref="fl-6"/>
      </object_component>
      <object_component id="oc-6c7">
         <name>.const:radio_registers</name>
         <load_address>0x80ae</load_address>
         <run_address>0x80ae</run_address>
         <size>0x40</size>
         <input_file_ref idref="fl-6"/>
      </object_component>
      <object_component id="oc-550">
         <name>.const:.string</name>
         <load_address>0x80ee</load_address>
         <run_address>0x80ee</run_address>
         <size>0x1c</size>
         <input_file_ref idref="fl-3"/>
      </object_component>
      <object_component id="oc-62b">
         <name>.text:sx1276_set_txconfig</name>
         <load_address>0x810a</load_address>
         <run_address>0x810a</run_address>
         <size>0x476</size>
         <input_file_ref idref="fl-6"/>
      </object_component>
      <object_component id="oc-784">
         <name>.text:__TI_frcdivd</name>
         <load_address>0x8580</load_address>
         <run_address>0x8580</run_address>
         <size>0x466</size>
         <input_file_ref idref="fl-49"/>
      </object_component>
      <object_component id="oc-631">
         <name>.text:sx1276_set_rxconfig</name>
         <load_address>0x89e6</load_address>
         <run_address>0x89e6</run_address>
         <size>0x3c6</size>
         <input_file_ref idref="fl-6"/>
      </object_component>
      <object_component id="oc-6a4">
         <name>.text:sx1276_set_rx</name>
         <load_address>0x8dac</load_address>
         <run_address>0x8dac</run_address>
         <size>0x372</size>
         <input_file_ref idref="fl-6"/>
      </object_component>
      <object_component id="oc-4ed">
         <name>.text:sx1276_on_dio0irq</name>
         <load_address>0x911e</load_address>
         <run_address>0x911e</run_address>
         <size>0x314</size>
         <input_file_ref idref="fl-6"/>
      </object_component>
      <object_component id="oc-757">
         <name>.text:__mspabi_addd</name>
         <load_address>0x9432</load_address>
         <run_address>0x9432</run_address>
         <size>0x2de</size>
         <input_file_ref idref="fl-44"/>
      </object_component>
      <object_component id="oc-7c3">
         <name>.text:__TI_frcmpyd</name>
         <load_address>0x9710</load_address>
         <run_address>0x9710</run_address>
         <size>0x280</size>
         <input_file_ref idref="fl-53"/>
      </object_component>
      <object_component id="oc-772">
         <name>.text:__mspabi_mpyd</name>
         <load_address>0x9990</load_address>
         <run_address>0x9990</run_address>
         <size>0x264</size>
         <input_file_ref idref="fl-52"/>
      </object_component>
      <object_component id="oc-7b8">
         <name>.text:__TI_frcaddd</name>
         <load_address>0x9bf4</load_address>
         <run_address>0x9bf4</run_address>
         <size>0x248</size>
         <input_file_ref idref="fl-45"/>
      </object_component>
      <object_component id="oc-6d7">
         <name>.text:__mspabi_divd</name>
         <load_address>0x9e3c</load_address>
         <run_address>0x9e3c</run_address>
         <size>0x220</size>
         <input_file_ref idref="fl-48"/>
      </object_component>
      <object_component id="oc-654">
         <name>.text:sx1276_send</name>
         <load_address>0xa05c</load_address>
         <run_address>0xa05c</run_address>
         <size>0x14e</size>
         <input_file_ref idref="fl-6"/>
      </object_component>
      <object_component id="oc-6ad">
         <name>.text:base64_encode</name>
         <load_address>0xa1aa</load_address>
         <run_address>0xa1aa</run_address>
         <size>0x146</size>
         <input_file_ref idref="fl-2"/>
      </object_component>
      <object_component id="oc-6bb">
         <name>.text:sx1276_rxchain_calibration</name>
         <load_address>0xa2f0</load_address>
         <run_address>0xa2f0</run_address>
         <size>0xfe</size>
         <input_file_ref idref="fl-6"/>
      </object_component>
      <object_component id="oc-66">
         <name>.text:decompress:lzss:__TI_decompress_lzss</name>
         <load_address>0xa3ee</load_address>
         <run_address>0xa3ee</run_address>
         <size>0xee</size>
         <input_file_ref idref="fl-28"/>
      </object_component>
      <object_component id="oc-710">
         <name>.text:sx1276_set_tx</name>
         <load_address>0xa4dc</load_address>
         <run_address>0xa4dc</run_address>
         <size>0xc0</size>
         <input_file_ref idref="fl-6"/>
      </object_component>
      <object_component id="oc-55d">
         <name>.text:rf_init_lora</name>
         <load_address>0xa59c</load_address>
         <run_address>0xa59c</run_address>
         <size>0xb8</size>
         <input_file_ref idref="fl-3"/>
      </object_component>
      <object_component id="oc-7e9">
         <name>.text:__TI_renormd</name>
         <load_address>0xa654</load_address>
         <run_address>0xa654</run_address>
         <size>0xb2</size>
         <input_file_ref idref="fl-46"/>
      </object_component>
      <object_component id="oc-544">
         <name>.text:mcu_init</name>
         <load_address>0xa706</load_address>
         <run_address>0xa706</run_address>
         <size>0xa4</size>
         <input_file_ref idref="fl-4"/>
      </object_component>
      <object_component id="oc-56f">
         <name>.text:uart_printhex32</name>
         <load_address>0xa7aa</load_address>
         <run_address>0xa7aa</run_address>
         <size>0xa4</size>
         <input_file_ref idref="fl-7"/>
      </object_component>
      <object_component id="oc-501">
         <name>.text:main</name>
         <load_address>0xa84e</load_address>
         <run_address>0xa84e</run_address>
         <size>0xa2</size>
         <input_file_ref idref="fl-3"/>
      </object_component>
      <object_component id="oc-6ca">
         <name>.text:sx1276_set_modem</name>
         <load_address>0xa8f0</load_address>
         <run_address>0xa8f0</run_address>
         <size>0x86</size>
         <input_file_ref idref="fl-6"/>
      </object_component>
      <object_component id="oc-6d1">
         <name>.text:__mspabi_fltuld</name>
         <load_address>0xa976</load_address>
         <run_address>0xa976</run_address>
         <size>0x80</size>
         <input_file_ref idref="fl-51"/>
      </object_component>
      <object_component id="oc-563">
         <name>.text:uart_printhex8</name>
         <load_address>0xa9f6</load_address>
         <run_address>0xa9f6</run_address>
         <size>0x80</size>
         <input_file_ref idref="fl-7"/>
      </object_component>
      <object_component id="oc-6f1">
         <name>.text:sx1276_get_fsk_bandwidthregvalue</name>
         <load_address>0xaa76</load_address>
         <run_address>0xaa76</run_address>
         <size>0x7e</size>
         <input_file_ref idref="fl-6"/>
      </object_component>
      <object_component id="oc-613">
         <name>.text:OnRxDone</name>
         <load_address>0xaaf4</load_address>
         <run_address>0xaaf4</run_address>
         <size>0x7c</size>
         <input_file_ref idref="fl-3"/>
      </object_component>
      <object_component id="oc-61f">
         <name>.text:sx1276_init</name>
         <load_address>0xab70</load_address>
         <run_address>0xab70</run_address>
         <size>0x7a</size>
         <input_file_ref idref="fl-6"/>
      </object_component>
      <object_component id="oc-764">
         <name>.text:base64_basis</name>
         <load_address>0xabea</load_address>
         <run_address>0xabea</run_address>
         <size>0x70</size>
         <input_file_ref idref="fl-2"/>
      </object_component>
      <object_component id="oc-5a3">
         <name>.text:__TI_auto_init_nobinit_nopinit_hold_wdt:__TI_auto_init_nobinit_nopinit_hold_wdt</name>
         <load_address>0xac5a</load_address>
         <run_address>0xac5a</run_address>
         <size>0x6a</size>
         <input_file_ref idref="fl-63"/>
      </object_component>
      <object_component id="oc-6dd">
         <name>.text:__mspabi_fixdul</name>
         <load_address>0xacc4</load_address>
         <run_address>0xacc4</run_address>
         <size>0x68</size>
         <input_file_ref idref="fl-4d"/>
      </object_component>
      <object_component id="oc-625">
         <name>.text:sx1276_set_channel</name>
         <load_address>0xad2c</load_address>
         <run_address>0xad2c</run_address>
         <size>0x66</size>
         <input_file_ref idref="fl-6"/>
      </object_component>
      <object_component id="oc-644">
         <name>.text</name>
         <load_address>0xad92</load_address>
         <run_address>0xad92</run_address>
         <size>0x58</size>
         <input_file_ref idref="fl-4b"/>
      </object_component>
      <object_component id="oc-5f7">
         <name>.text:sx1276_read_buffer</name>
         <load_address>0xadea</load_address>
         <run_address>0xadea</run_address>
         <size>0x54</size>
         <input_file_ref idref="fl-6"/>
      </object_component>
      <object_component id="oc-557">
         <name>.text:spi_init</name>
         <load_address>0xae3e</load_address>
         <run_address>0xae3e</run_address>
         <size>0x52</size>
         <input_file_ref idref="fl-5"/>
      </object_component>
      <object_component id="oc-79d">
         <name>.text:sx1276_write_buffer</name>
         <load_address>0xae90</load_address>
         <run_address>0xae90</run_address>
         <size>0x4e</size>
         <input_file_ref idref="fl-6"/>
      </object_component>
      <object_component id="oc-704">
         <name>.text:mcu_memcpy1</name>
         <load_address>0xaede</load_address>
         <run_address>0xaede</run_address>
         <size>0x4a</size>
         <input_file_ref idref="fl-4"/>
      </object_component>
      <object_component id="oc-48f">
         <name>.text:__memcpy_far</name>
         <load_address>0xaf28</load_address>
         <run_address>0xaf28</run_address>
         <size>0x40</size>
         <input_file_ref idref="fl-43"/>
      </object_component>
      <object_component id="oc-54a">
         <name>.text:uart_init</name>
         <load_address>0xaf68</load_address>
         <run_address>0xaf68</run_address>
         <size>0x40</size>
         <input_file_ref idref="fl-7"/>
      </object_component>
      <object_component id="oc-4a6">
         <name>.text:decompress:ZI:__TI_zero_init_nomemset:__TI_zero_init_nomemset</name>
         <load_address>0xafa8</load_address>
         <run_address>0xafa8</run_address>
         <size>0x3e</size>
         <input_file_ref idref="fl-42"/>
      </object_component>
      <object_component id="oc-7ce">
         <name>.text:l_asr_const</name>
         <load_address>0xafe6</load_address>
         <run_address>0xafe6</run_address>
         <size>0x3e</size>
         <input_file_ref idref="fl-5d"/>
      </object_component>
      <object_component id="oc-76d">
         <name>.text:l_lsl_const</name>
         <load_address>0xb024</load_address>
         <run_address>0xb024</run_address>
         <size>0x3e</size>
         <input_file_ref idref="fl-5c"/>
      </object_component>
      <object_component id="oc-77d">
         <name>.text:l_lsr_const</name>
         <load_address>0xb062</load_address>
         <run_address>0xb062</run_address>
         <size>0x3e</size>
         <input_file_ref idref="fl-5e"/>
      </object_component>
      <object_component id="oc-513">
         <name>.text:__mpu_init</name>
         <load_address>0xb0a0</load_address>
         <run_address>0xb0a0</run_address>
         <size>0x3c</size>
         <input_file_ref idref="fl-61"/>
      </object_component>
      <object_component id="oc-6c">
         <name>.text:decompress:none:__TI_decompress_none</name>
         <load_address>0xb0dc</load_address>
         <run_address>0xb0dc</run_address>
         <size>0x3c</size>
         <input_file_ref idref="fl-29"/>
      </object_component>
      <object_component id="oc-70a">
         <name>.text:mcu_delayms</name>
         <load_address>0xb118</load_address>
         <run_address>0xb118</run_address>
         <size>0x3c</size>
         <input_file_ref idref="fl-4"/>
      </object_component>
      <object_component id="oc-578">
         <name>.text:SendPing</name>
         <load_address>0xb154</load_address>
         <run_address>0xb154</run_address>
         <size>0x36</size>
         <input_file_ref idref="fl-3"/>
      </object_component>
      <object_component id="oc-6b5">
         <name>.text:sx1275_reset</name>
         <load_address>0xb18a</load_address>
         <run_address>0xb18a</run_address>
         <size>0x34</size>
         <input_file_ref idref="fl-6"/>
      </object_component>
      <object_component id="oc-551">
         <name>.text:uart_write</name>
         <load_address>0xb1be</load_address>
         <run_address>0xb1be</run_address>
         <size>0x32</size>
         <input_file_ref idref="fl-7"/>
      </object_component>
      <object_component id="oc-525">
         <name>.text:sx1276_read</name>
         <load_address>0xb1f0</load_address>
         <run_address>0xb1f0</run_address>
         <size>0x2c</size>
         <input_file_ref idref="fl-6"/>
      </object_component>
      <object_component id="oc-6e4">
         <name>.text:sx1276_get_paselect</name>
         <load_address>0xb21c</load_address>
         <run_address>0xb21c</run_address>
         <size>0x2a</size>
         <input_file_ref idref="fl-6"/>
      </object_component>
      <object_component id="oc-52b">
         <name>.text:sx1276_write</name>
         <load_address>0xb246</load_address>
         <run_address>0xb246</run_address>
         <size>0x28</size>
         <input_file_ref idref="fl-6"/>
      </object_component>
      <object_component id="oc-649">
         <name>.text</name>
         <load_address>0xb26e</load_address>
         <run_address>0xb26e</run_address>
         <size>0x24</size>
         <input_file_ref idref="fl-57"/>
      </object_component>
      <object_component id="oc-6c1">
         <name>.text:sx1276_set_opmode</name>
         <load_address>0xb292</load_address>
         <run_address>0xb292</run_address>
         <size>0x1e</size>
         <input_file_ref idref="fl-6"/>
      </object_component>
      <object_component id="oc-60a">
         <name>.text:OnTxDone</name>
         <load_address>0xb2b0</load_address>
         <run_address>0xb2b0</run_address>
         <size>0x18</size>
         <input_file_ref idref="fl-3"/>
      </object_component>
      <object_component id="oc-63d">
         <name>.text</name>
         <load_address>0xb2c8</load_address>
         <run_address>0xb2c8</run_address>
         <size>0x18</size>
         <input_file_ref idref="fl-55"/>
      </object_component>
      <object_component id="oc-534">
         <name>.text:sx1276_read_fifo</name>
         <load_address>0xb2e0</load_address>
         <run_address>0xb2e0</run_address>
         <size>0x18</size>
         <input_file_ref idref="fl-6"/>
      </object_component>
      <object_component id="oc-6fe">
         <name>.text:sx1276_write_fifo</name>
         <load_address>0xb2f8</load_address>
         <run_address>0xb2f8</run_address>
         <size>0x18</size>
         <input_file_ref idref="fl-6"/>
      </object_component>
      <object_component id="oc-638">
         <name>.text</name>
         <load_address>0xb310</load_address>
         <run_address>0xb310</run_address>
         <size>0x16</size>
         <input_file_ref idref="fl-4a"/>
      </object_component>
      <object_component id="oc-569">
         <name>.text:uart_writec</name>
         <load_address>0xb326</load_address>
         <run_address>0xb326</run_address>
         <size>0x16</size>
         <input_file_ref idref="fl-7"/>
      </object_component>
      <object_component id="oc-75d">
         <name>.text:memset</name>
         <load_address>0xb33c</load_address>
         <run_address>0xb33c</run_address>
         <size>0x14</size>
         <input_file_ref idref="fl-6d"/>
      </object_component>
      <object_component id="oc-690">
         <name>.text:spi_send</name>
         <load_address>0xb350</load_address>
         <run_address>0xb350</run_address>
         <size>0x14</size>
         <input_file_ref idref="fl-5"/>
      </object_component>
      <object_component id="oc-6ea">
         <name>.text:__mspabi_fixdu</name>
         <load_address>0xb364</load_address>
         <run_address>0xb364</run_address>
         <size>0x12</size>
         <input_file_ref idref="fl-4c"/>
      </object_component>
      <object_component id="oc-5e4">
         <name>.text:spi_transfer</name>
         <load_address>0xb376</load_address>
         <run_address>0xb376</run_address>
         <size>0x12</size>
         <input_file_ref idref="fl-5"/>
      </object_component>
      <object_component id="oc-7e4">
         <name>.text:l_asr</name>
         <load_address>0xb388</load_address>
         <run_address>0xb388</run_address>
         <size>0x10</size>
         <input_file_ref idref="fl-5d"/>
      </object_component>
      <object_component id="oc-7df">
         <name>.text:l_lsl</name>
         <load_address>0xb398</load_address>
         <run_address>0xb398</run_address>
         <size>0x10</size>
         <input_file_ref idref="fl-5c"/>
      </object_component>
      <object_component id="oc-791">
         <name>.text:l_lsr</name>
         <load_address>0xb3a8</load_address>
         <run_address>0xb3a8</run_address>
         <size>0x10</size>
         <input_file_ref idref="fl-5e"/>
      </object_component>
      <object_component id="oc-696">
         <name>.text:spi_recv</name>
         <load_address>0xb3b8</load_address>
         <run_address>0xb3b8</run_address>
         <size>0xe</size>
         <input_file_ref idref="fl-5"/>
      </object_component>
      <object_component id="oc-619">
         <name>.text:OnRxError</name>
         <load_address>0xb3c6</load_address>
         <run_address>0xb3c6</run_address>
         <size>0xa</size>
         <input_file_ref idref="fl-3"/>
      </object_component>
      <object_component id="oc-74e">
         <name>.text:spi_rxready</name>
         <load_address>0xb3d0</load_address>
         <run_address>0xb3d0</run_address>
         <size>0x8</size>
         <input_file_ref idref="fl-5"/>
      </object_component>
      <object_component id="oc-747">
         <name>.text:spi_txready</name>
         <load_address>0xb3d8</load_address>
         <run_address>0xb3d8</run_address>
         <size>0x8</size>
         <input_file_ref idref="fl-5"/>
      </object_component>
      <object_component id="oc-57f">
         <name>.text:abort</name>
         <load_address>0xb3e0</load_address>
         <run_address>0xb3e0</run_address>
         <size>0x6</size>
         <input_file_ref idref="fl-68"/>
      </object_component>
      <object_component id="oc-5ed">
         <name>.text:spi_chipDisable</name>
         <load_address>0xb3e6</load_address>
         <run_address>0xb3e6</run_address>
         <size>0x6</size>
         <input_file_ref idref="fl-5"/>
      </object_component>
      <object_component id="oc-5de">
         <name>.text:spi_chipEnable</name>
         <load_address>0xb3ec</load_address>
         <run_address>0xb3ec</run_address>
         <size>0x6</size>
         <input_file_ref idref="fl-5"/>
      </object_component>
      <object_component id="oc-4fb">
         <name>.text:_system_pre_init</name>
         <load_address>0xb3f2</load_address>
         <run_address>0xb3f2</run_address>
         <size>0x4</size>
         <input_file_ref idref="fl-65"/>
      </object_component>
      <object_component id="oc-66d">
         <name>.text:_system_post_cinit</name>
         <load_address>0xb3f6</load_address>
         <run_address>0xb3f6</run_address>
         <size>0x2</size>
         <input_file_ref idref="fl-64"/>
      </object_component>
      <object_component id="oc-4d0">
         <name>.text:_isr:_c_int00_noargs_mpu</name>
         <load_address>0xb3f8</load_address>
         <run_address>0xb3f8</run_address>
         <size>0x20</size>
         <input_file_ref idref="fl-60"/>
      </object_component>
      <object_component id="oc-4a0">
         <name>.text:_isr:port_2</name>
         <load_address>0xb418</load_address>
         <run_address>0xb418</run_address>
         <size>0x18</size>
         <input_file_ref idref="fl-6"/>
      </object_component>
      <object_component id="oc-49b">
         <name>.text:_isr:__TI_ISR_TRAP</name>
         <load_address>0xb430</load_address>
         <run_address>0xb430</run_address>
         <size>0x8</size>
         <input_file_ref idref="fl-2b"/>
      </object_component>
      <object_component id="oc-610">
         <name>.bss:radio_events</name>
         <uninitialized>true</uninitialized>
         <run_address>0x2176</run_address>
         <size>0x1c</size>
         <input_file_ref idref="fl-3"/>
      </object_component>
      <object_component id="oc-53a">
         <name>.bss:RxTxBuffer</name>
         <uninitialized>true</uninitialized>
         <run_address>0x2000</run_address>
         <size>0x100</size>
         <input_file_ref idref="fl-6"/>
      </object_component>
      <object_component id="oc-531">
         <name>.bss</name>
         <uninitialized>true</uninitialized>
         <run_address>0x2192</run_address>
         <size>0x2</size>
         <input_file_ref idref="fl-6"/>
      </object_component>
      <object_component id="oc-651">
         <name>.common:buffer</name>
         <uninitialized>true</uninitialized>
         <run_address>0x2156</run_address>
         <size>0x20</size>
      </object_component>
      <object_component id="oc-522">
         <name>.common:sx1276</name>
         <uninitialized>true</uninitialized>
         <run_address>0x2100</run_address>
         <size>0x56</size>
      </object_component>
      <object_component id="oc-575">
         <name>.data</name>
         <load_address>0x2194</load_address>
         <run_address>0x2194</run_address>
         <size>0x2</size>
         <input_file_ref idref="fl-3"/>
      </object_component>
      <object_component id="oc-5ea">
         <name>.data</name>
         <load_address>0x2196</load_address>
         <run_address>0x2196</run_address>
         <size>0x1</size>
         <input_file_ref idref="fl-5"/>
      </object_component>
      <object_component id="oc-480">
         <name>.stack</name>
         <uninitialized>true</uninitialized>
         <run_address>0x2f60</run_address>
         <size>0x2</size>
         <input_file_ref idref="fl-60"/>
      </object_component>
      <object_component id="oc-86a">
         <name>.stack</name>
         <uninitialized>true</uninitialized>
         <run_address>0x2f60</run_address>
         <size>0x0</size>
      </object_component>
      <object_component id="oc-72">
         <name>.int22</name>
         <load_address>0xffce</load_address>
         <run_address>0xffce</run_address>
         <size>0x2</size>
         <input_file_ref idref="fl-2a"/>
      </object_component>
      <object_component id="oc-73">
         <name>.int23</name>
         <load_address>0xffd0</load_address>
         <run_address>0xffd0</run_address>
         <size>0x2</size>
         <input_file_ref idref="fl-2c"/>
      </object_component>
      <object_component id="oc-74">
         <name>.int24</name>
         <load_address>0xffd2</load_address>
         <run_address>0xffd2</run_address>
         <size>0x2</size>
         <input_file_ref idref="fl-6"/>
      </object_component>
      <object_component id="oc-75">
         <name>.int25</name>
         <load_address>0xffd4</load_address>
         <run_address>0xffd4</run_address>
         <size>0x2</size>
         <input_file_ref idref="fl-2d"/>
      </object_component>
      <object_component id="oc-76">
         <name>.int26</name>
         <load_address>0xffd6</load_address>
         <run_address>0xffd6</run_address>
         <size>0x2</size>
         <input_file_ref idref="fl-2e"/>
      </object_component>
      <object_component id="oc-77">
         <name>.int27</name>
         <load_address>0xffd8</load_address>
         <run_address>0xffd8</run_address>
         <size>0x2</size>
         <input_file_ref idref="fl-2f"/>
      </object_component>
      <object_component id="oc-78">
         <name>.int28</name>
         <load_address>0xffda</load_address>
         <run_address>0xffda</run_address>
         <size>0x2</size>
         <input_file_ref idref="fl-30"/>
      </object_component>
      <object_component id="oc-79">
         <name>.int29</name>
         <load_address>0xffdc</load_address>
         <run_address>0xffdc</run_address>
         <size>0x2</size>
         <input_file_ref idref="fl-31"/>
      </object_component>
      <object_component id="oc-7a">
         <name>.int30</name>
         <load_address>0xffde</load_address>
         <run_address>0xffde</run_address>
         <size>0x2</size>
         <input_file_ref idref="fl-32"/>
      </object_component>
      <object_component id="oc-7b">
         <name>.int31</name>
         <load_address>0xffe0</load_address>
         <run_address>0xffe0</run_address>
         <size>0x2</size>
         <input_file_ref idref="fl-33"/>
      </object_component>
      <object_component id="oc-7c">
         <name>.int32</name>
         <load_address>0xffe2</load_address>
         <run_address>0xffe2</run_address>
         <size>0x2</size>
         <input_file_ref idref="fl-34"/>
      </object_component>
      <object_component id="oc-7d">
         <name>.int33</name>
         <load_address>0xffe4</load_address>
         <run_address>0xffe4</run_address>
         <size>0x2</size>
         <input_file_ref idref="fl-35"/>
      </object_component>
      <object_component id="oc-7e">
         <name>.int34</name>
         <load_address>0xffe6</load_address>
         <run_address>0xffe6</run_address>
         <size>0x2</size>
         <input_file_ref idref="fl-36"/>
      </object_component>
      <object_component id="oc-7f">
         <name>.int35</name>
         <load_address>0xffe8</load_address>
         <run_address>0xffe8</run_address>
         <size>0x2</size>
         <input_file_ref idref="fl-37"/>
      </object_component>
      <object_component id="oc-80">
         <name>.int36</name>
         <load_address>0xffea</load_address>
         <run_address>0xffea</run_address>
         <size>0x2</size>
         <input_file_ref idref="fl-38"/>
      </object_component>
      <object_component id="oc-81">
         <name>.int37</name>
         <load_address>0xffec</load_address>
         <run_address>0xffec</run_address>
         <size>0x2</size>
         <input_file_ref idref="fl-39"/>
      </object_component>
      <object_component id="oc-82">
         <name>.int38</name>
         <load_address>0xffee</load_address>
         <run_address>0xffee</run_address>
         <size>0x2</size>
         <input_file_ref idref="fl-3a"/>
      </object_component>
      <object_component id="oc-83">
         <name>.int39</name>
         <load_address>0xfff0</load_address>
         <run_address>0xfff0</run_address>
         <size>0x2</size>
         <input_file_ref idref="fl-3b"/>
      </object_component>
      <object_component id="oc-84">
         <name>.int40</name>
         <load_address>0xfff2</load_address>
         <run_address>0xfff2</run_address>
         <size>0x2</size>
         <input_file_ref idref="fl-3c"/>
      </object_component>
      <object_component id="oc-85">
         <name>.int41</name>
         <load_address>0xfff4</load_address>
         <run_address>0xfff4</run_address>
         <size>0x2</size>
         <input_file_ref idref="fl-3d"/>
      </object_component>
      <object_component id="oc-86">
         <name>.int42</name>
         <load_address>0xfff6</load_address>
         <run_address>0xfff6</run_address>
         <size>0x2</size>
         <input_file_ref idref="fl-3e"/>
      </object_component>
      <object_component id="oc-87">
         <name>.int43</name>
         <load_address>0xfff8</load_address>
         <run_address>0xfff8</run_address>
         <size>0x2</size>
         <input_file_ref idref="fl-3f"/>
      </object_component>
      <object_component id="oc-88">
         <name>.int44</name>
         <load_address>0xfffa</load_address>
         <run_address>0xfffa</run_address>
         <size>0x2</size>
         <input_file_ref idref="fl-40"/>
      </object_component>
      <object_component id="oc-89">
         <name>.int45</name>
         <load_address>0xfffc</load_address>
         <run_address>0xfffc</run_address>
         <size>0x2</size>
         <input_file_ref idref="fl-41"/>
      </object_component>
      <object_component id="oc-483">
         <name>.reset</name>
         <load_address>0xfffe</load_address>
         <run_address>0xfffe</run_address>
         <size>0x2</size>
         <input_file_ref idref="fl-60"/>
      </object_component>
      <object_component id="oc-68e">
         <name>.debug_info</name>
         <load_address>0x0</load_address>
         <run_address>0x0</run_address>
         <size>0x15b</size>
         <input_file_ref idref="fl-2"/>
      </object_component>
      <object_component id="oc-766">
         <name>.debug_info</name>
         <load_address>0x15b</load_address>
         <run_address>0x15b</run_address>
         <size>0x11b</size>
         <input_file_ref idref="fl-2"/>
      </object_component>
      <object_component id="oc-6b1">
         <name>.debug_info</name>
         <load_address>0x276</load_address>
         <run_address>0x276</run_address>
         <size>0x29c</size>
         <input_file_ref idref="fl-2"/>
      </object_component>
      <object_component id="oc-5d4">
         <name>.debug_info</name>
         <load_address>0x512</load_address>
         <run_address>0x512</run_address>
         <size>0x26b</size>
         <input_file_ref idref="fl-2"/>
      </object_component>
      <object_component id="oc-48a">
         <name>.debug_info</name>
         <load_address>0x77d</load_address>
         <run_address>0x77d</run_address>
         <size>0x84</size>
         <input_file_ref idref="fl-2"/>
      </object_component>
      <object_component id="oc-600">
         <name>.debug_info</name>
         <load_address>0x801</load_address>
         <run_address>0x801</run_address>
         <size>0x282</size>
         <input_file_ref idref="fl-2"/>
      </object_component>
      <object_component id="oc-53e">
         <name>.debug_info</name>
         <load_address>0xa83</load_address>
         <run_address>0xa83</run_address>
         <size>0xbb</size>
         <input_file_ref idref="fl-2"/>
      </object_component>
      <object_component id="oc-652">
         <name>.debug_info</name>
         <load_address>0xb3e</load_address>
         <run_address>0xb3e</run_address>
         <size>0x4c9</size>
         <input_file_ref idref="fl-3"/>
      </object_component>
      <object_component id="oc-611">
         <name>.debug_info</name>
         <load_address>0x1007</load_address>
         <run_address>0x1007</run_address>
         <size>0xcf</size>
         <input_file_ref idref="fl-3"/>
      </object_component>
      <object_component id="oc-576">
         <name>.debug_info</name>
         <load_address>0x10d6</load_address>
         <run_address>0x10d6</run_address>
         <size>0xc2</size>
         <input_file_ref idref="fl-3"/>
      </object_component>
      <object_component id="oc-579">
         <name>.debug_info</name>
         <load_address>0x1198</load_address>
         <run_address>0x1198</run_address>
         <size>0x104</size>
         <input_file_ref idref="fl-3"/>
      </object_component>
      <object_component id="oc-60b">
         <name>.debug_info</name>
         <load_address>0x129c</load_address>
         <run_address>0x129c</run_address>
         <size>0x117</size>
         <input_file_ref idref="fl-3"/>
      </object_component>
      <object_component id="oc-614">
         <name>.debug_info</name>
         <load_address>0x13b3</load_address>
         <run_address>0x13b3</run_address>
         <size>0x243</size>
         <input_file_ref idref="fl-3"/>
      </object_component>
      <object_component id="oc-61a">
         <name>.debug_info</name>
         <load_address>0x15f6</load_address>
         <run_address>0x15f6</run_address>
         <size>0x105</size>
         <input_file_ref idref="fl-3"/>
      </object_component>
      <object_component id="oc-55e">
         <name>.debug_info</name>
         <load_address>0x16fb</load_address>
         <run_address>0x16fb</run_address>
         <size>0x159</size>
         <input_file_ref idref="fl-3"/>
      </object_component>
      <object_component id="oc-502">
         <name>.debug_info</name>
         <load_address>0x1854</load_address>
         <run_address>0x1854</run_address>
         <size>0x253</size>
         <input_file_ref idref="fl-3"/>
      </object_component>
      <object_component id="oc-5c5">
         <name>.debug_info</name>
         <load_address>0x1aa7</load_address>
         <run_address>0x1aa7</run_address>
         <size>0x54c</size>
         <input_file_ref idref="fl-3"/>
      </object_component>
      <object_component id="oc-5cf">
         <name>.debug_info</name>
         <load_address>0x1ff3</load_address>
         <run_address>0x1ff3</run_address>
         <size>0x8b</size>
         <input_file_ref idref="fl-3"/>
      </object_component>
      <object_component id="oc-7a5">
         <name>.debug_info</name>
         <load_address>0x207e</load_address>
         <run_address>0x207e</run_address>
         <size>0x329</size>
         <input_file_ref idref="fl-4"/>
      </object_component>
      <object_component id="oc-546">
         <name>.debug_info</name>
         <load_address>0x23a7</load_address>
         <run_address>0x23a7</run_address>
         <size>0xef</size>
         <input_file_ref idref="fl-4"/>
      </object_component>
      <object_component id="oc-70c">
         <name>.debug_info</name>
         <load_address>0x2496</load_address>
         <run_address>0x2496</run_address>
         <size>0x115</size>
         <input_file_ref idref="fl-4"/>
      </object_component>
      <object_component id="oc-706">
         <name>.debug_info</name>
         <load_address>0x25ab</load_address>
         <run_address>0x25ab</run_address>
         <size>0x156</size>
         <input_file_ref idref="fl-4"/>
      </object_component>
      <object_component id="oc-69f">
         <name>.debug_info</name>
         <load_address>0x2701</load_address>
         <run_address>0x2701</run_address>
         <size>0x21d</size>
         <input_file_ref idref="fl-5"/>
      </object_component>
      <object_component id="oc-5eb">
         <name>.debug_info</name>
         <load_address>0x291e</load_address>
         <run_address>0x291e</run_address>
         <size>0xc5</size>
         <input_file_ref idref="fl-5"/>
      </object_component>
      <object_component id="oc-559">
         <name>.debug_info</name>
         <load_address>0x29e3</load_address>
         <run_address>0x29e3</run_address>
         <size>0xef</size>
         <input_file_ref idref="fl-5"/>
      </object_component>
      <object_component id="oc-748">
         <name>.debug_info</name>
         <load_address>0x2ad2</load_address>
         <run_address>0x2ad2</run_address>
         <size>0xf5</size>
         <input_file_ref idref="fl-5"/>
      </object_component>
      <object_component id="oc-750">
         <name>.debug_info</name>
         <load_address>0x2bc7</load_address>
         <run_address>0x2bc7</run_address>
         <size>0xf5</size>
         <input_file_ref idref="fl-5"/>
      </object_component>
      <object_component id="oc-691">
         <name>.debug_info</name>
         <load_address>0x2cbc</load_address>
         <run_address>0x2cbc</run_address>
         <size>0x124</size>
         <input_file_ref idref="fl-5"/>
      </object_component>
      <object_component id="oc-698">
         <name>.debug_info</name>
         <load_address>0x2de0</load_address>
         <run_address>0x2de0</run_address>
         <size>0x101</size>
         <input_file_ref idref="fl-5"/>
      </object_component>
      <object_component id="oc-5e7">
         <name>.debug_info</name>
         <load_address>0x2ee1</load_address>
         <run_address>0x2ee1</run_address>
         <size>0x138</size>
         <input_file_ref idref="fl-5"/>
      </object_component>
      <object_component id="oc-5e0">
         <name>.debug_info</name>
         <load_address>0x3019</load_address>
         <run_address>0x3019</run_address>
         <size>0xfb</size>
         <input_file_ref idref="fl-5"/>
      </object_component>
      <object_component id="oc-5ee">
         <name>.debug_info</name>
         <load_address>0x3114</load_address>
         <run_address>0x3114</run_address>
         <size>0xfd</size>
         <input_file_ref idref="fl-5"/>
      </object_component>
      <object_component id="oc-523">
         <name>.debug_info</name>
         <load_address>0x3211</load_address>
         <run_address>0x3211</run_address>
         <size>0x430</size>
         <input_file_ref idref="fl-6"/>
      </object_component>
      <object_component id="oc-53b">
         <name>.debug_info</name>
         <load_address>0x3641</load_address>
         <run_address>0x3641</run_address>
         <size>0xcd</size>
         <input_file_ref idref="fl-6"/>
      </object_component>
      <object_component id="oc-6c8">
         <name>.debug_info</name>
         <load_address>0x370e</load_address>
         <run_address>0x370e</run_address>
         <size>0xd8</size>
         <input_file_ref idref="fl-6"/>
      </object_component>
      <object_component id="oc-79a">
         <name>.debug_info</name>
         <load_address>0x37e6</load_address>
         <run_address>0x37e6</run_address>
         <size>0xd6</size>
         <input_file_ref idref="fl-6"/>
      </object_component>
      <object_component id="oc-532">
         <name>.debug_info</name>
         <load_address>0x38bc</load_address>
         <run_address>0x38bc</run_address>
         <size>0xd1</size>
         <input_file_ref idref="fl-6"/>
      </object_component>
      <object_component id="oc-6e6">
         <name>.debug_info</name>
         <load_address>0x398d</load_address>
         <run_address>0x398d</run_address>
         <size>0x145</size>
         <input_file_ref idref="fl-6"/>
      </object_component>
      <object_component id="oc-6f2">
         <name>.debug_info</name>
         <load_address>0x3ad2</load_address>
         <run_address>0x3ad2</run_address>
         <size>0x1af</size>
         <input_file_ref idref="fl-6"/>
      </object_component>
      <object_component id="oc-621">
         <name>.debug_info</name>
         <load_address>0x3c81</load_address>
         <run_address>0x3c81</run_address>
         <size>0x1c2</size>
         <input_file_ref idref="fl-6"/>
      </object_component>
      <object_component id="oc-6b7">
         <name>.debug_info</name>
         <load_address>0x3e43</load_address>
         <run_address>0x3e43</run_address>
         <size>0x136</size>
         <input_file_ref idref="fl-6"/>
      </object_component>
      <object_component id="oc-6bc">
         <name>.debug_info</name>
         <load_address>0x3f79</load_address>
         <run_address>0x3f79</run_address>
         <size>0x2ce</size>
         <input_file_ref idref="fl-6"/>
      </object_component>
      <object_component id="oc-633">
         <name>.debug_info</name>
         <load_address>0x4247</load_address>
         <run_address>0x4247</run_address>
         <size>0x608</size>
         <input_file_ref idref="fl-6"/>
      </object_component>
      <object_component id="oc-62c">
         <name>.debug_info</name>
         <load_address>0x484f</load_address>
         <run_address>0x484f</run_address>
         <size>0x58a</size>
         <input_file_ref idref="fl-6"/>
      </object_component>
      <object_component id="oc-655">
         <name>.debug_info</name>
         <load_address>0x4dd9</load_address>
         <run_address>0x4dd9</run_address>
         <size>0x2d1</size>
         <input_file_ref idref="fl-6"/>
      </object_component>
      <object_component id="oc-6a5">
         <name>.debug_info</name>
         <load_address>0x50aa</load_address>
         <run_address>0x50aa</run_address>
         <size>0x60a</size>
         <input_file_ref idref="fl-6"/>
      </object_component>
      <object_component id="oc-711">
         <name>.debug_info</name>
         <load_address>0x56b4</load_address>
         <run_address>0x56b4</run_address>
         <size>0x21d</size>
         <input_file_ref idref="fl-6"/>
      </object_component>
      <object_component id="oc-626">
         <name>.debug_info</name>
         <load_address>0x58d1</load_address>
         <run_address>0x58d1</run_address>
         <size>0x1b0</size>
         <input_file_ref idref="fl-6"/>
      </object_component>
      <object_component id="oc-6cb">
         <name>.debug_info</name>
         <load_address>0x5a81</load_address>
         <run_address>0x5a81</run_address>
         <size>0x1f8</size>
         <input_file_ref idref="fl-6"/>
      </object_component>
      <object_component id="oc-6c2">
         <name>.debug_info</name>
         <load_address>0x5c79</load_address>
         <run_address>0x5c79</run_address>
         <size>0x15d</size>
         <input_file_ref idref="fl-6"/>
      </object_component>
      <object_component id="oc-52c">
         <name>.debug_info</name>
         <load_address>0x5dd6</load_address>
         <run_address>0x5dd6</run_address>
         <size>0x19a</size>
         <input_file_ref idref="fl-6"/>
      </object_component>
      <object_component id="oc-79e">
         <name>.debug_info</name>
         <load_address>0x5f70</load_address>
         <run_address>0x5f70</run_address>
         <size>0x1d1</size>
         <input_file_ref idref="fl-6"/>
      </object_component>
      <object_component id="oc-6ff">
         <name>.debug_info</name>
         <load_address>0x6141</load_address>
         <run_address>0x6141</run_address>
         <size>0x169</size>
         <input_file_ref idref="fl-6"/>
      </object_component>
      <object_component id="oc-526">
         <name>.debug_info</name>
         <load_address>0x62aa</load_address>
         <run_address>0x62aa</run_address>
         <size>0x18f</size>
         <input_file_ref idref="fl-6"/>
      </object_component>
      <object_component id="oc-5f8">
         <name>.debug_info</name>
         <load_address>0x6439</load_address>
         <run_address>0x6439</run_address>
         <size>0x1c1</size>
         <input_file_ref idref="fl-6"/>
      </object_component>
      <object_component id="oc-535">
         <name>.debug_info</name>
         <load_address>0x65fa</load_address>
         <run_address>0x65fa</run_address>
         <size>0x166</size>
         <input_file_ref idref="fl-6"/>
      </object_component>
      <object_component id="oc-4ee">
         <name>.debug_info</name>
         <load_address>0x6760</load_address>
         <run_address>0x6760</run_address>
         <size>0x307</size>
         <input_file_ref idref="fl-6"/>
      </object_component>
      <object_component id="oc-4a1">
         <name>.debug_info</name>
         <load_address>0x6a67</load_address>
         <run_address>0x6a67</run_address>
         <size>0x110</size>
         <input_file_ref idref="fl-6"/>
      </object_component>
      <object_component id="oc-5ca">
         <name>.debug_info</name>
         <load_address>0x6b77</load_address>
         <run_address>0x6b77</run_address>
         <size>0xb1</size>
         <input_file_ref idref="fl-6"/>
      </object_component>
      <object_component id="oc-5d9">
         <name>.debug_info</name>
         <load_address>0x6c28</load_address>
         <run_address>0x6c28</run_address>
         <size>0x2c</size>
         <input_file_ref idref="fl-6"/>
      </object_component>
      <object_component id="oc-608">
         <name>.debug_info</name>
         <load_address>0x6c54</load_address>
         <run_address>0x6c54</run_address>
         <size>0x283</size>
         <input_file_ref idref="fl-7"/>
      </object_component>
      <object_component id="oc-54b">
         <name>.debug_info</name>
         <load_address>0x6ed7</load_address>
         <run_address>0x6ed7</run_address>
         <size>0xf4</size>
         <input_file_ref idref="fl-7"/>
      </object_component>
      <object_component id="oc-552">
         <name>.debug_info</name>
         <load_address>0x6fcb</load_address>
         <run_address>0x6fcb</run_address>
         <size>0x121</size>
         <input_file_ref idref="fl-7"/>
      </object_component>
      <object_component id="oc-56a">
         <name>.debug_info</name>
         <load_address>0x70ec</load_address>
         <run_address>0x70ec</run_address>
         <size>0x11b</size>
         <input_file_ref idref="fl-7"/>
      </object_component>
      <object_component id="oc-564">
         <name>.debug_info</name>
         <load_address>0x7207</load_address>
         <run_address>0x7207</run_address>
         <size>0x1a6</size>
         <input_file_ref idref="fl-7"/>
      </object_component>
      <object_component id="oc-570">
         <name>.debug_info</name>
         <load_address>0x73ad</load_address>
         <run_address>0x73ad</run_address>
         <size>0x1ae</size>
         <input_file_ref idref="fl-7"/>
      </object_component>
      <object_component id="oc-69">
         <name>.debug_info</name>
         <load_address>0x755b</load_address>
         <run_address>0x755b</run_address>
         <size>0x2b8</size>
         <input_file_ref idref="fl-28"/>
      </object_component>
      <object_component id="oc-51d">
         <name>.debug_info</name>
         <load_address>0x7813</load_address>
         <run_address>0x7813</run_address>
         <size>0x46</size>
         <input_file_ref idref="fl-28"/>
      </object_component>
      <object_component id="oc-4e4">
         <name>.debug_info</name>
         <load_address>0x7859</load_address>
         <run_address>0x7859</run_address>
         <size>0x39</size>
         <input_file_ref idref="fl-28"/>
      </object_component>
      <object_component id="oc-485">
         <name>.debug_info</name>
         <load_address>0x7892</load_address>
         <run_address>0x7892</run_address>
         <size>0x60</size>
         <input_file_ref idref="fl-28"/>
      </object_component>
      <object_component id="oc-49a">
         <name>.debug_info</name>
         <load_address>0x78f2</load_address>
         <run_address>0x78f2</run_address>
         <size>0x1da</size>
         <input_file_ref idref="fl-29"/>
      </object_component>
      <object_component id="oc-70">
         <name>.debug_info</name>
         <load_address>0x7acc</load_address>
         <run_address>0x7acc</run_address>
         <size>0x1f2</size>
         <input_file_ref idref="fl-29"/>
      </object_component>
      <object_component id="oc-495">
         <name>.debug_info</name>
         <load_address>0x7cbe</load_address>
         <run_address>0x7cbe</run_address>
         <size>0x46</size>
         <input_file_ref idref="fl-29"/>
      </object_component>
      <object_component id="oc-49c">
         <name>.debug_info</name>
         <load_address>0x7d04</load_address>
         <run_address>0x7d04</run_address>
         <size>0x10f</size>
         <input_file_ref idref="fl-2b"/>
      </object_component>
      <object_component id="oc-4a7">
         <name>.debug_info</name>
         <load_address>0x7e13</load_address>
         <run_address>0x7e13</run_address>
         <size>0x1d3</size>
         <input_file_ref idref="fl-42"/>
      </object_component>
      <object_component id="oc-4f5">
         <name>.debug_info</name>
         <load_address>0x7fe6</load_address>
         <run_address>0x7fe6</run_address>
         <size>0x46</size>
         <input_file_ref idref="fl-42"/>
      </object_component>
      <object_component id="oc-490">
         <name>.debug_info</name>
         <load_address>0x802c</load_address>
         <run_address>0x802c</run_address>
         <size>0x121</size>
         <input_file_ref idref="fl-43"/>
      </object_component>
      <object_component id="oc-7bf">
         <name>.debug_info</name>
         <load_address>0x814d</load_address>
         <run_address>0x814d</run_address>
         <size>0x1a2</size>
         <input_file_ref idref="fl-44"/>
      </object_component>
      <object_component id="oc-758">
         <name>.debug_info</name>
         <load_address>0x82ef</load_address>
         <run_address>0x82ef</run_address>
         <size>0x228</size>
         <input_file_ref idref="fl-44"/>
      </object_component>
      <object_component id="oc-78b">
         <name>.debug_info</name>
         <load_address>0x8517</load_address>
         <run_address>0x8517</run_address>
         <size>0x94</size>
         <input_file_ref idref="fl-44"/>
      </object_component>
      <object_component id="oc-7f0">
         <name>.debug_info</name>
         <load_address>0x85ab</load_address>
         <run_address>0x85ab</run_address>
         <size>0x19b</size>
         <input_file_ref idref="fl-45"/>
      </object_component>
      <object_component id="oc-7bb">
         <name>.debug_info</name>
         <load_address>0x8746</load_address>
         <run_address>0x8746</run_address>
         <size>0x2bc</size>
         <input_file_ref idref="fl-45"/>
      </object_component>
      <object_component id="oc-7ff">
         <name>.debug_info</name>
         <load_address>0x8a02</load_address>
         <run_address>0x8a02</run_address>
         <size>0x16d</size>
         <input_file_ref idref="fl-46"/>
      </object_component>
      <object_component id="oc-7eb">
         <name>.debug_info</name>
         <load_address>0x8b6f</load_address>
         <run_address>0x8b6f</run_address>
         <size>0x1dd</size>
         <input_file_ref idref="fl-46"/>
      </object_component>
      <object_component id="oc-790">
         <name>.debug_info</name>
         <load_address>0x8d4c</load_address>
         <run_address>0x8d4c</run_address>
         <size>0x19d</size>
         <input_file_ref idref="fl-48"/>
      </object_component>
      <object_component id="oc-6d9">
         <name>.debug_info</name>
         <load_address>0x8ee9</load_address>
         <run_address>0x8ee9</run_address>
         <size>0x252</size>
         <input_file_ref idref="fl-48"/>
      </object_component>
      <object_component id="oc-7d4">
         <name>.debug_info</name>
         <load_address>0x913b</load_address>
         <run_address>0x913b</run_address>
         <size>0x16d</size>
         <input_file_ref idref="fl-49"/>
      </object_component>
      <object_component id="oc-785">
         <name>.debug_info</name>
         <load_address>0x92a8</load_address>
         <run_address>0x92a8</run_address>
         <size>0x5bd</size>
         <input_file_ref idref="fl-49"/>
      </object_component>
      <object_component id="oc-639">
         <name>.debug_info</name>
         <load_address>0x9865</load_address>
         <run_address>0x9865</run_address>
         <size>0x121</size>
         <input_file_ref idref="fl-4a"/>
      </object_component>
      <object_component id="oc-645">
         <name>.debug_info</name>
         <load_address>0x9986</load_address>
         <run_address>0x9986</run_address>
         <size>0x123</size>
         <input_file_ref idref="fl-4b"/>
      </object_component>
      <object_component id="oc-6eb">
         <name>.debug_info</name>
         <load_address>0x9aa9</load_address>
         <run_address>0x9aa9</run_address>
         <size>0x176</size>
         <input_file_ref idref="fl-4c"/>
      </object_component>
      <object_component id="oc-6df">
         <name>.debug_info</name>
         <load_address>0x9c1f</load_address>
         <run_address>0x9c1f</run_address>
         <size>0x1b0</size>
         <input_file_ref idref="fl-4d"/>
      </object_component>
      <object_component id="oc-783">
         <name>.debug_info</name>
         <load_address>0x9dcf</load_address>
         <run_address>0x9dcf</run_address>
         <size>0x166</size>
         <input_file_ref idref="fl-51"/>
      </object_component>
      <object_component id="oc-6d2">
         <name>.debug_info</name>
         <load_address>0x9f35</load_address>
         <run_address>0x9f35</run_address>
         <size>0x1c1</size>
         <input_file_ref idref="fl-51"/>
      </object_component>
      <object_component id="oc-7ca">
         <name>.debug_info</name>
         <load_address>0xa0f6</load_address>
         <run_address>0xa0f6</run_address>
         <size>0x19d</size>
         <input_file_ref idref="fl-52"/>
      </object_component>
      <object_component id="oc-773">
         <name>.debug_info</name>
         <load_address>0xa293</load_address>
         <run_address>0xa293</run_address>
         <size>0x263</size>
         <input_file_ref idref="fl-52"/>
      </object_component>
      <object_component id="oc-7f6">
         <name>.debug_info</name>
         <load_address>0xa4f6</load_address>
         <run_address>0xa4f6</run_address>
         <size>0x16d</size>
         <input_file_ref idref="fl-53"/>
      </object_component>
      <object_component id="oc-7c5">
         <name>.debug_info</name>
         <load_address>0xa663</load_address>
         <run_address>0xa663</run_address>
         <size>0x33d</size>
         <input_file_ref idref="fl-53"/>
      </object_component>
      <object_component id="oc-63e">
         <name>.debug_info</name>
         <load_address>0xa9a0</load_address>
         <run_address>0xa9a0</run_address>
         <size>0x130</size>
         <input_file_ref idref="fl-55"/>
      </object_component>
      <object_component id="oc-64b">
         <name>.debug_info</name>
         <load_address>0xaad0</load_address>
         <run_address>0xaad0</run_address>
         <size>0x130</size>
         <input_file_ref idref="fl-57"/>
      </object_component>
      <object_component id="oc-7e2">
         <name>.debug_info</name>
         <load_address>0xac00</load_address>
         <run_address>0xac00</run_address>
         <size>0x120</size>
         <input_file_ref idref="fl-5c"/>
      </object_component>
      <object_component id="oc-76e">
         <name>.debug_info</name>
         <load_address>0xad20</load_address>
         <run_address>0xad20</run_address>
         <size>0x126</size>
         <input_file_ref idref="fl-5c"/>
      </object_component>
      <object_component id="oc-7e7">
         <name>.debug_info</name>
         <load_address>0xae46</load_address>
         <run_address>0xae46</run_address>
         <size>0x120</size>
         <input_file_ref idref="fl-5d"/>
      </object_component>
      <object_component id="oc-7cf">
         <name>.debug_info</name>
         <load_address>0xaf66</load_address>
         <run_address>0xaf66</run_address>
         <size>0x126</size>
         <input_file_ref idref="fl-5d"/>
      </object_component>
      <object_component id="oc-792">
         <name>.debug_info</name>
         <load_address>0xb08c</load_address>
         <run_address>0xb08c</run_address>
         <size>0x120</size>
         <input_file_ref idref="fl-5e"/>
      </object_component>
      <object_component id="oc-77f">
         <name>.debug_info</name>
         <load_address>0xb1ac</load_address>
         <run_address>0xb1ac</run_address>
         <size>0x126</size>
         <input_file_ref idref="fl-5e"/>
      </object_component>
      <object_component id="oc-481">
         <name>.debug_info</name>
         <load_address>0xb2d2</load_address>
         <run_address>0xb2d2</run_address>
         <size>0x100</size>
         <input_file_ref idref="fl-60"/>
      </object_component>
      <object_component id="oc-4d4">
         <name>.debug_info</name>
         <load_address>0xb3d2</load_address>
         <run_address>0xb3d2</run_address>
         <size>0x193</size>
         <input_file_ref idref="fl-60"/>
      </object_component>
      <object_component id="oc-515">
         <name>.debug_info</name>
         <load_address>0xb565</load_address>
         <run_address>0xb565</run_address>
         <size>0x1ae</size>
         <input_file_ref idref="fl-61"/>
      </object_component>
      <object_component id="oc-5be">
         <name>.debug_info</name>
         <load_address>0xb713</load_address>
         <run_address>0xb713</run_address>
         <size>0x18b</size>
         <input_file_ref idref="fl-61"/>
      </object_component>
      <object_component id="oc-674">
         <name>.debug_info</name>
         <load_address>0xb89e</load_address>
         <run_address>0xb89e</run_address>
         <size>0x409</size>
         <input_file_ref idref="fl-63"/>
      </object_component>
      <object_component id="oc-5a4">
         <name>.debug_info</name>
         <load_address>0xbca7</load_address>
         <run_address>0xbca7</run_address>
         <size>0x216</size>
         <input_file_ref idref="fl-63"/>
      </object_component>
      <object_component id="oc-72e">
         <name>.debug_info</name>
         <load_address>0xbebd</load_address>
         <run_address>0xbebd</run_address>
         <size>0x39</size>
         <input_file_ref idref="fl-63"/>
      </object_component>
      <object_component id="oc-740">
         <name>.debug_info</name>
         <load_address>0xbef6</load_address>
         <run_address>0xbef6</run_address>
         <size>0x2c</size>
         <input_file_ref idref="fl-63"/>
      </object_component>
      <object_component id="oc-67f">
         <name>.debug_info</name>
         <load_address>0xbf22</load_address>
         <run_address>0xbf22</run_address>
         <size>0x2c</size>
         <input_file_ref idref="fl-63"/>
      </object_component>
      <object_component id="oc-733">
         <name>.debug_info</name>
         <load_address>0xbf4e</load_address>
         <run_address>0xbf4e</run_address>
         <size>0xcd</size>
         <input_file_ref idref="fl-63"/>
      </object_component>
      <object_component id="oc-670">
         <name>.debug_info</name>
         <load_address>0xc01b</load_address>
         <run_address>0xc01b</run_address>
         <size>0x150</size>
         <input_file_ref idref="fl-64"/>
      </object_component>
      <object_component id="oc-4fc">
         <name>.debug_info</name>
         <load_address>0xc16b</load_address>
         <run_address>0xc16b</run_address>
         <size>0x153</size>
         <input_file_ref idref="fl-65"/>
      </object_component>
      <object_component id="oc-580">
         <name>.debug_info</name>
         <load_address>0xc2be</load_address>
         <run_address>0xc2be</run_address>
         <size>0x122</size>
         <input_file_ref idref="fl-68"/>
[...]
         <value>0xffd2</value>
         <object_component_ref idref="oc-74"/>
      </symbol>
      <symbol id="sm-69a">
         <name>fsk_bandwidths</name>
         <value>0x802a</value>
         <object_component_ref idref="oc-799"/>
      </symbol>
      <symbol id="sm-69b">
         <name>sx1276_set_modem</name>
         <value>0xa8f0</value>
         <object_component_ref idref="oc-6ca"/>
      </symbol>
      <symbol id="sm-69c">
         <name>sx1276_write</name>
         <value>0xb246</value>
         <object_component_ref idref="oc-52b"/>
      </symbol>
      <symbol id="sm-69d">
         <name>sx1276_set_rx</name>
         <value>0x8dac</value>
         <object_component_ref idref="oc-6a4"/>
      </symbol>
      <symbol id="sm-69e">
         <name>sx1276_set_tx</name>
         <value>0xa4dc</value>
         <object_component_ref idref="oc-710"/>
      </symbol>
      <symbol id="sm-69f">
         <name>sx1276_set_channel</name>
         <value>0xad2c</value>
         <object_component_ref idref="oc-625"/>
      </symbol>
      <symbol id="sm-6a0">
         <name>port_2</name>
         <value>0xb418</value>
         <object_component_ref idref="oc-4a0"/>
      </symbol>
      <symbol id="sm-6a1">
         <name>radio_registers</name>
         <value>0x80ae</value>
         <object_component_ref idref="oc-6c7"/>
      </symbol>
      <symbol id="sm-6a2">
         <name>sx1276_rxchain_calibration</name>
         <value>0xa2f0</value>
         <object_component_ref idref="oc-6bb"/>
      </symbol>
      <symbol id="sm-6a3">
         <name>sx1276_write_fifo</name>
         <value>0xb2f8</value>
         <object_component_ref idref="oc-6fe"/>
      </symbol>
      <symbol id="sm-6a4">
         <name>sx1276_read_fifo</name>
         <value>0xb2e0</value>
         <object_component_ref idref="oc-534"/>
      </symbol>
      <symbol id="sm-6a5">
         <name>sx1275_reset</name>
         <value>0xb18a</value>
         <object_component_ref idref="oc-6b5"/>
      </symbol>
      <symbol id="sm-6a6">
         <name>sx1276_read_buffer</name>
         <value>0xadea</value>
         <object_component_ref idref="oc-5f7"/>
      </symbol>
      <symbol id="sm-6a7">
         <name>sx1276_set_txconfig</name>
         <value>0x810a</value>
         <object_component_ref idref="oc-62b"/>
      </symbol>
      <symbol id="sm-6a8">
         <name>sx1276_send</name>
         <value>0xa05c</value>
         <object_component_ref idref="oc-654"/>
      </symbol>
      <symbol id="sm-6a9">
         <name>sx1276_init</name>
         <value>0xab70</value>
         <object_component_ref idref="oc-61f"/>
      </symbol>
      <symbol id="sm-6aa">
         <name>sx1276_read</name>
         <value>0xb1f0</value>
         <object_component_ref idref="oc-525"/>
      </symbol>
      <symbol id="sm-6ab">
         <name>sx1276_set_opmode</name>
         <value>0xb292</value>
         <object_component_ref idref="oc-6c1"/>
      </symbol>
      <symbol id="sm-6dc">
         <name>uart_writec</name>
         <value>0xb326</value>
         <object_component_ref idref="oc-569"/>
      </symbol>
      <symbol id="sm-6dd">
         <name>uart_printhex32</name>
         <value>0xa7aa</value>
         <object_component_ref idref="oc-56f"/>
      </symbol>
      <symbol id="sm-6de">
         <name>uart_write</name>
         <value>0xb1be</value>
         <object_component_ref idref="oc-551"/>
      </symbol>
      <symbol id="sm-6df">
         <name>uart_init</name>
         <value>0xaf68</value>
         <object_component_ref idref="oc-54a"/>
      </symbol>
      <symbol id="sm-6e0">
         <name>uart_printhex8</name>
         <value>0xa9f6</value>
         <object_component_ref idref="oc-563"/>
      </symbol>
      <symbol id="sm-701">
         <name>__TI_decompress_lzss</name>
         <value>0xa3ee</value>
         <object_component_ref idref="oc-66"/>
      </symbol>
      <symbol id="sm-712">
         <name>__TI_decompress_none</name>
         <value>0xb0dc</value>
         <object_component_ref idref="oc-6c"/>
      </symbol>
      <symbol id="sm-715">
         <name>__TI_int22</name>
         <value>0xffce</value>
         <object_component_ref idref="oc-72"/>
      </symbol>
      <symbol id="sm-71d">
         <name>__TI_ISR_TRAP</name>
         <value>0xb430</value>
         <object_component_ref idref="oc-49b"/>
      </symbol>
      <symbol id="sm-720">
         <name>__TI_int23</name>
         <value>0xffd0</value>
         <object_component_ref idref="oc-73"/>
      </symbol>
      <symbol id="sm-723">
         <name>__TI_int25</name>
         <value>0xffd4</value>
         <object_component_ref idref="oc-75"/>
      </symbol>
      <symbol id="sm-726">
         <name>__TI_int26</name>
         <value>0xffd6</value>
         <object_component_ref idref="oc-76"/>
      </symbol>
      <symbol id="sm-729">
         <name>__TI_int27</name>
         <value>0xffd8</value>
         <object_component_ref idref="oc-77"/>
      </symbol>
      <symbol id="sm-72c">
         <name>__TI_int28</name>
         <value>0xffda</value>
         <object_component_ref idref="oc-78"/>
      </symbol>
      <symbol id="sm-72f">
         <name>__TI_int29</name>
         <value>0xffdc</value>
         <object_component_ref idref="oc-79"/>
      </symbol>
      <symbol id="sm-732">
         <name>__TI_int30</name>
         <value>0xffde</value>
         <object_component_ref idref="oc-7a"/>
      </symbol>
      <symbol id="sm-735">
         <name>__TI_int31</name>
         <value>0xffe0</value>
         <object_component_ref idref="oc-7b"/>
      </symbol>
      <symbol id="sm-738">
         <name>__TI_int32</name>
         <value>0xffe2</value>
         <object_component_ref idref="oc-7c"/>
      </symbol>
      <symbol id="sm-73b">
         <name>__TI_int33</name>
         <value>0xffe4</value>
         <object_component_ref idref="oc-7d"/>
      </symbol>
      <symbol id="sm-73e">
         <name>__TI_int34</name>
         <value>0xffe6</value>
         <object_component_ref idref="oc-7e"/>
      </symbol>
      <symbol id="sm-741">
         <name>__TI_int35</name>
         <value>0xffe8</value>
         <object_component_ref idref="oc-7f"/>
      </symbol>
      <symbol id="sm-744">
         <name>__TI_int36</name>
         <value>0xffea</value>
         <object_component_ref idref="oc-80"/>
      </symbol>
      <symbol id="sm-747">
         <name>__TI_int37</name>
         <value>0xffec</value>
         <object_component_ref idref="oc-81"/>
      </symbol>
      <symbol id="sm-74a">
         <name>__TI_int38</name>
         <value>0xffee</value>
         <object_component_ref idref="oc-82"/>
      </symbol>
      <symbol id="sm-74d">
         <name>__TI_int39</name>
         <value>0xfff0</value>
         <object_component_ref idref="oc-83"/>
      </symbol>
      <symbol id="sm-750">
         <name>__TI_int40</name>
         <value>0xfff2</value>
         <object_component_ref idref="oc-84"/>
      </symbol>
      <symbol id="sm-753">
         <name>__TI_int41</name>
         <value>0xfff4</value>
         <object_component_ref idref="oc-85"/>
      </symbol>
      <symbol id="sm-756">
         <name>__TI_int42</name>
         <value>0xfff6</value>
         <object_component_ref idref="oc-86"/>
      </symbol>
      <symbol id="sm-759">
         <name>__TI_int43</name>
         <value>0xfff8</value>
         <object_component_ref idref="oc-87"/>
      </symbol>
      <symbol id="sm-75c">
         <name>__TI_int44</name>
         <value>0xfffa</value>
         <object_component_ref idref="oc-88"/>
      </symbol>
      <symbol id="sm-75f">
         <name>__TI_int45</name>
         <value>0xfffc</value>
         <object_component_ref idref="oc-89"/>
      </symbol>
      <symbol id="sm-76f">
         <name>__TI_zero_init_nomemset</name>
         <value>0xafa8</value>
         <object_component_ref idref="oc-4a6"/>
      </symbol>
      <symbol id="sm-77a">
         <name>__memcpy_far</name>
         <value>0xaf28</value>
         <object_component_ref idref="oc-48f"/>
      </symbol>
      <symbol id="sm-7a1">
         <name>__mspabi_addd</name>
         <value>0x9432</value>
         <object_component_ref idref="oc-757"/>
      </symbol>
      <symbol id="sm-7c2">
         <name>__TI_frcaddd</name>
         <value>0x9bf4</value>
         <object_component_ref idref="oc-7b8"/>
      </symbol>
      <symbol id="sm-7d6">
         <name>__TI_renormd</name>
         <value>0xa654</value>
         <object_component_ref idref="oc-7e9"/>
      </symbol>
      <symbol id="sm-7f8">
         <name>__mspabi_divd</name>
         <value>0x9e3c</value>
         <object_component_ref idref="oc-6d7"/>
      </symbol>
      <symbol id="sm-813">
         <name>__TI_frcdivd</name>
         <value>0x8580</value>
         <object_component_ref idref="oc-784"/>
      </symbol>
      <symbol id="sm-81d">
         <name>__mspabi_remu</name>
         <value>0xb310</value>
         <object_component_ref idref="oc-638"/>
      </symbol>
      <symbol id="sm-81e">
         <name>__mspabi_divu</name>
         <value>0xb310</value>
         <object_component_ref idref="oc-638"/>
      </symbol>
      <symbol id="sm-82c">
         <name>__mspabi_remul</name>
         <value>0xad92</value>
         <object_component_ref idref="oc-644"/>
      </symbol>
      <symbol id="sm-82d">
         <name>__mspabi_divul</name>
         <value>0xad92</value>
         <object_component_ref idref="oc-644"/>
      </symbol>
      <symbol id="sm-838">
         <name>__mspabi_fixdu</name>
         <value>0xb364</value>
         <object_component_ref idref="oc-6ea"/>
      </symbol>
      <symbol id="sm-848">
         <name>__mspabi_fixdul</name>
         <value>0xacc4</value>
         <object_component_ref idref="oc-6dd"/>
      </symbol>
      <symbol id="sm-860">
         <name>__mspabi_fltuld</name>
         <value>0xa976</value>
         <object_component_ref idref="oc-6d1"/>
      </symbol>
      <symbol id="sm-881">
         <name>__mspabi_mpyd</name>
         <value>0x9990</value>
         <object_component_ref idref="oc-772"/>
      </symbol>
      <symbol id="sm-891">
         <name>__TI_frcmpyd</name>
         <value>0x9710</value>
         <object_component_ref idref="oc-7c3"/>
      </symbol>
      <symbol id="sm-89a">
         <name>__mspabi_mpyi_f5hw</name>
         <value>0xb2c8</value>
         <object_component_ref idref="oc-63d"/>
      </symbol>
      <symbol id="sm-8a3">
         <name>__mspabi_mpyl_f5hw</name>
         <value>0xb26e</value>
         <object_component_ref idref="oc-649"/>
      </symbol>
      <symbol id="sm-8b7">
         <name>__mspabi_slll_9</name>
         <value>0xb03c</value>
         <object_component_ref idref="oc-76d"/>
      </symbol>
      <symbol id="sm-8b8">
         <name>__mspabi_slll_8</name>
         <value>0xb040</value>
         <object_component_ref idref="oc-76d"/>
      </symbol>
      <symbol id="sm-8b9">
         <name>__mspabi_slll_7</name>
         <value>0xb044</value>
         <object_component_ref idref="oc-76d"/>
      </symbol>
      <symbol id="sm-8ba">
         <name>__mspabi_slll_6</name>
         <value>0xb048</value>
         <object_component_ref idref="oc-76d"/>
      </symbol>
      <symbol id="sm-8bb">
         <name>__mspabi_slll_5</name>
         <value>0xb04c</value>
         <object_component_ref idref="oc-76d"/>
      </symbol>
      <symbol id="sm-8bc">
         <name>__mspabi_slll_4</name>
         <value>0xb050</value>
         <object_component_ref idref="oc-76d"/>
      </symbol>
      <symbol id="sm-8bd">
         <name>__mspabi_slll_3</name>
         <value>0xb054</value>
         <object_component_ref idref="oc-76d"/>
      </symbol>
      <symbol id="sm-8be">
         <name>__mspabi_slll_2</name>
         <value>0xb058</value>
         <object_component_ref idref="oc-76d"/>
      </symbol>
      <symbol id="sm-8bf">
         <name>__mspabi_slll_1</name>
         <value>0xb05c</value>
         <object_component_ref idref="oc-76d"/>
      </symbol>
      <symbol id="sm-8c0">
         <name>__mspabi_slll</name>
         <value>0xb398</value>
         <object_component_ref idref="oc-7df"/>
      </symbol>
      <symbol id="sm-8c1">
         <name>__mspabi_slll_15</name>
         <value>0xb024</value>
         <object_component_ref idref="oc-76d"/>
      </symbol>
      <symbol id="sm-8c2">
         <name>__mspabi_slll_14</name>
         <value>0xb028</value>
         <object_component_ref idref="oc-76d"/>
      </symbol>
      <symbol id="sm-8c3">
         <name>__mspabi_slll_13</name>
         <value>0xb02c</value>
         <object_component_ref idref="oc-76d"/>
      </symbol>
      <symbol id="sm-8c4">
         <name>__mspabi_slll_12</name>
         <value>0xb030</value>
         <object_component_ref idref="oc-76d"/>
      </symbol>
      <symbol id="sm-8c5">
         <name>__mspabi_slll_11</name>
         <value>0xb034</value>
         <object_component_ref idref="oc-76d"/>
      </symbol>
      <symbol id="sm-8c6">
         <name>__mspabi_slll_10</name>
         <value>0xb038</value>
         <object_component_ref idref="oc-76d"/>
      </symbol>
      <symbol id="sm-8d6">
         <name>__mspabi_sral</name>
         <value>0xb388</value>
         <object_component_ref idref="oc-7e4"/>
      </symbol>
      <symbol id="sm-8d7">
         <name>__mspabi_sral_15</name>
         <value>0xafe6</value>
         <object_component_ref idref="oc-7ce"/>
      </symbol>
      <symbol id="sm-8d8">
         <name>__mspabi_sral_14</name>
         <value>0xafea</value>
         <object_component_ref idref="oc-7ce"/>
      </symbol>
      <symbol id="sm-8d9">
         <name>__mspabi_sral_13</name>
         <value>0xafee</value>
         <object_component_ref idref="oc-7ce"/>
      </symbol>
      <symbol id="sm-8da">
         <name>__mspabi_sral_12</name>
         <value>0xaff2</value>
         <object_component_ref idref="oc-7ce"/>
      </symbol>
      <symbol id="sm-8db">
         <name>__mspabi_sral_11</name>
         <value>0xaff6</value>
         <object_component_ref idref="oc-7ce"/>
      </symbol>
      <symbol id="sm-8dc">
         <name>__mspabi_sral_10</name>
         <value>0xaffa</value>
         <object_component_ref idref="oc-7ce"/>
      </symbol>
      <symbol id="sm-8dd">
         <name>__mspabi_sral_8</name>
         <value>0xb002</value>
         <object_component_ref idref="oc-7ce"/>
      </symbol>
      <symbol id="sm-8de">
         <name>__mspabi_sral_9</name>
         <value>0xaffe</value>
         <object_component_ref idref="oc-7ce"/>
      </symbol>
      <symbol id="sm-8df">
         <name>__mspabi_sral_6</name>
         <value>0xb00a</value>
         <object_component_ref idref="oc-7ce"/>
      </symbol>
      <symbol id="sm-8e0">
         <name>__mspabi_sral_7</name>
         <value>0xb006</value>
         <object_component_ref idref="oc-7ce"/>
      </symbol>
      <symbol id="sm-8e1">
         <name>__mspabi_sral_4</name>
         <value>0xb012</value>
         <object_component_ref idref="oc-7ce"/>
      </symbol>
      <symbol id="sm-8e2">
         <name>__mspabi_sral_5</name>
         <value>0xb00e</value>
         <object_component_ref idref="oc-7ce"/>
      </symbol>
      <symbol id="sm-8e3">
         <name>__mspabi_sral_2</name>
         <value>0xb01a</value>
         <object_component_ref idref="oc-7ce"/>
      </symbol>
      <symbol id="sm-8e4">
         <name>__mspabi_sral_3</name>
         <value>0xb016</value>
         <object_component_ref idref="oc-7ce"/>
      </symbol>
      <symbol id="sm-8e5">
         <name>__mspabi_sral_1</name>
         <value>0xb01e</value>
         <object_component_ref idref="oc-7ce"/>
      </symbol>
      <symbol id="sm-8f5">
         <name>__mspabi_srll_8</name>
         <value>0xb07e</value>
         <object_component_ref idref="oc-77d"/>
      </symbol>
      <symbol id="sm-8f6">
         <name>__mspabi_srll_9</name>
         <value>0xb07a</value>
         <object_component_ref idref="oc-77d"/>
      </symbol>
      <symbol id="sm-8f7">
         <name>__mspabi_srll_6</name>
         <value>0xb086</value>
         <object_component_ref idref="oc-77d"/>
      </symbol>
      <symbol id="sm-8f8">
         <name>__mspabi_srll_7</name>
         <value>0xb082</value>
         <object_component_ref idref="oc-77d"/>
      </symbol>
      <symbol id="sm-8f9">
         <name>__mspabi_srll_4</name>
         <value>0xb08e</value>
         <object_component_ref idref="oc-77d"/>
      </symbol>
      <symbol id="sm-8fa">
         <name>__mspabi_srll_5</name>
         <value>0xb08a</value>
         <object_component_ref idref="oc-77d"/>
      </symbol>
      <symbol id="sm-8fb">
         <name>__mspabi_srll_2</name>
         <value>0xb096</value>
         <object_component_ref idref="oc-77d"/>
      </symbol>
      <symbol id="sm-8fc">
         <name>__mspabi_srll_3</name>
         <value>0xb092</value>
         <object_component_ref idref="oc-77d"/>
      </symbol>
      <symbol id="sm-8fd">
         <name>__mspabi_srll_1</name>
         <value>0xb09a</value>
         <object_component_ref idref="oc-77d"/>
      </symbol>
      <symbol id="sm-8fe">
         <name>__mspabi_srll_15</name>
         <value>0xb062</value>
         <object_component_ref idref="oc-77d"/>
      </symbol>
      <symbol id="sm-8ff">
         <name>__mspabi_srll_14</name>
         <value>0xb066</value>
         <object_component_ref idref="oc-77d"/>
      </symbol>
      <symbol id="sm-900">
         <name>__mspabi_srll_13</name>
         <value>0xb06a</value>
         <object_component_ref idref="oc-77d"/>
      </symbol>
      <symbol id="sm-901">
         <name>__mspabi_srll_12</name>
         <value>0xb06e</value>
         <object_component_ref idref="oc-77d"/>
      </symbol>
      <symbol id="sm-902">
         <name>__mspabi_srll_11</name>
         <value>0xb072</value>
         <object_component_ref idref="oc-77d"/>
      </symbol>
      <symbol id="sm-903">
         <name>__mspabi_srll_10</name>
         <value>0xb076</value>
         <object_component_ref idref="oc-77d"/>
      </symbol>
      <symbol id="sm-904">
         <name>__mspabi_srll</name>
         <value>0xb3a8</value>
         <object_component_ref idref="oc-791"/>
      </symbol>
      <symbol id="sm-915">
         <name>_c_int00_noargs_mpu</name>
         <value>0xb3f8</value>
         <object_component_ref idref="oc-4d0"/>
      </symbol>
      <symbol id="sm-916">
         <name>_stack</name>
         <value>0x2f60</value>
         <object_component_ref idref="oc-480"/>
      </symbol>
      <symbol id="sm-917">
         <name>_reset_vector</name>
         <value>0xfffe</value>
         <object_component_ref idref="oc-483"/>
      </symbol>
      <symbol id="sm-925">
         <name>__mpu_init</name>
         <value>0xb0a0</value>
         <object_component_ref idref="oc-513"/>
      </symbol>
      <symbol id="sm-948">
         <name>__TI_auto_init_nobinit_nopinit_hold_wdt</name>
         <value>0xac5a</value>
         <object_component_ref idref="oc-5a3"/>
      </symbol>
      <symbol id="sm-951">
         <name>_system_post_cinit</name>
         <value>0xb3f6</value>
         <object_component_ref idref="oc-66d"/>
      </symbol>
      <symbol id="sm-95a">
         <name>_system_pre_init</name>
         <value>0xb3f2</value>
         <object_component_ref idref="oc-4fb"/>
      </symbol>
      <symbol id="sm-966">
         <name>C$$EXIT</name>
         <value>0xb3e0</value>
         <object_component_ref idref="oc-57f"/>
      </symbol>
      <symbol id="sm-967">
         <name>abort</name>
         <value>0xb3e0</value>
         <object_component_ref idref="oc-57f"/>
      </symbol>
      <symbol id="sm-979">
         <name>memset</name>
         <value>0xb33c</value>
         <object_component_ref idref="oc-75d"/>
      </symbol>
   </symbol_table>
   <title>Link successful</title>
</link_info>
